Loading matlab/R2024b
  Loading requirement: pre-module post-module
Loading matlab/R2024b
  Loading requirement: pre-module post-module
Loading matlab/R2024b
  Loading requirement: pre-module post-module
A total of 0377 not processed HLS images at /gpfs/sharedfs1/zhulab/Kexin/DataHLSv2.0/
At task# 199/208 to process -19 images
A total of 0377 not processed HLS images at /gpfs/sharedfs1/zhulab/Kexin/DataHLSv2.0/
At task# 200/208 to process -21 images
A total of 0377 not processed HLS images at /gpfs/sharedfs1/zhulab/Kexin/DataHLSv2.0/
At task# 201/208 to process -23 images
A total of 0374 not processed HLS images at /gpfs/sharedfs1/zhulab/Kexin/DataHLSv2.0/
At task# 197/208 to process -18 images
A total of 0373 not processed HLS images at /gpfs/sharedfs1/zhulab/Kexin/DataHLSv2.0/
At task# 189/208 to process -3 images

                            < M A T L A B (R) >
                  Copyright 1984-2024 The MathWorks, Inc.
             R2024b Update 1 (24.2.0.2740171) 64-bit (glnxa64)
                             September 20, 2024


                            < M A T L A B (R) >
                  Copyright 1984-2024 The MathWorks, Inc.
             R2024b Update 1 (24.2.0.2740171) 64-bit (glnxa64)
                             September 20, 2024

 
To get started, type doc.
For product information, visit www.mathworks.com.
 
 
To get started, type doc.
For product information, visit www.mathworks.com.
 
Start to stack ARD Tile 18TXM
Start to stack ARD Tile 18TXM
Finished 33.33 percent at task# 109/208 with total 9.15 mins
Finished 33.33 percent at task# 110/208 with total 9.30 mins
Finished 33.33 percent at task# 55/208 with total 12.75 mins
Finished 33.33 percent at task# 56/208 with total 12.75 mins
Finished 33.33 percent at task# 112/208 with total 9.22 mins
Finished 33.33 percent at task# 111/208 with total 9.22 mins
Finished 33.33 percent at task# 114/208 with total 8.94 mins

                            < M A T L A B (R) >
                  Copyright 1984-2024 The MathWorks, Inc.
             R2024b Update 1 (24.2.0.2740171) 64-bit (glnxa64)
                             September 20, 2024

Finished 33.33 percent at task# 8/208 with total 10.70 mins
Finished 33.33 percent at task# 10/208 with total 12.22 mins
 
To get started, type doc.
For product information, visit www.mathworks.com.
 
Start to stack ARD Tile 18TXM
Finished 33.33 percent at task# 127/208 with total 8.72 mins
Finished 33.33 percent at task# 121/208 with total 8.93 mins
Finished 33.33 percent at task# 128/208 with total 8.76 mins
Finished 33.33 percent at task# 136/208 with total 8.43 mins
Finished 33.33 percent at task# 134/208 with total 8.60 mins
Finished 33.33 percent at task# 139/208 with total 8.35 mins
Finished 33.33 percent at task# 135/208 with total 8.62 mins
Finished 50.00 percent at task# 171/208 with total 2.07 mins
Finished 50.00 percent at task# 180/208 with total 3.22 mins
Finished 33.33 percent at task# 138/208 with total 8.37 mins
An unexpected error has occurred.
To resolve this issue, contact <a href="https://www.mathworks.com/pi_gene_mci_glnxa64">Technical Support</a>.
Finished 33.33 percent at task# 120/208 with total 9.44 mins
Finished 33.33 percent at task# 119/208 with total 9.44 mins
Finished 33.33 percent at task# 126/208 with total 9.16 mins
Finished 33.33 percent at task# 118/208 with total 9.45 mins
Finished 33.33 percent at task# 115/208 with total 9.44 mins
Finished 33.33 percent at task# 117/208 with total 9.45 mins
Finished 33.33 percent at task# 133/208 with total 8.72 mins
Finished 33.33 percent at task# 123/208 with total 9.35 mins
Finished 33.33 percent at task# 116/208 with total 9.46 mins
Finished 33.33 percent at task# 132/208 with total 8.77 mins
A total of 0358 not processed HLS images at /gpfs/sharedfs1/zhulab/Kexin/DataHLSv2.0/
At task# 206/208 to process -52 images
A total of 0358 not processed HLS images at /gpfs/sharedfs1/zhulab/Kexin/DataHLSv2.0/
At task# 208/208 to process -56 images
Finished 33.33 percent at task# 125/208 with total 9.26 mins
Finished 33.33 percent at task# 124/208 with total 9.26 mins

                            < M A T L A B (R) >
                  Copyright 1984-2024 The MathWorks, Inc.
             R2024b Update 1 (24.2.0.2740171) 64-bit (glnxa64)
                             September 20, 2024


                            < M A T L A B (R) >
                  Copyright 1984-2024 The MathWorks, Inc.
             R2024b Update 1 (24.2.0.2740171) 64-bit (glnxa64)
                             September 20, 2024


                            < M A T L A B (R) >
                  Copyright 1984-2024 The MathWorks, Inc.
             R2024b Update 1 (24.2.0.2740171) 64-bit (glnxa64)
                             September 20, 2024

Finished 33.33 percent at task# 140/208 with total 8.51 mins
Finished 33.33 percent at task# 141/208 with total 8.50 mins
A total of 0344 not processed HLS images at /gpfs/sharedfs1/zhulab/Kexin/DataHLSv2.0/
At task# 207/208 to process -68 images
 
 
 
To get started, type doc.
To get started, type doc.
To get started, type doc.
For product information, visit www.mathworks.com.
For product information, visit www.mathworks.com.
For product information, visit www.mathworks.com.
 
 
 
Finished 33.33 percent at task# 104/208 with total 8.85 mins
Finished 33.33 percent at task# 103/208 with total 8.84 mins
Start to stack ARD Tile 18TXM
Start to stack ARD Tile 18TXM
Start to stack ARD Tile 18TXM
Finished 33.33 percent at task# 106/208 with total 8.49 mins
Finished 33.33 percent at task# 131/208 with total 9.09 mins
Finished 33.33 percent at task# 130/208 with total 9.09 mins
Finished 33.33 percent at task# 95/208 with total 11.87 mins
Finished 33.33 percent at task# 96/208 with total 11.85 mins
An unexpected error has occurred.
To resolve this issue, contact <a href="https://www.mathworks.com/pi_gene_mci_glnxa64">Technical Support</a>.
Finished 33.33 percent at task# 75/208 with total 12.69 mins
Finished 33.33 percent at task# 108/208 with total 8.88 mins
Finished 33.33 percent at task# 107/208 with total 8.88 mins
Finished 33.33 percent at task# 146/208 with total 8.71 mins
Finished 33.33 percent at task# 144/208 with total 8.74 mins
Finished 33.33 percent at task# 143/208 with total 8.84 mins
Finished 50.00 percent at task# 185/208 with total 4.02 mins
Finished 50.00 percent at task# 184/208 with total 3.97 mins
Finished 33.33 percent at task# 145/208 with total 8.69 mins
Finished 33.33 percent at task# 94/208 with total 12.36 mins
An unexpected error has occurred.
To resolve this issue, contact <a href="https://www.mathworks.com/pi_gene_mci_glnxa64">Technical Support</a>.
A total of 0330 not processed HLS images at /gpfs/sharedfs1/zhulab/Kexin/DataHLSv2.0/
At task# 204/208 to process -76 images
A total of 0330 not processed HLS images at /gpfs/sharedfs1/zhulab/Kexin/DataHLSv2.0/
A total of 0330 not processed HLS images at /gpfs/sharedfs1/zhulab/Kexin/DataHLSv2.0/
At task# 205/208 to process -78 images
At task# 203/208 to process -74 images
Finished 33.33 percent at task# 98/208 with total 11.83 mins
Finished 50.00 percent at task# 193/208 with total 3.54 mins
Finished 50.00 percent at task# 191/208 with total 3.27 mins
Finished 33.33 percent at task# 152/208 with total 8.80 mins
An unexpected error has occurred.
To resolve this issue, contact <a href="https://www.mathworks.com/pi_gene_mci_glnxa64">Technical Support</a>.
An unexpected error has occurred.
To resolve this issue, contact <a href="https://www.mathworks.com/pi_gene_mci_glnxa64">Technical Support</a>.
Finished 33.33 percent at task# 151/208 with total 8.88 mins
Finished 33.33 percent at task# 147/208 with total 9.25 mins
Finished 33.33 percent at task# 148/208 with total 9.25 mins
An unexpected error has occurred.
To resolve this issue, contact <a href="https://www.mathworks.com/pi_gene_mci_glnxa64">Technical Support</a>.
Finished 66.67 percent at task# 16/208 with total 18.81 mins
Finished 66.67 percent at task# 30/208 with total 17.89 mins
Finished 66.67 percent at task# 35/208 with total 17.49 mins
Finished 66.67 percent at task# 1/208 with total 19.39 mins
Finished 66.67 percent at task# 4/208 with total 19.43 mins
Finished 66.67 percent at task# 2/208 with total 19.39 mins
Finished 66.67 percent at task# 6/208 with total 19.44 mins
Finished 66.67 percent at task# 13/208 with total 18.81 mins
Finished 66.67 percent at task# 11/208 with total 18.97 mins
Finished 66.67 percent at task# 31/208 with total 17.99 mins
Finished 66.67 percent at task# 32/208 with total 18.17 mins
Finished 66.67 percent at task# 18/208 with total 18.44 mins
Finished 66.67 percent at task# 34/208 with total 17.47 mins
Finished 66.67 percent at task# 26/208 with total 18.25 mins
Finished 66.67 percent at task# 27/208 with total 18.12 mins
Finished 66.67 percent at task# 29/208 with total 18.05 mins
Finished 66.67 percent at task# 28/208 with total 18.19 mins
Finished 66.67 percent at task# 5/208 with total 19.63 mins
Finished 66.67 percent at task# 14/208 with total 19.18 mins
Finished 66.67 percent at task# 3/208 with total 19.46 mins
Finished 66.67 percent at task# 15/208 with total 19.63 mins
Finished 66.67 percent at task# 40/208 with total 18.06 mins
Finished 66.67 percent at task# 23/208 with total 19.48 mins
Finished 66.67 percent at task# 24/208 with total 19.37 mins
Finished 66.67 percent at task# 36/208 with total 18.28 mins
Finished 66.67 percent at task# 49/208 with total 17.68 mins
Finished 66.67 percent at task# 53/208 with total 17.76 mins
Finished 66.67 percent at task# 54/208 with total 17.77 mins
Finished 66.67 percent at task# 63/208 with total 17.22 mins
Finished 66.67 percent at task# 47/208 with total 18.36 mins
Finished 66.67 percent at task# 64/208 with total 17.31 mins
Finished 66.67 percent at task# 48/208 with total 18.44 mins
Finished 66.67 percent at task# 46/208 with total 18.48 mins
Finished 33.33 percent at task# 149/208 with total 11.27 mins
Finished 66.67 percent at task# 67/208 with total 17.34 mins
Finished 66.67 percent at task# 12/208 with total 20.51 mins
Finished 66.67 percent at task# 50/208 with total 18.20 mins
Finished 66.67 percent at task# 58/208 with total 17.93 mins
Finished 66.67 percent at task# 59/208 with total 17.90 mins
Finished 66.67 percent at task# 42/208 with total 18.99 mins
Finished 66.67 percent at task# 43/208 with total 18.99 mins
Finished 66.67 percent at task# 79/208 with total 17.18 mins
Finished 66.67 percent at task# 80/208 with total 17.10 mins
Finished 66.67 percent at task# 7/208 with total 21.70 mins
Finished 50.00 percent at task# 178/208 with total 8.89 mins
Finished 50.00 percent at task# 173/208 with total 8.30 mins
Finished 100.00 percent at task# 178/208 with total 9.07 mins
Finished 100.00 percent at task# 173/208 with total 8.50 mins
Finished 33.33 percent at task# 142/208 with total 12.74 mins
Finished 66.67 percent at task# 132/208 with total 14.19 mins
Finished 50.00 percent at task# 177/208 with total 9.24 mins
Finished 66.67 percent at task# 87/208 with total 17.28 mins
Finished 66.67 percent at task# 81/208 with total 17.27 mins
Finished 66.67 percent at task# 39/208 with total 20.00 mins
Finished 100.00 percent at task# 132/208 with total 14.35 mins
Finished 100.00 percent at task# 177/208 with total 9.43 mins
Finished 66.67 percent at task# 88/208 with total 17.33 mins
Finished 66.67 percent at task# 78/208 with total 17.69 mins
Finished 66.67 percent at task# 38/208 with total 20.16 mins
Finished 66.67 percent at task# 37/208 with total 19.96 mins
Finished 50.00 percent at task# 186/208 with total 8.97 mins
Finished 66.67 percent at task# 141/208 with total 14.36 mins
Finished 50.00 percent at task# 183/208 with total 9.05 mins
Finished 50.00 percent at task# 181/208 with total 9.46 mins
Finished 100.00 percent at task# 186/208 with total 9.14 mins
Finished 66.67 percent at task# 71/208 with total 17.35 mins
Finished 100.00 percent at task# 181/208 with total 9.65 mins
Finished 66.67 percent at task# 66/208 with total 19.17 mins
Finished 66.67 percent at task# 70/208 with total 17.75 mins
Finished 66.67 percent at task# 72/208 with total 17.68 mins
Finished 66.67 percent at task# 92/208 with total 18.14 mins
Finished 66.67 percent at task# 93/208 with total 18.09 mins
Finished 66.67 percent at task# 73/208 with total 17.31 mins
Finished 66.67 percent at task# 130/208 with total 15.71 mins
Finished 50.00 percent at task# 172/208 with total 10.27 mins
Finished 66.67 percent at task# 146/208 with total 14.71 mins
Finished 50.00 percent at task# 187/208 with total 9.27 mins
Finished 66.67 percent at task# 142/208 with total 14.52 mins
Finished 50.00 percent at task# 182/208 with total 9.57 mins
Finished 50.00 percent at task# 188/208 with total 9.36 mins
Finished 66.67 percent at task# 148/208 with total 14.76 mins
Finished 100.00 percent at task# 192/208 with total 9.08 mins
Finished 66.67 percent at task# 62/208 with total 20.31 mins
Finished 66.67 percent at task# 60/208 with total 20.49 mins
Finished 66.67 percent at task# 61/208 with total 20.64 mins
Finished 66.67 percent at task# 68/208 with total 18.39 mins
Finished 66.67 percent at task# 69/208 with total 18.39 mins
Finished 66.67 percent at task# 90/208 with total 18.64 mins
Finished 66.67 percent at task# 91/208 with total 18.70 mins
Finished 66.67 percent at task# 9/208 with total 23.83 mins
Finished 66.67 percent at task# 85/208 with total 19.73 mins
Finished 66.67 percent at task# 99/208 with total 18.53 mins
Finished 66.67 percent at task# 83/208 with total 19.87 mins
Finished 66.67 percent at task# 100/208 with total 18.66 mins
Finished 66.67 percent at task# 102/208 with total 18.76 mins
Finished 66.67 percent at task# 101/208 with total 18.77 mins
Finished 66.67 percent at task# 151/208 with total 15.51 mins
Finished 50.00 percent at task# 190/208 with total 9.88 mins
Finished 66.67 percent at task# 84/208 with total 20.10 mins
Finished 66.67 percent at task# 109/208 with total 18.29 mins
Finished 66.67 percent at task# 86/208 with total 20.08 mins
Finished 66.67 percent at task# 136/208 with total 17.06 mins
Finished 66.67 percent at task# 110/208 with total 18.56 mins
Finished 66.67 percent at task# 111/208 with total 18.41 mins
Finished 66.67 percent at task# 139/208 with total 17.12 mins
Finished 66.67 percent at task# 112/208 with total 18.58 mins
Finished 66.67 percent at task# 114/208 with total 18.27 mins
Finished 100.00 percent at task# 180/208 with total 12.01 mins
Finished 66.67 percent at task# 134/208 with total 17.52 mins
Finished 66.67 percent at task# 135/208 with total 17.52 mins
Finished 100.00 percent at task# 171/208 with total 10.96 mins
Finished 100.00 percent at task# 138/208 with total 17.36 mins
Finished 66.67 percent at task# 121/208 with total 18.18 mins
Finished 66.67 percent at task# 140/208 with total 17.24 mins
Finished 66.67 percent at task# 127/208 with total 18.03 mins
Finished 66.67 percent at task# 128/208 with total 18.06 mins
Finished 66.67 percent at task# 120/208 with total 18.51 mins
Finished 66.67 percent at task# 103/208 with total 17.65 mins
Finished 66.67 percent at task# 106/208 with total 17.25 mins
Finished 66.67 percent at task# 104/208 with total 17.69 mins
Finished 66.67 percent at task# 118/208 with total 18.60 mins
Finished 66.67 percent at task# 125/208 with total 18.30 mins
Finished 66.67 percent at task# 126/208 with total 18.31 mins
Finished 66.67 percent at task# 115/208 with total 18.65 mins
Finished 66.67 percent at task# 117/208 with total 18.66 mins
Finished 66.67 percent at task# 119/208 with total 18.70 mins
Finished 66.67 percent at task# 124/208 with total 18.40 mins
Finished 66.67 percent at task# 116/208 with total 18.72 mins
Finished 66.67 percent at task# 123/208 with total 18.61 mins
Finished 66.67 percent at task# 56/208 with total 22.69 mins
Finished 66.67 percent at task# 55/208 with total 22.69 mins
Finished 66.67 percent at task# 133/208 with total 18.06 mins
Finished 66.67 percent at task# 108/208 with total 17.59 mins
Finished 66.67 percent at task# 107/208 with total 17.66 mins
Finished 66.67 percent at task# 19/208 with total 23.13 mins
Finished 50.00 percent at task# 179/208 with total 12.90 mins
Finished 66.67 percent at task# 131/208 with total 18.50 mins
Finished 66.67 percent at task# 52/208 with total 23.71 mins
Finished 66.67 percent at task# 51/208 with total 23.71 mins
Finished 100.00 percent at task# 184/208 with total 12.90 mins
Finished 66.67 percent at task# 143/208 with total 17.78 mins
Finished 100.00 percent at task# 185/208 with total 12.96 mins
Finished 66.67 percent at task# 144/208 with total 17.83 mins
Finished 66.67 percent at task# 145/208 with total 17.68 mins
Finished 66.67 percent at task# 10/208 with total 22.90 mins
Finished 66.67 percent at task# 20/208 with total 23.68 mins
Finished 100.00 percent at task# 143/208 with total 17.99 mins
Finished 100.00 percent at task# 193/208 with total 12.53 mins
Finished 66.67 percent at task# 152/208 with total 17.79 mins
Finished 100.00 percent at task# 191/208 with total 12.27 mins
Finished 66.67 percent at task# 75/208 with total 22.77 mins
Finished 66.67 percent at task# 76/208 with total 22.96 mins
Finished 66.67 percent at task# 77/208 with total 22.85 mins
Finished 100.00 percent at task# 152/208 with total 17.99 mins
Finished 66.67 percent at task# 96/208 with total 22.48 mins
Finished 66.67 percent at task# 95/208 with total 22.50 mins
Finished 66.67 percent at task# 94/208 with total 22.90 mins
Finished 66.67 percent at task# 98/208 with total 22.32 mins
Finished 100.00 percent at task# 30/208 with total 27.08 mins
Finished 100.00 percent at task# 35/208 with total 26.84 mins
Finished 100.00 percent at task# 1/208 with total 28.73 mins
Finished 100.00 percent at task# 6/208 with total 28.77 mins
Finished 100.00 percent at task# 16/208 with total 28.23 mins
Finished 100.00 percent at task# 4/208 with total 28.85 mins
Finished 100.00 percent at task# 2/208 with total 28.80 mins
Finished 100.00 percent at task# 11/208 with total 28.42 mins
Finished 100.00 percent at task# 34/208 with total 26.83 mins
Finished 100.00 percent at task# 18/208 with total 28.03 mins
Finished 100.00 percent at task# 13/208 with total 28.46 mins
Finished 100.00 percent at task# 31/208 with total 27.67 mins
Finished 100.00 percent at task# 32/208 with total 27.86 mins
Finished 66.67 percent at task# 21/208 with total 27.75 mins
Finished 66.67 percent at task# 22/208 with total 27.75 mins
Finished 100.00 percent at task# 29/208 with total 27.82 mins
Finished 100.00 percent at task# 28/208 with total 27.97 mins
Finished 100.00 percent at task# 26/208 with total 28.11 mins
Finished 100.00 percent at task# 27/208 with total 27.99 mins
Finished 100.00 percent at task# 5/208 with total 29.33 mins
Finished 100.00 percent at task# 3/208 with total 29.29 mins
Finished 100.00 percent at task# 15/208 with total 29.36 mins
Finished 100.00 percent at task# 40/208 with total 27.68 mins
Finished 100.00 percent at task# 63/208 with total 26.57 mins
Finished 100.00 percent at task# 64/208 with total 26.74 mins
Finished 66.67 percent at task# 147/208 with total 21.21 mins
Finished 100.00 percent at task# 67/208 with total 26.62 mins
Finished 100.00 percent at task# 49/208 with total 27.73 mins
Finished 100.00 percent at task# 14/208 with total 30.21 mins
Finished 100.00 percent at task# 24/208 with total 29.94 mins
Finished 100.00 percent at task# 23/208 with total 30.05 mins
Finished 100.00 percent at task# 53/208 with total 27.85 mins
Finished 100.00 percent at task# 36/208 with total 28.61 mins
Finished 100.00 percent at task# 54/208 with total 27.94 mins
Finished 100.00 percent at task# 79/208 with total 26.62 mins
Finished 100.00 percent at task# 80/208 with total 26.46 mins
Finished 100.00 percent at task# 58/208 with total 27.53 mins
Finished 100.00 percent at task# 59/208 with total 27.53 mins
Finished 100.00 percent at task# 42/208 with total 28.78 mins
Finished 100.00 percent at task# 43/208 with total 28.81 mins
Finished 100.00 percent at task# 12/208 with total 30.61 mins
Finished 100.00 percent at task# 50/208 with total 28.31 mins
Finished 66.67 percent at task# 45/208 with total 27.45 mins
Finished 66.67 percent at task# 44/208 with total 27.46 mins
Finished 100.00 percent at task# 7/208 with total 31.62 mins
Finished 100.00 percent at task# 87/208 with total 26.77 mins
Finished 100.00 percent at task# 81/208 with total 26.80 mins
Finished 100.00 percent at task# 47/208 with total 29.33 mins
Finished 100.00 percent at task# 48/208 with total 29.33 mins
Finished 100.00 percent at task# 88/208 with total 26.86 mins
Finished 100.00 percent at task# 46/208 with total 29.45 mins
Finished 66.67 percent at task# 8/208 with total 26.51 mins
Finished 100.00 percent at task# 183/208 with total 18.30 mins
Finished 100.00 percent at task# 141/208 with total 23.62 mins
Finished 100.00 percent at task# 78/208 with total 27.38 mins
Finished 100.00 percent at task# 71/208 with total 26.97 mins
Finished 100.00 percent at task# 39/208 with total 30.50 mins
An unexpected error has occurred.
To resolve this issue, contact <a href="https://www.mathworks.com/pi_gene_mci_glnxa64">Technical Support</a>.
Finished 100.00 percent at task# 38/208 with total 30.62 mins
Finished 100.00 percent at task# 37/208 with total 30.47 mins
Finished 100.00 percent at task# 70/208 with total 27.29 mins
Finished 100.00 percent at task# 72/208 with total 27.40 mins
Finished 100.00 percent at task# 73/208 with total 26.93 mins
Finished 100.00 percent at task# 93/208 with total 28.01 mins
Finished 100.00 percent at task# 92/208 with total 28.09 mins
Finished 100.00 percent at task# 66/208 with total 29.39 mins
Finished 100.00 percent at task# 146/208 with total 24.60 mins
Finished 100.00 percent at task# 187/208 with total 19.16 mins
Finished 100.00 percent at task# 130/208 with total 25.77 mins
Finished 100.00 percent at task# 172/208 with total 20.34 mins
Finished 66.67 percent at task# 149/208 with total 24.06 mins
Finished 100.00 percent at task# 182/208 with total 19.88 mins
Finished 100.00 percent at task# 62/208 with total 30.40 mins
Finished 100.00 percent at task# 60/208 with total 30.44 mins
Finished 100.00 percent at task# 142/208 with total 24.89 mins
Finished 100.00 percent at task# 188/208 with total 19.59 mins
Finished 100.00 percent at task# 148/208 with total 24.98 mins
Finished 100.00 percent at task# 61/208 with total 30.71 mins
Finished 100.00 percent at task# 69/208 with total 28.41 mins
Finished 100.00 percent at task# 68/208 with total 28.48 mins
Finished 100.00 percent at task# 85/208 with total 29.58 mins
Finished 100.00 percent at task# 90/208 with total 28.97 mins
Finished 100.00 percent at task# 91/208 with total 29.03 mins
Finished 100.00 percent at task# 83/208 with total 29.80 mins
Finished 100.00 percent at task# 136/208 with total 26.73 mins
Finished 100.00 percent at task# 84/208 with total 30.01 mins
Finished 100.00 percent at task# 151/208 with total 25.46 mins
Finished 100.00 percent at task# 190/208 with total 19.83 mins
Finished 100.00 percent at task# 86/208 with total 29.95 mins
Finished 100.00 percent at task# 139/208 with total 26.84 mins
Finished 100.00 percent at task# 99/208 with total 28.94 mins
Finished 100.00 percent at task# 134/208 with total 27.20 mins
Finished 100.00 percent at task# 102/208 with total 29.03 mins
Finished 100.00 percent at task# 135/208 with total 27.28 mins
Finished 100.00 percent at task# 140/208 with total 26.97 mins
Finished 100.00 percent at task# 101/208 with total 29.32 mins
Finished 100.00 percent at task# 100/208 with total 29.33 mins
Finished 100.00 percent at task# 111/208 with total 28.74 mins
Finished 100.00 percent at task# 106/208 with total 27.09 mins
Finished 100.00 percent at task# 110/208 with total 28.96 mins
Finished 100.00 percent at task# 109/208 with total 28.81 mins
Finished 100.00 percent at task# 112/208 with total 28.97 mins
Finished 100.00 percent at task# 114/208 with total 28.66 mins
Finished 100.00 percent at task# 104/208 with total 27.72 mins
Finished 100.00 percent at task# 121/208 with total 28.43 mins
Finished 100.00 percent at task# 103/208 with total 27.75 mins
Finished 100.00 percent at task# 108/208 with total 27.48 mins
Finished 100.00 percent at task# 107/208 with total 27.62 mins
Finished 100.00 percent at task# 9/208 with total 35.62 mins
Finished 100.00 percent at task# 127/208 with total 28.78 mins
Finished 100.00 percent at task# 128/208 with total 28.78 mins
Finished 100.00 percent at task# 133/208 with total 28.50 mins
Finished 100.00 percent at task# 131/208 with total 28.98 mins
Finished 100.00 percent at task# 144/208 with total 28.31 mins
Finished 100.00 percent at task# 145/208 with total 28.16 mins
Finished 100.00 percent at task# 125/208 with total 29.83 mins
Finished 100.00 percent at task# 120/208 with total 30.23 mins
Finished 100.00 percent at task# 118/208 with total 30.32 mins
Finished 100.00 percent at task# 115/208 with total 30.32 mins
Finished 100.00 percent at task# 126/208 with total 30.05 mins
Finished 100.00 percent at task# 52/208 with total 34.66 mins
Finished 100.00 percent at task# 51/208 with total 34.66 mins
Finished 100.00 percent at task# 117/208 with total 30.46 mins
Finished 100.00 percent at task# 56/208 with total 34.46 mins
Finished 100.00 percent at task# 55/208 with total 34.46 mins
Finished 100.00 percent at task# 116/208 with total 30.52 mins
Finished 100.00 percent at task# 123/208 with total 30.40 mins
Finished 100.00 percent at task# 124/208 with total 30.37 mins
Finished 100.00 percent at task# 119/208 with total 30.71 mins
Finished 100.00 percent at task# 75/208 with total 34.09 mins
Finished 100.00 percent at task# 76/208 with total 34.27 mins
Finished 100.00 percent at task# 77/208 with total 34.17 mins
Finished 100.00 percent at task# 179/208 with total 25.72 mins
Finished 100.00 percent at task# 10/208 with total 35.54 mins
Finished 100.00 percent at task# 96/208 with total 34.36 mins
Finished 100.00 percent at task# 95/208 with total 34.38 mins
Finished 100.00 percent at task# 98/208 with total 33.76 mins
Finished 100.00 percent at task# 94/208 with total 34.35 mins
Finished 100.00 percent at task# 22/208 with total 39.15 mins
Finished 100.00 percent at task# 21/208 with total 39.15 mins
Finished 100.00 percent at task# 147/208 with total 31.47 mins
Finished 100.00 percent at task# 19/208 with total 40.31 mins
Finished 100.00 percent at task# 20/208 with total 40.30 mins
Finished 100.00 percent at task# 44/208 with total 39.68 mins
Finished 100.00 percent at task# 45/208 with total 39.76 mins
Finished 100.00 percent at task# 8/208 with total 38.41 mins
Finished 100.00 percent at task# 149/208 with total 35.39 mins
