Loading matlab/R2024b
  Loading requirement: pre-module post-moduleLoading matlab/R2024b
  Loading requirement: pre-module post-moduleLoading matlab/R2024b
  Loading requirement: pre-module post-moduleLoading matlab/R2024b
  Loading requirement: pre-module post-moduleLoading matlab/R2024b
  Loading requirement: pre-module post-moduleLoading matlab/R2024b
  Loading requirement: pre-module post-moduleLoading matlab/R2024b
  Loading requirement: pre-module post-moduleLoading matlab/R2024b
  Loading requirement: pre-module post-module
Loading matlab/R2024b
  Loading requirement: pre-module post-module
Loading matlab/R2024b
  Loading requirement: pre-module post-moduleLoading matlab/R2024b
  Loading requirement: pre-module post-moduleLoading matlab/R2024b
  Loading requirement: pre-module post-module
Loading matlab/R2024b
  Loading requirement: pre-module post-moduleLoading matlab/R2024b
  Loading requirement: pre-module post-module

Loading matlab/R2024b
  Loading requirement: pre-module post-module




Loading matlab/R2024b
  Loading requirement: pre-module post-module
Loading matlab/R2024b
  Loading requirement: pre-module post-module






                            < M A T L A B (R) >
                  Copyright 1984-2024 The MathWorks, Inc.
             R2024b Update 1 (24.2.0.2740171) 64-bit (glnxa64)
                             September 20, 2024


                            < M A T L A B (R) >
                  Copyright 1984-2024 The MathWorks, Inc.
             R2024b Update 1 (24.2.0.2740171) 64-bit (glnxa64)
                             September 20, 2024

 
To get started, type doc.
For product information, visit www.mathworks.com.
 
Start to stack ARD Tile 18TXM
 
To get started, type doc.
For product information, visit www.mathworks.com.
 
Start to stack ARD Tile 18TXM
A total of 0053 not processed HLS images at /gpfs/sharedfs1/zhulab/Kexin/DataHLSv2.0/
At task# 4/50 to process 2 images

                            < M A T L A B (R) >
                  Copyright 1984-2024 The MathWorks, Inc.
             R2024b Update 1 (24.2.0.2740171) 64-bit (glnxa64)
                             September 20, 2024


                            < M A T L A B (R) >
                  Copyright 1984-2024 The MathWorks, Inc.
             R2024b Update 1 (24.2.0.2740171) 64-bit (glnxa64)
                             September 20, 2024

A total of 0053 not processed HLS images at /gpfs/sharedfs1/zhulab/Kexin/DataHLSv2.0/
At task# 3/50 to process 2 images
 
 
To get started, type doc.
To get started, type doc.
For product information, visit www.mathworks.com.
For product information, visit www.mathworks.com.
 
 
Start to stack ARD Tile 18TXM
Start to stack ARD Tile 18TXM

                            < M A T L A B (R) >
                  Copyright 1984-2024 The MathWorks, Inc.
             R2024b Update 1 (24.2.0.2740171) 64-bit (glnxa64)
                             September 20, 2024


                            < M A T L A B (R) >
                  Copyright 1984-2024 The MathWorks, Inc.
             R2024b Update 1 (24.2.0.2740171) 64-bit (glnxa64)
                             September 20, 2024


                            < M A T L A B (R) >
                  Copyright 1984-2024 The MathWorks, Inc.
             R2024b Update 1 (24.2.0.2740171) 64-bit (glnxa64)
                             September 20, 2024


                            < M A T L A B (R) >
                  Copyright 1984-2024 The MathWorks, Inc.
             R2024b Update 1 (24.2.0.2740171) 64-bit (glnxa64)
                             September 20, 2024


                            < M A T L A B (R) >
                  Copyright 1984-2024 The MathWorks, Inc.
             R2024b Update 1 (24.2.0.2740171) 64-bit (glnxa64)
                             September 20, 2024


                            < M A T L A B (R) >
                  Copyright 1984-2024 The MathWorks, Inc.
             R2024b Update 1 (24.2.0.2740171) 64-bit (glnxa64)
                             September 20, 2024


                            < M A T L A B (R) >
                  Copyright 1984-2024 The MathWorks, Inc.
             R2024b Update 1 (24.2.0.2740171) 64-bit (glnxa64)
                             September 20, 2024


                            < M A T L A B (R) >
                  Copyright 1984-2024 The MathWorks, Inc.
             R2024b Update 1 (24.2.0.2740171) 64-bit (glnxa64)
                             September 20, 2024


                            < M A T L A B (R) >
                  Copyright 1984-2024 The MathWorks, Inc.
             R2024b Update 1 (24.2.0.2740171) 64-bit (glnxa64)
                             September 20, 2024


                            < M A T L A B (R) >
                  Copyright 1984-2024 The MathWorks, Inc.
             R2024b Update 1 (24.2.0.2740171) 64-bit (glnxa64)
                             September 20, 2024

A total of 0053 not processed HLS images at /gpfs/sharedfs1/zhulab/Kexin/DataHLSv2.0/
A total of 0053 not processed HLS images at /gpfs/sharedfs1/zhulab/Kexin/DataHLSv2.0/
At task# 6/50 to process 2 images
At task# 5/50 to process 2 images
 
 
 
 
 
 
 
 
 
To get started, type doc.
To get started, type doc.
To get started, type doc.
To get started, type doc.
To get started, type doc.
To get started, type doc.
To get started, type doc.
To get started, type doc.
For product information, visit www.mathworks.com.
To get started, type doc.
For product information, visit www.mathworks.com.
For product information, visit www.mathworks.com.
For product information, visit www.mathworks.com.
For product information, visit www.mathworks.com.
For product information, visit www.mathworks.com.
For product information, visit www.mathworks.com.
For product information, visit www.mathworks.com.
 
For product information, visit www.mathworks.com.
 
 
 
 
 
 
 
 

                            < M A T L A B (R) >
                  Copyright 1984-2024 The MathWorks, Inc.
             R2024b Update 1 (24.2.0.2740171) 64-bit (glnxa64)
                             September 20, 2024


                            < M A T L A B (R) >
                  Copyright 1984-2024 The MathWorks, Inc.
             R2024b Update 1 (24.2.0.2740171) 64-bit (glnxa64)
                             September 20, 2024


                            < M A T L A B (R) >
                  Copyright 1984-2024 The MathWorks, Inc.
             R2024b Update 1 (24.2.0.2740171) 64-bit (glnxa64)
                             September 20, 2024

 
To get started, type doc.
For product information, visit www.mathworks.com.
 
Start to stack ARD Tile 18TXM
Start to stack ARD Tile 18TXM
Start to stack ARD Tile 18TXM
Start to stack ARD Tile 18TXM
Start to stack ARD Tile 18TXM
Start to stack ARD Tile 18TXM
Start to stack ARD Tile 18TXM
Start to stack ARD Tile 18TXM
Start to stack ARD Tile 18TXM
 
 
To get started, type doc.
To get started, type doc.
For product information, visit www.mathworks.com.
For product information, visit www.mathworks.com.
 
 
 
To get started, type doc.
For product information, visit www.mathworks.com.
 
Start to stack ARD Tile 18TXM
Start to stack ARD Tile 18TXM
Start to stack ARD Tile 18TXM
Start to stack ARD Tile 18TXM

                            < M A T L A B (R) >
                  Copyright 1984-2024 The MathWorks, Inc.
             R2024b Update 1 (24.2.0.2740171) 64-bit (glnxa64)
                             September 20, 2024

A total of 0053 not processed HLS images at /gpfs/sharedfs1/zhulab/Kexin/DataHLSv2.0/
A total of 0053 not processed HLS images at /gpfs/sharedfs1/zhulab/Kexin/DataHLSv2.0/
A total of 0053 not processed HLS images at /gpfs/sharedfs1/zhulab/Kexin/DataHLSv2.0/
A total of 0053 not processed HLS images at /gpfs/sharedfs1/zhulab/Kexin/DataHLSv2.0/
A total of 0053 not processed HLS images at /gpfs/sharedfs1/zhulab/Kexin/DataHLSv2.0/
At task# 17/50 to process 2 images
A total of 0053 not processed HLS images at /gpfs/sharedfs1/zhulab/Kexin/DataHLSv2.0/
A total of 0053 not processed HLS images at /gpfs/sharedfs1/zhulab/Kexin/DataHLSv2.0/
At task# 20/50 to process 2 images
At task# 19/50 to process 2 images
At task# 18/50 to process 2 images
A total of 0053 not processed HLS images at /gpfs/sharedfs1/zhulab/Kexin/DataHLSv2.0/
At task# 23/50 to process 2 images
At task# 22/50 to process 2 images
At task# 24/50 to process 2 images
A total of 0053 not processed HLS images at /gpfs/sharedfs1/zhulab/Kexin/DataHLSv2.0/
At task# 15/50 to process 2 images
At task# 16/50 to process 2 images
A total of 0053 not processed HLS images at /gpfs/sharedfs1/zhulab/Kexin/DataHLSv2.0/
At task# 21/50 to process 2 images
A total of 0053 not processed HLS images at /gpfs/sharedfs1/zhulab/Kexin/DataHLSv2.0/
At task# 14/50 to process 2 images
 
To get started, type doc.
For product information, visit www.mathworks.com.
 
A total of 0053 not processed HLS images at /gpfs/sharedfs1/zhulab/Kexin/DataHLSv2.0/
At task# 7/50 to process 2 images
A total of 0053 not processed HLS images at /gpfs/sharedfs1/zhulab/Kexin/DataHLSv2.0/
At task# 1/50 to process 2 images
Start to stack ARD Tile 18TXM
A total of 0053 not processed HLS images at /gpfs/sharedfs1/zhulab/Kexin/DataHLSv2.0/
At task# 8/50 to process 2 images

                            < M A T L A B (R) >
                  Copyright 1984-2024 The MathWorks, Inc.
             R2024b Update 1 (24.2.0.2740171) 64-bit (glnxa64)
                             September 20, 2024

 
To get started, type doc.
For product information, visit www.mathworks.com.
 
Start to stack ARD Tile 18TXM
A total of 0053 not processed HLS images at /gpfs/sharedfs1/zhulab/Kexin/DataHLSv2.0/
At task# 2/50 to process 2 images
An error occurred while extracting product files.
Try rerunning the installer.

For help, see this <a href="https://www.mathworks.com/pi_ee_mci_glnxa64">support article</a>.
An error occurred while extracting product files.
Try rerunning the installer.

For help, see this <a href="https://www.mathworks.com/pi_ee_mci_glnxa64">support article</a>.
An error occurred while extracting product files.
Try rerunning the installer.

For help, see this <a href="https://www.mathworks.com/pi_ee_mci_glnxa64">support article</a>.
An error occurred while extracting product files.
Try rerunning the installer.

For help, see this <a href="https://www.mathworks.com/pi_ee_mci_glnxa64">support article</a>.
An error occurred while extracting product files.
Try rerunning the installer.

For help, see this <a href="https://www.mathworks.com/pi_ee_mci_glnxa64">support article</a>.
An error occurred while extracting product files.
Try rerunning the installer.

For help, see this <a href="https://www.mathworks.com/pi_ee_mci_glnxa64">support article</a>.
An error occurred while extracting product files.
Try rerunning the installer.

For help, see this <a href="https://www.mathworks.com/pi_ee_mci_glnxa64">support article</a>.
An error occurred while extracting product files.
Try rerunning the installer.

For help, see this <a href="https://www.mathworks.com/pi_ee_mci_glnxa64">support article</a>.
An error occurred while extracting product files.
Try rerunning the installer.

For help, see this <a href="https://www.mathworks.com/pi_ee_mci_glnxa64">support article</a>.
An error occurred while extracting product files.
Try rerunning the installer.

For help, see this <a href="https://www.mathworks.com/pi_ee_mci_glnxa64">support article</a>.
An unexpected error has occurred.
To resolve this issue, contact <a href="https://www.mathworks.com/pi_gene_mci_glnxa64">Technical Support</a>.
An error occurred while extracting product files.
Try rerunning the installer.

For help, see this <a href="https://www.mathworks.com/pi_ee_mci_glnxa64">support article</a>.
An error occurred while extracting product files.
Try rerunning the installer.

For help, see this <a href="https://www.mathworks.com/pi_ee_mci_glnxa64">support article</a>.
An unexpected error has occurred.
To resolve this issue, contact <a href="https://www.mathworks.com/pi_gene_mci_glnxa64">Technical Support</a>.
An error occurred while extracting product files.
Try rerunning the installer.

For help, see this <a href="https://www.mathworks.com/pi_ee_mci_glnxa64">support article</a>.
An error occurred while extracting product files.
Try rerunning the installer.

For help, see this <a href="https://www.mathworks.com/pi_ee_mci_glnxa64">support article</a>.
An error occurred while extracting product files.
Try rerunning the installer.

For help, see this <a href="https://www.mathworks.com/pi_ee_mci_glnxa64">support article</a>.
An error occurred while extracting product files.
Try rerunning the installer.

For help, see this <a href="https://www.mathworks.com/pi_ee_mci_glnxa64">support article</a>.
An error occurred while extracting product files.
Try rerunning the installer.

For help, see this <a href="https://www.mathworks.com/pi_ee_mci_glnxa64">support article</a>.
An error occurred while extracting product files.
Try rerunning the installer.

For help, see this <a href="https://www.mathworks.com/pi_ee_mci_glnxa64">support article</a>.
An error occurred while extracting product files.
Try rerunning the installer.

For help, see this <a href="https://www.mathworks.com/pi_ee_mci_glnxa64">support article</a>.
An unexpected error has occurred.
To resolve this issue, contact <a href="https://www.mathworks.com/pi_gene_mci_glnxa64">Technical Support</a>.
An unexpected error has occurred.
To resolve this issue, contact <a href="https://www.mathworks.com/pi_gene_mci_glnxa64">Technical Support</a>.
An error occurred while extracting product files.
Try rerunning the installer.

For help, see this <a href="https://www.mathworks.com/pi_ee_mci_glnxa64">support article</a>.
An error occurred while extracting product files.
Try rerunning the installer.

For help, see this <a href="https://www.mathworks.com/pi_ee_mci_glnxa64">support article</a>.
An unexpected error has occurred.
To resolve this issue, contact <a href="https://www.mathworks.com/pi_gene_mci_glnxa64">Technical Support</a>.
An unexpected error has occurred.
To resolve this issue, contact <a href="https://www.mathworks.com/pi_gene_mci_glnxa64">Technical Support</a>.
An unexpected error has occurred.
To resolve this issue, contact <a href="https://www.mathworks.com/pi_gene_mci_glnxa64">Technical Support</a>.
An unexpected error has occurred.
To resolve this issue, contact <a href="https://www.mathworks.com/pi_gene_mci_glnxa64">Technical Support</a>.
An unexpected error has occurred.
To resolve this issue, contact <a href="https://www.mathworks.com/pi_gene_mci_glnxa64">Technical Support</a>.
An unexpected error has occurred.
To resolve this issue, contact <a href="https://www.mathworks.com/pi_gene_mci_glnxa64">Technical Support</a>.
An unexpected error has occurred.
To resolve this issue, contact <a href="https://www.mathworks.com/pi_gene_mci_glnxa64">Technical Support</a>.
An unexpected error has occurred.
To resolve this issue, contact <a href="https://www.mathworks.com/pi_gene_mci_glnxa64">Technical Support</a>.
An unexpected error has occurred.
To resolve this issue, contact <a href="https://www.mathworks.com/pi_gene_mci_glnxa64">Technical Support</a>.
An unexpected error has occurred.
To resolve this issue, contact <a href="https://www.mathworks.com/pi_gene_mci_glnxa64">Technical Support</a>.
An unexpected error has occurred.
To resolve this issue, contact <a href="https://www.mathworks.com/pi_gene_mci_glnxa64">Technical Support</a>.
An unexpected error has occurred.
To resolve this issue, contact <a href="https://www.mathworks.com/pi_gene_mci_glnxa64">Technical Support</a>.
An unexpected error has occurred.
To resolve this issue, contact <a href="https://www.mathworks.com/pi_gene_mci_glnxa64">Technical Support</a>.
An unexpected error has occurred.
To resolve this issue, contact <a href="https://www.mathworks.com/pi_gene_mci_glnxa64">Technical Support</a>.
An unexpected error has occurred.
To resolve this issue, contact <a href="https://www.mathworks.com/pi_gene_mci_glnxa64">Technical Support</a>.
An unexpected error has occurred.
To resolve this issue, contact <a href="https://www.mathworks.com/pi_gene_mci_glnxa64">Technical Support</a>.
An unexpected error has occurred.
To resolve this issue, contact <a href="https://www.mathworks.com/pi_gene_mci_glnxa64">Technical Support</a>.
An unexpected error has occurred.
To resolve this issue, contact <a href="https://www.mathworks.com/pi_gene_mci_glnxa64">Technical Support</a>.
An unexpected error has occurred.
To resolve this issue, contact <a href="https://www.mathworks.com/pi_gene_mci_glnxa64">Technical Support</a>.
An error occurred while extracting product files.
Try rerunning the installer.

For help, see this <a href="https://www.mathworks.com/pi_ee_mci_glnxa64">support article</a>.
An error occurred while extracting product files.
Try rerunning the installer.

For help, see this <a href="https://www.mathworks.com/pi_ee_mci_glnxa64">support article</a>.

                            < M A T L A B (R) >
                  Copyright 1984-2024 The MathWorks, Inc.
             R2024b Update 1 (24.2.0.2740171) 64-bit (glnxa64)
                             September 20, 2024


                            < M A T L A B (R) >
                  Copyright 1984-2024 The MathWorks, Inc.
             R2024b Update 1 (24.2.0.2740171) 64-bit (glnxa64)
                             September 20, 2024


                            < M A T L A B (R) >
                  Copyright 1984-2024 The MathWorks, Inc.
             R2024b Update 1 (24.2.0.2740171) 64-bit (glnxa64)
                             September 20, 2024


                            < M A T L A B (R) >
                  Copyright 1984-2024 The MathWorks, Inc.
             R2024b Update 1 (24.2.0.2740171) 64-bit (glnxa64)
                             September 20, 2024


                            < M A T L A B (R) >
                  Copyright 1984-2024 The MathWorks, Inc.
             R2024b Update 1 (24.2.0.2740171) 64-bit (glnxa64)
                             September 20, 2024


                            < M A T L A B (R) >
                  Copyright 1984-2024 The MathWorks, Inc.
             R2024b Update 1 (24.2.0.2740171) 64-bit (glnxa64)
                             September 20, 2024


                            < M A T L A B (R) >
                  Copyright 1984-2024 The MathWorks, Inc.
             R2024b Update 1 (24.2.0.2740171) 64-bit (glnxa64)
                             September 20, 2024

 
 
 
 
To get started, type doc.
To get started, type doc.
To get started, type doc.
To get started, type doc.
For product information, visit www.mathworks.com.
For product information, visit www.mathworks.com.
For product information, visit www.mathworks.com.
For product information, visit www.mathworks.com.

                            < M A T L A B (R) >
                  Copyright 1984-2024 The MathWorks, Inc.
             R2024b Update 1 (24.2.0.2740171) 64-bit (glnxa64)
                             September 20, 2024


                            < M A T L A B (R) >
                  Copyright 1984-2024 The MathWorks, Inc.
             R2024b Update 1 (24.2.0.2740171) 64-bit (glnxa64)
                             September 20, 2024

 
 

                            < M A T L A B (R) >
                  Copyright 1984-2024 The MathWorks, Inc.
             R2024b Update 1 (24.2.0.2740171) 64-bit (glnxa64)
                             September 20, 2024

 
 
 
To get started, type doc.
For product information, visit www.mathworks.com.
 

                            < M A T L A B (R) >
                  Copyright 1984-2024 The MathWorks, Inc.
             R2024b Update 1 (24.2.0.2740171) 64-bit (glnxa64)
                             September 20, 2024


                            < M A T L A B (R) >
                  Copyright 1984-2024 The MathWorks, Inc.
             R2024b Update 1 (24.2.0.2740171) 64-bit (glnxa64)
                             September 20, 2024

 
To get started, type doc.
For product information, visit www.mathworks.com.
 
 
To get started, type doc.
For product information, visit www.mathworks.com.
 
Start to stack ARD Tile 18TXM
Start to stack ARD Tile 18TXM
Start to stack ARD Tile 18TXM
Start to stack ARD Tile 18TXM
 
 
 
To get started, type doc.
To get started, type doc.
For product information, visit www.mathworks.com.
For product information, visit www.mathworks.com.
To get started, type doc.
 
 
For product information, visit www.mathworks.com.

                            < M A T L A B (R) >
                  Copyright 1984-2024 The MathWorks, Inc.
             R2024b Update 1 (24.2.0.2740171) 64-bit (glnxa64)
                             September 20, 2024


                            < M A T L A B (R) >
                  Copyright 1984-2024 The MathWorks, Inc.
             R2024b Update 1 (24.2.0.2740171) 64-bit (glnxa64)
                             September 20, 2024

Start to stack ARD Tile 18TXM
 

                            < M A T L A B (R) >
                  Copyright 1984-2024 The MathWorks, Inc.
             R2024b Update 1 (24.2.0.2740171) 64-bit (glnxa64)
                             September 20, 2024


                            < M A T L A B (R) >
                  Copyright 1984-2024 The MathWorks, Inc.
             R2024b Update 1 (24.2.0.2740171) 64-bit (glnxa64)
                             September 20, 2024


                            < M A T L A B (R) >
                  Copyright 1984-2024 The MathWorks, Inc.
             R2024b Update 1 (24.2.0.2740171) 64-bit (glnxa64)
                             September 20, 2024


                            < M A T L A B (R) >
                  Copyright 1984-2024 The MathWorks, Inc.
             R2024b Update 1 (24.2.0.2740171) 64-bit (glnxa64)
                             September 20, 2024


                            < M A T L A B (R) >
                  Copyright 1984-2024 The MathWorks, Inc.
             R2024b Update 1 (24.2.0.2740171) 64-bit (glnxa64)
                             September 20, 2024


                            < M A T L A B (R) >
                  Copyright 1984-2024 The MathWorks, Inc.
             R2024b Update 1 (24.2.0.2740171) 64-bit (glnxa64)
                             September 20, 2024


                            < M A T L A B (R) >
                  Copyright 1984-2024 The MathWorks, Inc.
             R2024b Update 1 (24.2.0.2740171) 64-bit (glnxa64)
                             September 20, 2024


                            < M A T L A B (R) >
                  Copyright 1984-2024 The MathWorks, Inc.
             R2024b Update 1 (24.2.0.2740171) 64-bit (glnxa64)
                             September 20, 2024


                            < M A T L A B (R) >
                  Copyright 1984-2024 The MathWorks, Inc.
             R2024b Update 1 (24.2.0.2740171) 64-bit (glnxa64)
                             September 20, 2024

Start to stack ARD Tile 18TXM
Start to stack ARD Tile 18TXM
 
 
To get started, type doc.
To get started, type doc.
For product information, visit www.mathworks.com.
For product information, visit www.mathworks.com.
 
 
Start to stack ARD Tile 18TXM
Start to stack ARD Tile 18TXM
Start to stack ARD Tile 18TXM
 
 
To get started, type doc.
To get started, type doc.
For product information, visit www.mathworks.com.
For product information, visit www.mathworks.com.
 
 
Start to stack ARD Tile 18TXM
 
Start to stack ARD Tile 18TXM
 
To get started, type doc.
For product information, visit www.mathworks.com.
 
To get started, type doc.
For product information, visit www.mathworks.com.
 
 
 
 
 
 
To get started, type doc.
To get started, type doc.
 
To get started, type doc.
To get started, type doc.
To get started, type doc.
To get started, type doc.
For product information, visit www.mathworks.com.
For product information, visit www.mathworks.com.
To get started, type doc.
For product information, visit www.mathworks.com.
For product information, visit www.mathworks.com.
For product information, visit www.mathworks.com.
For product information, visit www.mathworks.com.
 
 
For product information, visit www.mathworks.com.
 
 
 
 
 
A total of 0053 not processed HLS images at /gpfs/sharedfs1/zhulab/Kexin/DataHLSv2.0/
A total of 0053 not processed HLS images at /gpfs/sharedfs1/zhulab/Kexin/DataHLSv2.0/
At task# 33/50 to process -11 images
At task# 37/50 to process -19 images
A total of 0053 not processed HLS images at /gpfs/sharedfs1/zhulab/Kexin/DataHLSv2.0/
At task# 40/50 to process -25 images
A total of 0053 not processed HLS images at /gpfs/sharedfs1/zhulab/Kexin/DataHLSv2.0/
At task# 39/50 to process -23 images
A total of 0053 not processed HLS images at /gpfs/sharedfs1/zhulab/Kexin/DataHLSv2.0/
At task# 25/50 to process 2 images
A total of 0053 not processed HLS images at /gpfs/sharedfs1/zhulab/Kexin/DataHLSv2.0/
At task# 26/50 to process 2 images
A total of 0053 not processed HLS images at /gpfs/sharedfs1/zhulab/Kexin/DataHLSv2.0/
At task# 35/50 to process -15 images
Start to stack ARD Tile 18TXM
Start to stack ARD Tile 18TXM
A total of 0053 not processed HLS images at /gpfs/sharedfs1/zhulab/Kexin/DataHLSv2.0/
A total of 0053 not processed HLS images at /gpfs/sharedfs1/zhulab/Kexin/DataHLSv2.0/
At task# 32/50 to process -9 images
At task# 27/50 to process 1 images
Start to stack ARD Tile 18TXM
A total of 0053 not processed HLS images at /gpfs/sharedfs1/zhulab/Kexin/DataHLSv2.0/
At task# 36/50 to process -17 images
Start to stack ARD Tile 18TXM
Start to stack ARD Tile 18TXM
Start to stack ARD Tile 18TXM
Start to stack ARD Tile 18TXM
Start to stack ARD Tile 18TXM
Start to stack ARD Tile 18TXM
Start to stack ARD Tile 18TXM
Start to stack ARD Tile 18TXM
A total of 0053 not processed HLS images at /gpfs/sharedfs1/zhulab/Kexin/DataHLSv2.0/
At task# 38/50 to process -21 images
A total of 0053 not processed HLS images at /gpfs/sharedfs1/zhulab/Kexin/DataHLSv2.0/
At task# 29/50 to process -3 images
A total of 0053 not processed HLS images at /gpfs/sharedfs1/zhulab/Kexin/DataHLSv2.0/
A total of 0053 not processed HLS images at /gpfs/sharedfs1/zhulab/Kexin/DataHLSv2.0/
At task# 34/50 to process -13 images
At task# 31/50 to process -7 images
A total of 0053 not processed HLS images at /gpfs/sharedfs1/zhulab/Kexin/DataHLSv2.0/
At task# 30/50 to process -5 images
A total of 0053 not processed HLS images at /gpfs/sharedfs1/zhulab/Kexin/DataHLSv2.0/
At task# 41/50 to process -27 images
A total of 0053 not processed HLS images at /gpfs/sharedfs1/zhulab/Kexin/DataHLSv2.0/
At task# 50/50 to process -45 images
A total of 0053 not processed HLS images at /gpfs/sharedfs1/zhulab/Kexin/DataHLSv2.0/
A total of 0053 not processed HLS images at /gpfs/sharedfs1/zhulab/Kexin/DataHLSv2.0/
A total of 0053 not processed HLS images at /gpfs/sharedfs1/zhulab/Kexin/DataHLSv2.0/
A total of 0053 not processed HLS images at /gpfs/sharedfs1/zhulab/Kexin/DataHLSv2.0/
A total of 0053 not processed HLS images at /gpfs/sharedfs1/zhulab/Kexin/DataHLSv2.0/
A total of 0053 not processed HLS images at /gpfs/sharedfs1/zhulab/Kexin/DataHLSv2.0/
At task# 45/50 to process -35 images
At task# 47/50 to process -39 images
At task# 48/50 to process -41 images
At task# 43/50 to process -31 images
At task# 44/50 to process -33 images
At task# 42/50 to process -29 images
Finished 50.00 percent at task# 4/50 with total 2.51 mins

                            < M A T L A B (R) >
                  Copyright 1984-2024 The MathWorks, Inc.
             R2024b Update 1 (24.2.0.2740171) 64-bit (glnxa64)
                             September 20, 2024


                            < M A T L A B (R) >
                  Copyright 1984-2024 The MathWorks, Inc.
             R2024b Update 1 (24.2.0.2740171) 64-bit (glnxa64)
                             September 20, 2024

Finished 50.00 percent at task# 3/50 with total 2.65 mins
 
 
To get started, type doc.
To get started, type doc.
For product information, visit www.mathworks.com.
For product information, visit www.mathworks.com.
 
 
Start to stack ARD Tile 18TXM
Start to stack ARD Tile 18TXM
A total of 0051 not processed HLS images at /gpfs/sharedfs1/zhulab/Kexin/DataHLSv2.0/
A total of 0051 not processed HLS images at /gpfs/sharedfs1/zhulab/Kexin/DataHLSv2.0/
At task# 10/50 to process 2 images
At task# 13/50 to process 2 images
Finished 50.00 percent at task# 22/50 with total 2.55 mins
Finished 50.00 percent at task# 18/50 with total 2.55 mins
Finished 50.00 percent at task# 21/50 with total 2.53 mins
Finished 50.00 percent at task# 23/50 with total 2.56 mins
Finished 50.00 percent at task# 24/50 with total 2.56 mins
An error occurred while extracting product files.
Try rerunning the installer.

For help, see this <a href="https://www.mathworks.com/pi_ee_mci_glnxa64">support article</a>.
An error occurred while extracting product files.
Try rerunning the installer.

For help, see this <a href="https://www.mathworks.com/pi_ee_mci_glnxa64">support article</a>.
An error occurred while extracting product files.
Try rerunning the installer.

For help, see this <a href="https://www.mathworks.com/pi_ee_mci_glnxa64">support article</a>.
Finished 50.00 percent at task# 17/50 with total 2.68 mins
Finished 50.00 percent at task# 19/50 with total 2.68 mins
Finished 50.00 percent at task# 20/50 with total 2.73 mins
An error occurred while extracting product files.
Try rerunning the installer.

For help, see this <a href="https://www.mathworks.com/pi_ee_mci_glnxa64">support article</a>.
An error occurred while extracting product files.
Try rerunning the installer.

For help, see this <a href="https://www.mathworks.com/pi_ee_mci_glnxa64">support article</a>.
An unexpected error has occurred.
To resolve this issue, contact <a href="https://www.mathworks.com/pi_gene_mci_glnxa64">Technical Support</a>.
An unexpected error has occurred.
To resolve this issue, contact <a href="https://www.mathworks.com/pi_gene_mci_glnxa64">Technical Support</a>.
An error occurred while extracting product files.
Try rerunning the installer.

For help, see this <a href="https://www.mathworks.com/pi_ee_mci_glnxa64">support article</a>.
Finished 50.00 percent at task# 16/50 with total 2.85 mins
Finished 50.00 percent at task# 15/50 with total 2.88 mins
Finished 50.00 percent at task# 14/50 with total 2.85 mins
Finished 50.00 percent at task# 13/50 with total 0.38 mins
An unexpected error has occurred.
To resolve this issue, contact <a href="https://www.mathworks.com/pi_gene_mci_glnxa64">Technical Support</a>.
An unexpected error has occurred.
To resolve this issue, contact <a href="https://www.mathworks.com/pi_gene_mci_glnxa64">Technical Support</a>.
Finished 50.00 percent at task# 6/50 with total 3.06 mins
Finished 50.00 percent at task# 5/50 with total 3.13 mins
An unexpected error has occurred.
To resolve this issue, contact <a href="https://www.mathworks.com/pi_gene_mci_glnxa64">Technical Support</a>.
An error occurred while extracting product files.
Try rerunning the installer.

For help, see this <a href="https://www.mathworks.com/pi_ee_mci_glnxa64">support article</a>.
An error occurred while extracting product files.
Try rerunning the installer.

For help, see this <a href="https://www.mathworks.com/pi_ee_mci_glnxa64">support article</a>.
An error occurred while extracting product files.
Try rerunning the installer.

For help, see this <a href="https://www.mathworks.com/pi_ee_mci_glnxa64">support article</a>.
An error occurred while extracting product files.
Try rerunning the installer.

For help, see this <a href="https://www.mathworks.com/pi_ee_mci_glnxa64">support article</a>.
An error occurred while extracting product files.
Try rerunning the installer.

For help, see this <a href="https://www.mathworks.com/pi_ee_mci_glnxa64">support article</a>.
An unexpected error has occurred.
To resolve this issue, contact <a href="https://www.mathworks.com/pi_gene_mci_glnxa64">Technical Support</a>.
You already have the most recent version of MATLAB Connector installed.
An unexpected error has occurred.
To resolve this issue, contact <a href="https://www.mathworks.com/pi_gene_mci_glnxa64">Technical Support</a>.
An error occurred while extracting product files.
Try rerunning the installer.

For help, see this <a href="https://www.mathworks.com/pi_ee_mci_glnxa64">support article</a>.
An error occurred while extracting product files.
Try rerunning the installer.

For help, see this <a href="https://www.mathworks.com/pi_ee_mci_glnxa64">support article</a>.
An error occurred while extracting product files.
Try rerunning the installer.

For help, see this <a href="https://www.mathworks.com/pi_ee_mci_glnxa64">support article</a>.
An error occurred while extracting product files.
Try rerunning the installer.

For help, see this <a href="https://www.mathworks.com/pi_ee_mci_glnxa64">support article</a>.
An error occurred while extracting product files.
Try rerunning the installer.

For help, see this <a href="https://www.mathworks.com/pi_ee_mci_glnxa64">support article</a>.
An error occurred while extracting product files.
Try rerunning the installer.

For help, see this <a href="https://www.mathworks.com/pi_ee_mci_glnxa64">support article</a>.
An error occurred while extracting product files.
Try rerunning the installer.

For help, see this <a href="https://www.mathworks.com/pi_ee_mci_glnxa64">support article</a>.
An error occurred while extracting product files.
Try rerunning the installer.

For help, see this <a href="https://www.mathworks.com/pi_ee_mci_glnxa64">support article</a>.
An error occurred while extracting product files.
Try rerunning the installer.

For help, see this <a href="https://www.mathworks.com/pi_ee_mci_glnxa64">support article</a>.
An error occurred while extracting product files.
Try rerunning the installer.

For help, see this <a href="https://www.mathworks.com/pi_ee_mci_glnxa64">support article</a>.
An unexpected error has occurred.
To resolve this issue, contact <a href="https://www.mathworks.com/pi_gene_mci_glnxa64">Technical Support</a>.
An unexpected error has occurred.
To resolve this issue, contact <a href="https://www.mathworks.com/pi_gene_mci_glnxa64">Technical Support</a>.
An error occurred while extracting product files.
Try rerunning the installer.

For help, see this <a href="https://www.mathworks.com/pi_ee_mci_glnxa64">support article</a>.
An unexpected error has occurred.
To resolve this issue, contact <a href="https://www.mathworks.com/pi_gene_mci_glnxa64">Technical Support</a>.

                            < M A T L A B (R) >
                  Copyright 1984-2024 The MathWorks, Inc.
             R2024b Update 1 (24.2.0.2740171) 64-bit (glnxa64)
                             September 20, 2024

An unexpected error has occurred.
To resolve this issue, contact <a href="https://www.mathworks.com/pi_gene_mci_glnxa64">Technical Support</a>.
 
To get started, type doc.
For product information, visit www.mathworks.com.
 
An unexpected error has occurred.
To resolve this issue, contact <a href="https://www.mathworks.com/pi_gene_mci_glnxa64">Technical Support</a>.
An unexpected error has occurred.
To resolve this issue, contact <a href="https://www.mathworks.com/pi_gene_mci_glnxa64">Technical Support</a>.
Start to stack ARD Tile 18TXM

                            < M A T L A B (R) >
                  Copyright 1984-2024 The MathWorks, Inc.
             R2024b Update 1 (24.2.0.2740171) 64-bit (glnxa64)
                             September 20, 2024

Finished 50.00 percent at task# 26/50 with total 2.42 mins
Finished 50.00 percent at task# 25/50 with total 2.43 mins
A total of 0036 not processed HLS images at /gpfs/sharedfs1/zhulab/Kexin/DataHLSv2.0/
At task# 46/50 to process -9 images
An unexpected error has occurred.
To resolve this issue, contact <a href="https://www.mathworks.com/pi_gene_mci_glnxa64">Technical Support</a>.
 

-------------------------For product information, visit www.mathworks.com.
     Segmentation violation detected at Sun Jul 13 22:19:00 2025
------------------------------------------------------------------------
Architecture     : glnxa64
Processor ID     : AMD EPYC 7H12 64-Core Processor
Host Name        : cn457.storrs.hpc.uconn.edu
Locale           : en_US


Abnormal termination:
Segmentation violation

Current Thread: 'GTP_2' id 139624957605632

Register State (from fault):
  RAX = 0000000000000000  RBX = 0000000000000000
  RCX = 0000000000000000  RDX = 0000000000000000
  RSP = 00007efcf7ffdc70  RBP = 000000000234aa70
  RSI = 00007efcd00541e0  RDI = 0000000000000000

   R8 = 00007efcd0054570   R9 = 00007efcfc0008d8
  R10 = 0000000000000000  R11 = 0000000000000007
  R12 = 00007efcf7ffdd70  R13 = 00007efcd00541e0
  R14 = 00007efcd0054220  R15 = 00007efcf7ffdd60

  RIP = 00007efdc9220684  EFL = 0000000000010246

   CS = 0033   FS = 0000   GS = 0000

Stack Trace (from fault):
[  0] 0x00007efdc9220684 /home/kes20012/.MathWorks/ServiceHost/-mw_shared_installs/v2024.9.0.2/bin/glnxa64/libCppMicroServices.so.3.8.4+00501380 _ZNKSt10_HashtableINSt7__cxx1112basic_stringIcSt11char_traitsIcESaIcEEESt4pairIKS5_St10shared_ptrIvEESaISA_ENSt8__detail10_Select1stESt8equal_toIS5_ESt4hashIS5_ENSC_18_Mod_range_hashingENSC_20_Default_ranged_hashENSC_20_Prime_rehash_policyENSC_17_Hashtable_traitsILb1ELb0ELb1EEEE4findERS7_+00000036
[  1] 0x00007efdc922738a /home/kes20012/.MathWorks/ServiceHost/-mw_shared_installs/v2024.9.0.2/bin/glnxa64/libCppMicroServices.so.3.8.4+00529290
[  2] 0x00007efdc9229051 /home/kes20012/.MathWorks/ServiceHost/-mw_shared_installs/v2024.9.0.2/bin/glnxa64/libCppMicroServices.so.3.8.4+00536657
[  3] 0x00007efdc9220a70 /home/kes20012/.MathWorks/ServiceHost/-mw_shared_installs/v2024.9.0.2/bin/glnxa64/libCppMicroServices.so.3.8.4+00502384
[  4] 0x00007efdc921f0fe /home/kes20012/.MathWorks/ServiceHost/-mw_shared_installs/v2024.9.0.2/bin/glnxa64/libCppMicroServices.so.3.8.4+00495870 _ZNK16cppmicroservices18ServiceObjectsBase10GetServiceEv+00000110
[  5] 0x00007efda5abf79b /home/kes20012/.MathWorks/ServiceHost/-mw_shared_installs/v2024.9.0.2/bin/glnxa64/spf/framework/agent/spf/framework/libmwagentspfframework.so+00317339
[  6] 0x00007efda5abf846 /home/kes20012/.MathWorks/ServiceHost/-mw_shared_installs/v2024.9.0.2/bin/glnxa64/spf/framework/agent/spf/framework/libmwagentspfframework.so+00317510
[  7] 0x00007efda5abfc3d /home/kes20012/.MathWorks/ServiceHost/-mw_shared_installs/v2024.9.0.2/bin/glnxa64/spf/framework/agent/spf/framework/libmwagentspfframework.so+00318525
[  8] 0x00007efda5acee4b /home/kes20012/.MathWorks/ServiceHost/-mw_shared_installs/v2024.9.0.2/bin/glnxa64/spf/framework/agent/spf/framework/libmwagentspfframework.so+00380491
[  9] 0x00007efda5ad0fd8 /home/kes20012/.MathWorks/ServiceHost/-mw_shared_installs/v2024.9.0.2/bin/glnxa64/spf/framework/agent/spf/framework/libmwagentspfframework.so+00389080
[ 10] 0x00007efdc8e348c3 /home/kes20012/.MathWorks/ServiceHost/-mw_shared_installs/v2024.9.0.2/bin/glnxa64/../../sys/os/glnxa64/libstdc++.so.6+00903363
[ 11] 0x00007efdc8f851ca                             /lib64/libpthread.so.0+00033226
[ 12] 0x00007efdc89998d3                                   /lib64/libc.so.6+00235731 clone+00000067


** This crash report has been written to /home/kes20012/.MathWorks/ServiceHost/cn457/logs/MathWorksServiceHost_crash_1552381.log **
An unexpected error has occurred.
To resolve this issue, contact <a href="https://www.mathworks.com/pi_gene_mci_glnxa64">Technical Support</a>.
 

------------------------------------------------------------------------
       Segmentation violation detected at Sun Jul 13 22:19:00 2025
------------------------------------------------------------------------
Architecture     : glnxa64
Processor ID     : AMD EPYC 7H12 64-Core Processor
Host Name        : cn457.storrs.hpc.uconn.edu
Locale           : en_US


Abnormal termination:
Segmentation violation

Current Thread: 'GTP_7' id 140615618656000

Register State (from fault):
  RAX = 000000000000000a  RBX = 00007fe39fffd760
  RCX = 7265767265737074  RDX = 00007fe39fffd8e0
  RSP = 00007fe39fffd730  RBP = 00007fe39fffd740
  RSI = 0000000000000000  RDI = 00007fe39fffd760

   R8 = 00007fe3a4079720   R9 = 00007fe3a40008d4
  R10 = 0000000000258cc6  R11 = 0000000000000006
  R12 = 00007fe39fffd8b0  R13 = 00007fe39fffd870
  R14 = 00007fe39fffd760  R15 = 00007fe39fffdeb0

  RIP = 00007fe44c2c4dcc  EFL = 0000000000010206

   CS = 0033   FS = 0000   GS = 0000

Stack Trace (from fault):
[  0] 0x00007fe44c2c4dcc /home/kes20012/.MathWorks/ServiceHost/-mw_shared_installs/v2024.9.0.2/bin/glnxa64/mathworksservicehost/rcf/matlabconnector/serviceprocess/rcf/client-v1/../../../../../../../../bin/glnxa64/libmwagentdirectoryclient.so+00269772 _ZNK5agent9directory22DirectoryServiceClient34queryDirectoryForServiceUUIDsAsyncERKNSt7__cxx1112basic_stringIcSt11char_traitsIcESaIcEEE+00000012
[  1] 0x00007fe44c2c66ee /home/kes20012/.MathWorks/ServiceHost/-mw_shared_installs/v2024.9.0.2/bin/glnxa64/mathworksservicehost/rcf/matlabconnector/serviceprocess/rcf/client-v1/../../../../../../../../bin/glnxa64/libmwagentdirectoryclient.so+00276206 _ZNK5agent9directory22DirectoryServiceClient29queryDirectoryForServiceUUIDsERKNSt7__cxx1112basic_stringIcSt11char_traitsIcESaIcEEE+00000030
[  2] 0x00007fe3c7270855 /home/kes20012/.MathWorks/ServiceHost/-mw_shared_installs/v2024.9.0.2/bin/glnxa64/spf/serviceproviders/agent/webwindowservice/libmwagentwebwindowservice.so+00182357
[  3] 0x00007fe3c7275cca /home/kes20012/.MathWorks/ServiceHost/-mw_shared_installs/v2024.9.0.2/bin/glnxa64/spf/serviceproviders/agent/webwindowservice/libmwagentwebwindowservice.so+00203978
[  4] 0x00007fe3c7daaf3e /home/kes20012/.MathWorks/ServiceHost/-mw_shared_installs/v2024.9.0.2/bin/glnxa64/spf/framework/agent/spf/framework/libmwagentspfframework.so+00737086
[  5] 0x00007fe3c7d449ed /home/kes20012/.MathWorks/ServiceHost/-mw_shared_installs/v2024.9.0.2/bin/glnxa64/spf/framework/agent/spf/framework/libmwagentspfframework.so+00317933
[  6] 0x00007fe3c7d44c3d /home/kes20012/.MathWorks/ServiceHost/-mw_shared_installs/v2024.9.0.2/bin/glnxa64/spf/framework/agent/spf/framework/libmwagentspfframework.so+00318525
[  7] 0x00007fe3c7d53e4b /home/kes20012/.MathWorks/ServiceHost/-mw_shared_installs/v2024.9.0.2/bin/glnxa64/spf/framework/agent/spf/framework/libmwagentspfframework.so+00380491
[  8] 0x00007fe3c7d55fd8 /home/kes20012/.MathWorks/ServiceHost/-mw_shared_installs/v2024.9.0.2/bin/glnxa64/spf/framework/agent/spf/framework/libmwagentspfframework.so+00389080
[  9] 0x00007fe46f13a8c3 /home/kes20012/.MathWorks/ServiceHost/-mw_shared_installs/v2024.9.0.2/bin/glnxa64/../../sys/os/glnxa64/libstdc++.so.6+00903363
[ 10] 0x00007fe46f28b1ca                             /lib64/libpthread.so.0+00033226
[ 11] 0x00007fe46ec9f8d3                                   /lib64/libc.so.6+00235731 clone+00000067


** This crash report has been written to /home/kes20012/.MathWorks/ServiceHost/cn457/logs/MathWorksServiceHost_crash_1552461.log **
An unexpected error has occurred.
To resolve this issue, contact <a href="https://www.mathworks.com/pi_gene_mci_glnxa64">Technical Support</a>.
An unexpected error has occurred.
To resolve this issue, contact <a href="https://www.mathworks.com/pi_gene_mci_glnxa64">Technical Support</a>.
Start to stack ARD Tile 18TXM

                            < M A T L A B (R) >
                  Copyright 1984-2024 The MathWorks, Inc.
             R2024b Update 1 (24.2.0.2740171) 64-bit (glnxa64)
                             September 20, 2024

An unexpected error has occurred.
To resolve this issue, contact <a href="https://www.mathworks.com/pi_gene_mci_glnxa64">Technical Support</a>.
A total of 0036 not processed HLS images at /gpfs/sharedfs1/zhulab/Kexin/DataHLSv2.0/
At task# 49/50 to process -12 images
 
To get started, type doc.
For product information, visit www.mathworks.com.
 
Finished 100.00 percent at task# 27/50 with total 2.54 mins
Start to stack ARD Tile 18TXM
A total of 0035 not processed HLS images at /gpfs/sharedfs1/zhulab/Kexin/DataHLSv2.0/
At task# 28/50 to process 1 images

--------------------------------------------------------------------------------
          Segmentation violation detected at 2025-07-13 22:19:10 -0400
--------------------------------------------------------------------------------

Configuration:
  Crash Decoding           : Disabled - No sandbox or build area path
  Crash Mode               : continue (default)
  Default Encoding         : UTF-8
  Deployed                 : false
  GNU C Library            : 2.28 stable
  Graphics Driver          : Uninitialized software 
  Graphics card 1          : 0x102b ( 0x102b ) 0x536 Version 0.0.0.0 (0-0-0)
  Java Version             : Java 1.8.0_202-b08 with Oracle Corporation Java HotSpot(TM) 64-Bit Server VM mixed mode
  MATLAB Architecture      : glnxa64
  MATLAB Entitlement ID    : 3164371
  MATLAB Root              : /gpfs/sharedfs1/admin/hpc2.0/apps/matlab/R2024b
  MATLAB Version           : 24.2.0.2740171 (R2024b) Update 1
  OpenGL                   : software
  Operating System         : "Red Hat Enterprise Linux release 8.10 (Ootpa)"
  Process ID               : 1547761
  Processor ID             : x86 Family 23 Model 49 Stepping 0, AuthenticAMD
  Session Key              : 1d476b8d-9a46-47e2-9cf8-0097a5d5c10e
  Window System            : No active display

Fault Count: 1


Abnormal termination:
Segmentation violation

Current Thread: 'GTP_6' id 140588238239488

Register State (from fault):
  RAX = 0000000000000000  RBX = 00007fdce43634b0
  RCX = 0000000000000004  RDX = 0000000000000000
  RSP = 00007fdd3fffd530  RBP = 00007fdd654e01a8
  RSI = 00007fdd64028b10  RDI = 00007fdd3fffd3f0

   R8 = 00007fdd41fa5fd0   R9 = 00007fdd64028b10
  R10 = 0000000000000009  R11 = 0000000000000003
  R12 = 00007fdd654e0170  R13 = 00007fdd3fffd550
  R14 = 00007fdd3fffd570  R15 = 00007fdce43634f0

  RIP = 00007fdf38165ef2  EFL = 0000000000010206

   CS = 0033   FS = 0000   GS = 0000

Stack Trace (from fault):
[  0] 0x00007fdf38165ef2 /gpfs/sharedfs1/admin/hpc2.0/apps/matlab/R2024b/bin/glnxa64/libDeclarativeServices.so.1.5.9+00229106
[  1] 0x00007fdf381d7910 /gpfs/sharedfs1/admin/hpc2.0/apps/matlab/R2024b/bin/glnxa64/libDeclarativeServices.so.1.5.9+00694544
[  2] 0x00007fdf381ddfd7 /gpfs/sharedfs1/admin/hpc2.0/apps/matlab/R2024b/bin/glnxa64/libDeclarativeServices.so.1.5.9+00720855
[  3] 0x00007fdf381af0c2 /gpfs/sharedfs1/admin/hpc2.0/apps/matlab/R2024b/bin/glnxa64/libDeclarativeServices.so.1.5.9+00528578
[  4] 0x00007fdf381cb7b9 /gpfs/sharedfs1/admin/hpc2.0/apps/matlab/R2024b/bin/glnxa64/libDeclarativeServices.so.1.5.9+00645049
[  5] 0x00007fdf381d93a5 /gpfs/sharedfs1/admin/hpc2.0/apps/matlab/R2024b/bin/glnxa64/libDeclarativeServices.so.1.5.9+00701349
[  6] 0x00007fdf381d003a /gpfs/sharedfs1/admin/hpc2.0/apps/matlab/R2024b/bin/glnxa64/libDeclarativeServices.so.1.5.9+00663610
[  7] 0x00007fdf381d2472 /gpfs/sharedfs1/admin/hpc2.0/apps/matlab/R2024b/bin/glnxa64/libDeclarativeServices.so.1.5.9+00672882
[  8] 0x00007fdf5e142233 /gpfs/sharedfs1/admin/hpc2.0/apps/matlab/R2024b/bin/glnxa64/libCppMicroServices.so.3.8.3+00463411
[  9] 0x00007fdf5e1422d1 /gpfs/sharedfs1/admin/hpc2.0/apps/matlab/R2024b/bin/glnxa64/libCppMicroServices.so.3.8.3+00463569
[ 10] 0x00007fdf5e152542 /gpfs/sharedfs1/admin/hpc2.0/apps/matlab/R2024b/bin/glnxa64/libCppMicroServices.so.3.8.3+00529730 _ZN16cppmicroservices23ServiceRegistrationBase10UnregisterEv+00000530
[ 11] 0x00007fdf381d555d /gpfs/sharedfs1/admin/hpc2.0/apps/matlab/R2024b/bin/glnxa64/libDeclarativeServices.so.1.5.9+00685405
[ 12] 0x00007fdf381e15ee /gpfs/sharedfs1/admin/hpc2.0/apps/matlab/R2024b/bin/glnxa64/libDeclarativeServices.so.1.5.9+00734702
[ 13] 0x00007fdf381c3359 /gpfs/sharedfs1/admin/hpc2.0/apps/matlab/R2024b/bin/glnxa64/libDeclarativeServices.so.1.5.9+00611161
[ 14] 0x00007fdf5dec0b07                             /lib64/libpthread.so.0+00064263
[ 15] 0x00007fdf381e1c4e /gpfs/sharedfs1/admin/hpc2.0/apps/matlab/R2024b/bin/glnxa64/libDeclarativeServices.so.1.5.9+00736334
[ 16] 0x00007fdf381aee80 /gpfs/sharedfs1/admin/hpc2.0/apps/matlab/R2024b/bin/glnxa64/libDeclarativeServices.so.1.5.9+00528000
[ 17] 0x00007fdf381cb7b9 /gpfs/sharedfs1/admin/hpc2.0/apps/matlab/R2024b/bin/glnxa64/libDeclarativeServices.so.1.5.9+00645049
[ 18] 0x00007fdf381d9878 /gpfs/sharedfs1/admin/hpc2.0/apps/matlab/R2024b/bin/glnxa64/libDeclarativeServices.so.1.5.9+00702584
[ 19] 0x00007fdf381d003a /gpfs/sharedfs1/admin/hpc2.0/apps/matlab/R2024b/bin/glnxa64/libDeclarativeServices.so.1.5.9+00663610
[ 20] 0x00007fdf381d2472 /gpfs/sharedfs1/admin/hpc2.0/apps/matlab/R2024b/bin/glnxa64/libDeclarativeServices.so.1.5.9+00672882
[ 21] 0x00007fdf5e142233 /gpfs/sharedfs1/admin/hpc2.0/apps/matlab/R2024b/bin/glnxa64/libCppMicroServices.so.3.8.3+00463411
[ 22] 0x00007fdf5e1422d1 /gpfs/sharedfs1/admin/hpc2.0/apps/matlab/R2024b/bin/glnxa64/libCppMicroServices.so.3.8.3+00463569
[ 23] 0x00007fdf5e152542 /gpfs/sharedfs1/admin/hpc2.0/apps/matlab/R2024b/bin/glnxa64/libCppMicroServices.so.3.8.3+00529730 _ZN16cppmicroservices23ServiceRegistrationBase10UnregisterEv+00000530
[ 24] 0x00007fdf47d959d8 /gpfs/sharedfs1/admin/hpc2.0/apps/matlab/R2024b/bin/glnxa64/spf/framework/agent/spf/framework/libmwagentspfframework.so+00571864
[ 25] 0x00007fdf47d96842 /gpfs/sharedfs1/admin/hpc2.0/apps/matlab/R2024b/bin/glnxa64/spf/framework/agent/spf/framework/libmwagentspfframework.so+00575554
[ 26] 0x00007fdf47d62975 /gpfs/sharedfs1/admin/hpc2.0/apps/matlab/R2024b/bin/glnxa64/spf/framework/agent/spf/framework/libmwagentspfframework.so+00362869
[ 27] 0x00007fdf5dd688c3 /gpfs/sharedfs1/admin/hpc2.0/apps/matlab/R2024b/bin/glnxa64/../../sys/os/glnxa64/libstdc++.so.6+00903363
[ 28] 0x00007fdf5deb91ca                             /lib64/libpthread.so.0+00033226
[ 29] 0x00007fdf5d8cd8d3                                   /lib64/libc.so.6+00235731 clone+00000067

** This crash report has been saved to disk as /home/kes20012/matlab_crash_dump.1547761-1 **



MATLAB is exiting because of fatal error
An unexpected error has occurred.
To resolve this issue, contact <a href="https://www.mathworks.com/pi_gene_mci_glnxa64">Technical Support</a>.
/var/spool/slurm/job18259391/slurm_script: line 23: 1547761 Killed                  matlab -nodisplay -nosplash -singleCompThread -r "batchStackHLSv2Line('task',$SLURM_ARRAY_TASK_ID, 'ntasks',$SLURM_ARRAY_TASK_MAX,'ARDTiles','18TXM','resolution',30,'sensor','L30');exit"
An unexpected error has occurred.
To resolve this issue, contact <a href="https://www.mathworks.com/pi_gene_mci_glnxa64">Technical Support</a>.
An unexpected error has occurred.
To resolve this issue, contact <a href="https://www.mathworks.com/pi_gene_mci_glnxa64">Technical Support</a>.
An unexpected error has occurred.
To resolve this issue, contact <a href="https://www.mathworks.com/pi_gene_mci_glnxa64">Technical Support</a>.
Finished 50.00 percent at task# 7/50 with total 4.30 mins
You already have the most recent version of MATLAB Connector installed.
An unexpected error has occurred.
To resolve this issue, contact <a href="https://www.mathworks.com/pi_gene_mci_glnxa64">Technical Support</a>.
You already have the most recent version of MATLAB Connector installed.
An unexpected error has occurred.
To resolve this issue, contact <a href="https://www.mathworks.com/pi_gene_mci_glnxa64">Technical Support</a>.
Finished 50.00 percent at task# 8/50 with total 4.47 mins
An unexpected error has occurred.
To resolve this issue, contact <a href="https://www.mathworks.com/pi_gene_mci_glnxa64">Technical Support</a>.
An unexpected error has occurred.
To resolve this issue, contact <a href="https://www.mathworks.com/pi_gene_mci_glnxa64">Technical Support</a>.
An unexpected error has occurred.
To resolve this issue, contact <a href="https://www.mathworks.com/pi_gene_mci_glnxa64">Technical Support</a>.
An error occurred while extracting product files.
Try rerunning the installer.

For help, see this <a href="https://www.mathworks.com/pi_ee_mci_glnxa64">support article</a>.
Finished 100.00 percent at task# 4/50 with total 5.03 mins

------------------------------------------------------------------------
       Segmentation violation detected at Sun Jul 13 22:20:12 2025
------------------------------------------------------------------------
Architecture     : glnxa64
Processor ID     : AMD EPYC 7H12 64-Core Processor
Host Name        : cn456.storrs.hpc.uconn.edu
Locale           : en_US


Abnormal termination:
Segmentation violation

Current Thread: 'GTP_7' id 140060359915264

Register State (from fault):
  RAX = 00007f623001ab50  RBX = 00007f6257ffd670
  RCX = 00007f6257ffd5d0  RDX = 00007f625c07ab38
  RSP = 00007f6257ffd4d0  RBP = 00007f6257ffd560
  RSI = 00007f6257ffd5d0  RDI = 00007f6257ffd4e0

   R8 = 00007f625c091f70   R9 = 00007f625c0008d2
  R10 = 0000000000000000  R11 = 0000000000000003
  R12 = 00007f6257ffd4e0  R13 = 00007f625c07ab38
  R14 = 00007f65c6231f2a  R15 = 00007f623001ab50

  RIP = 00007f63060bbaf7  EFL = 0000000000010202

   CS = 0033   FS = 0000   GS = 0000

Stack Trace (from fault):
[  0] 0x00007f63060bbaf7 /home/kes20012/.MathWorks/ServiceHost/-mw_shared_installs/v2024.9.0.2/bin/glnxa64/mathworksservicehost/rcf/matlabconnector/serviceprocess/rcf/client-v1/../../../../../../../../bin/glnxa64/libmwagentcoretransport.so+00060151 _ZN5agent4core9transport9Transport4sendERKNS1_7AddressENS1_7MessageE+00000039
[  1] 0x00007f63060d8155 /home/kes20012/.MathWorks/ServiceHost/-mw_shared_installs/v2024.9.0.2/bin/glnxa64/mathworksservicehost/rcf/matlabconnector/serviceprocess/rcf/client-v1/../../../../../../../../bin/glnxa64/libmwagentcoreserviceutils.so+00094549
[  2] 0x00007f6305d6b9f2 /home/kes20012/.MathWorks/ServiceHost/-mw_shared_installs/v2024.9.0.2/bin/glnxa64/mathworksservicehost/rcf/matlabconnector/serviceprocess/rcf/client-v1/../../../../../../../../bin/glnxa64/libmwagentdirectoryclient.so+00358898
[  3] 0x00007f6305d63327 /home/kes20012/.MathWorks/ServiceHost/-mw_shared_installs/v2024.9.0.2/bin/glnxa64/mathworksservicehost/rcf/matlabconnector/serviceprocess/rcf/client-v1/../../../../../../../../bin/glnxa64/libmwagentdirectoryclient.so+00324391
[  4] 0x00007f6305d55df1 /home/kes20012/.MathWorks/ServiceHost/-mw_shared_installs/v2024.9.0.2/bin/glnxa64/mathworksservicehost/rcf/matlabconnector/serviceprocess/rcf/client-v1/../../../../../../../../bin/glnxa64/libmwagentdirectoryclient.so+00269809 _ZNK5agent9directory22DirectoryServiceClient34queryDirectoryForServiceUUIDsAsyncERKNSt7__cxx1112basic_stringIcSt11char_traitsIcESaIcEEE+00000049
[  5] 0x00007f6305d576ee /home/kes20012/.MathWorks/ServiceHost/-mw_shared_installs/v2024.9.0.2/bin/glnxa64/mathworksservicehost/rcf/matlabconnector/serviceprocess/rcf/client-v1/../../../../../../../../bin/glnxa64/libmwagentdirectoryclient.so+00276206 _ZNK5agent9directory22DirectoryServiceClient29queryDirectoryForServiceUUIDsERKNSt7__cxx1112basic_stringIcSt11char_traitsIcESaIcEEE+00000030
[  6] 0x00007f6304d0d855 /home/kes20012/.MathWorks/ServiceHost/-mw_shared_installs/v2024.9.0.2/bin/glnxa64/spf/serviceproviders/agent/webwindowservice/libmwagentwebwindowservice.so+00182357
[  7] 0x00007f6304d12cca /home/kes20012/.MathWorks/ServiceHost/-mw_shared_installs/v2024.9.0.2/bin/glnxa64/spf/serviceproviders/agent/webwindowservice/libmwagentwebwindowservice.so+00203978
[  8] 0x00007f63058bcf3e /home/kes20012/.MathWorks/ServiceHost/-mw_shared_installs/v2024.9.0.2/bin/glnxa64/spf/framework/agent/spf/framework/libmwagentspfframework.so+00737086
[  9] 0x00007f63058569ed /home/kes20012/.MathWorks/ServiceHost/-mw_shared_installs/v2024.9.0.2/bin/glnxa64/spf/framework/agent/spf/framework/libmwagentspfframework.so+00317933
[ 10] 0x00007f6305856c3d /home/kes20012/.MathWorks/ServiceHost/-mw_shared_installs/v2024.9.0.2/bin/glnxa64/spf/framework/agent/spf/framework/libmwagentspfframework.so+00318525
[ 11] 0x00007f6305865e4b /home/kes20012/.MathWorks/ServiceHost/-mw_shared_installs/v2024.9.0.2/bin/glnxa64/spf/framework/agent/spf/framework/libmwagentspfframework.so+00380491
[ 12] 0x00007f6305867fd8 /home/kes20012/.MathWorks/ServiceHost/-mw_shared_installs/v2024.9.0.2/bin/glnxa64/spf/framework/agent/spf/framework/libmwagentspfframework.so+00389080
[ 13] 0x00007f6328bcb8c3 /home/kes20012/.MathWorks/ServiceHost/-mw_shared_installs/v2024.9.0.2/bin/glnxa64/../../sys/os/glnxa64/libstdc++.so.6+00903363
[ 14] 0x00007f6328d1c1ca                             /lib64/libpthread.so.0+00033226
[ 15] 0x00007f63287308d3                                   /lib64/libc.so.6+00235731 clone+00000067


** This crash report has been written to /home/kes20012/.MathWorks/ServiceHost/cn456/logs/MathWorksServiceHost_crash_1690264.log **
Finished 100.00 percent at task# 3/50 with total 5.45 mins
Finished 100.00 percent at task# 18/50 with total 5.17 mins
Finished 100.00 percent at task# 17/50 with total 5.30 mins
Finished 100.00 percent at task# 28/50 with total 1.31 mins

                            < M A T L A B (R) >
                  Copyright 1984-2024 The MathWorks, Inc.
             R2024b Update 1 (24.2.0.2740171) 64-bit (glnxa64)
                             September 20, 2024

Finished 100.00 percent at task# 22/50 with total 5.44 mins
Finished 100.00 percent at task# 21/50 with total 5.42 mins

                            < M A T L A B (R) >
                  Copyright 1984-2024 The MathWorks, Inc.
             R2024b Update 1 (24.2.0.2740171) 64-bit (glnxa64)
                             September 20, 2024

 
To get started, type doc.
For product information, visit www.mathworks.com.
 
 
To get started, type doc.
For product information, visit www.mathworks.com.
 
Start to stack ARD Tile 18TXM
Finished 100.00 percent at task# 24/50 with total 5.52 mins
Start to stack ARD Tile 18TXM
A total of 0025 not processed HLS images at /gpfs/sharedfs1/zhulab/Kexin/DataHLSv2.0/
At task# 11/50 to process 1 images
A total of 0025 not processed HLS images at /gpfs/sharedfs1/zhulab/Kexin/DataHLSv2.0/
At task# 9/50 to process 1 images
Finished 100.00 percent at task# 23/50 with total 5.58 mins
Finished 100.00 percent at task# 20/50 with total 5.62 mins
Finished 50.00 percent at task# 10/50 with total 3.13 mins
Finished 100.00 percent at task# 16/50 with total 5.73 mins
Finished 100.00 percent at task# 13/50 with total 3.57 mins
Finished 100.00 percent at task# 14/50 with total 6.05 mins
Finished 100.00 percent at task# 15/50 with total 6.09 mins

                            < M A T L A B (R) >
                  Copyright 1984-2024 The MathWorks, Inc.
             R2024b Update 1 (24.2.0.2740171) 64-bit (glnxa64)
                             September 20, 2024

An error occurred while extracting product files.
Try rerunning the installer.

For help, see this <a href="https://www.mathworks.com/pi_ee_mci_glnxa64">support article</a>.
 
To get started, type doc.
For product information, visit www.mathworks.com.
 
Start to stack ARD Tile 18TXM
A total of 0019 not processed HLS images at /gpfs/sharedfs1/zhulab/Kexin/DataHLSv2.0/
At task# 12/50 to process 1 images
Finished 100.00 percent at task# 6/50 with total 6.62 mins
Finished 100.00 percent at task# 5/50 with total 6.62 mins
Finished 100.00 percent at task# 26/50 with total 5.82 mins
Finished 100.00 percent at task# 25/50 with total 5.86 mins
You already have the most recent version of MATLAB Connector installed.
Finished 50.00 percent at task# 2/50 with total 7.52 mins
Finished 100.00 percent at task# 10/50 with total 6.79 mins
Finished 100.00 percent at task# 11/50 with total 3.72 mins
Finished 100.00 percent at task# 9/50 with total 3.85 mins
Finished 100.00 percent at task# 7/50 with total 9.96 mins
Finished 100.00 percent at task# 8/50 with total 10.05 mins
Finished 100.00 percent at task# 12/50 with total 3.94 mins
Finished 50.00 percent at task# 1/50 with total 12.84 mins
Finished 100.00 percent at task# 2/50 with total 18.21 mins
Finished 100.00 percent at task# 1/50 with total 19.88 mins
