Loading matlab/R2023b
  Loading requirement: pre-module post-module openjdk/11.0.2
Loading matlab/R2023b
  Loading requirement: pre-module post-module openjdk/11.0.2

                            < M A T L A B (R) >
                  Copyright 1984-2023 The MathWorks, Inc.
             R2023b Update 1 (23.2.0.2380103) 64-bit (glnxa64)
                             September 11, 2023


                            < M A T L A B (R) >
                  Copyright 1984-2023 The MathWorks, Inc.
             R2023b Update 1 (23.2.0.2380103) 64-bit (glnxa64)
                             September 11, 2023

 
 
To get started, type doc.
For product information, visit www.mathworks.com.
 
To get started, type doc.
For product information, visit www.mathworks.com.
 
Start to stack ARD Tile 18TXM
Start to stack ARD Tile 18TXM
A total of 0725 Sentinel-2 images at /gpfs/sharedfs1/zhulab/Kexin/Sentinel-2/T18TXM/ARDBRDF_HLSAngle
At task# 2/2 to process 362 images
A total of 0725 Sentinel-2 images at /gpfs/sharedfs1/zhulab/Kexin/Sentinel-2/T18TXM/ARDBRDF_HLSAngle
At task# 1/2 to process 363 images

Already exist the 1th image (T18TXM_S2A_2015214_20150802T155136)

Already exist the 364th image (T18TXM_S2A_2019263_20190920T153931)

Already exist the 2th image (T18TXM_S2A_2015234_20150822T155136)

Already exist the 365th image (T18TXM_S2B_2019268_20190925T153959)

Already exist the 3th image (T18TXM_S2A_2015237_20150825T160136)

Already exist the 366th image (T18TXM_S2B_2019278_20191005T154109)

Already exist the 4th image (T18TXM_S2A_2015244_20150901T155136)

Already exist the 367th image (T18TXM_S2A_2019283_20191010T154151)

Already exist the 5th image (T18TXM_S2A_2015247_20150904T160136)

Already exist the 6th image (T18TXM_S2A_2015254_20150911T155136)

Already exist the 368th image (T18TXM_S2A_2019286_20191013T155211)

Already exist the 7th image (T18TXM_S2A_2015257_20150914T160136)

Already exist the 369th image (T18TXM_S2A_2019293_20191020T154301)

Already exist the 8th image (T18TXM_S2A_2015267_20150924T160136)

Already exist the 370th image (T18TXM_S2A_2019296_20191023T155321)

Already exist the 9th image (T18TXM_S2A_2015274_20151001T155136)

Already exist the 371th image (T18TXM_S2A_2019303_20191030T154401)

Already exist the 10th image (T18TXM_S2A_2015277_20151004T160016)

Already exist the 372th image (T18TXM_S2A_2019306_20191102T155421)

Already exist the 11th image (T18TXM_S2A_2015294_20151021T155022)

Already exist the 12th image (T18TXM_S2A_2015317_20151113T160052)

Already exist the 373th image (T18TXM_S2B_2019311_20191107T155449)

Already exist the 13th image (T18TXM_S2A_2015324_20151120T154542)

Already exist the 14th image (T18TXM_S2A_2015327_20151123T160132)

Already exist the 374th image (T18TXM_S2A_2019313_20191109T154451)

Already exist the 15th image (T18TXM_S2A_2015334_20151130T155132)

Already exist the 16th image (T18TXM_S2A_2015337_20151203T155632)

Already exist the 17th image (T18TXM_S2A_2015344_20151210T155132)

Already exist the 375th image (T18TXM_S2A_2019316_20191112T155511)

Already exist the 18th image (T18TXM_S2A_2015354_20151220T154652)

Already exist the 376th image (T18TXM_S2A_2019323_20191119T154541)

Already exist the 19th image (T18TXM_S2A_2015357_20151223T160132)

Already exist the 20th image (T18TXM_S2A_2016002_20160102T155642)

Already exist the 377th image (T18TXM_S2A_2019326_20191122T155551)

Already exist the 21th image (T18TXM_S2A_2016019_20160119T230435)

Already exist the 378th image (T18TXM_S2B_2019331_20191127T155609)

Already exist the 22th image (T18TXM_S2A_2016028_20160128T132508)

Already exist the 379th image (T18TXM_S2A_2019333_20191129T154611)

Already exist the 23th image (T18TXM_S2A_2016034_20160203T211758)

Already exist the 380th image (T18TXM_S2B_2019338_20191204T154619)

Already exist the 24th image (T18TXM_S2A_2016043_20160212T011621)

Already exist the 381th image (T18TXM_S2A_2019343_20191209T154631)

Already exist the 25th image (T18TXM_S2A_2016053_20160222T125257)

Already exist the 382th image (T18TXM_S2B_2019351_20191217T155649)

Already exist the 26th image (T18TXM_S2A_2016071_20160311T114846)

Already exist the 383th image (T18TXM_S2A_2019353_20191219T154641)

Already exist the 27th image (T18TXM_S2A_2016073_20160313T002819)

Already exist the 384th image (T18TXM_S2A_2019356_20191222T155651)

Already exist the 385th image (T18TXM_S2A_2020001_20200101T155641)

Already exist the 386th image (T18TXM_S2B_2020003_20200103T154639)

Already exist the 387th image (T18TXM_S2B_2020006_20200106T155639)

Already exist the 388th image (T18TXM_S2A_2020008_20200108T154631)

Already exist the 28th image (T18TXM_S2A_2016080_20160320T022344)

Already exist the 389th image (T18TXM_S2A_2020011_20200111T155621)

Already exist the 390th image (T18TXM_S2B_2020013_20200113T154609)

Already exist the 29th image (T18TXM_S2A_2016083_20160323T025845)

Already exist the 391th image (T18TXM_S2B_2020016_20200116T155609)

Already exist the 30th image (T18TXM_S2A_2016093_20160402T012517)

Already exist the 392th image (T18TXM_S2A_2020018_20200118T154601)

Already exist the 393th image (T18TXM_S2A_2020021_20200121T155551)

Already exist the 394th image (T18TXM_S2B_2020023_20200123T154539)

Already exist the 395th image (T18TXM_S2B_2020026_20200126T155529)

Already exist the 31th image (T18TXM_S2A_2016100_20160409T002816)

Already exist the 396th image (T18TXM_S2A_2020028_20200128T154511)

Already exist the 397th image (T18TXM_S2A_2020031_20200131T155501)

Already exist the 32th image (T18TXM_S2A_2016104_20160413T050406)

Already exist the 398th image (T18TXM_S2B_2020036_20200205T155429)

Already exist the 33th image (T18TXM_S2A_2016110_20160419T175754)

Already exist the 399th image (T18TXM_S2A_2020038_20200207T154421)

Already exist the 34th image (T18TXM_S2A_2016112_20160421T214902)

Already exist the 400th image (T18TXM_S2A_2020041_20200210T155401)

Already exist the 35th image (T18TXM_S2A_2016119_20160428T224949)

Already exist the 401th image (T18TXM_S2B_2020043_20200212T154249)

Already exist the 36th image (T18TXM_S2A_2016122_20160501T223720)

Already exist the 402th image (T18TXM_S2B_2020046_20200215T155239)

Already exist the 37th image (T18TXM_S2A_2016130_20160509T012700)

Already exist the 403th image (T18TXM_S2A_2020048_20200217T154311)

Already exist the 38th image (T18TXM_S2A_2016133_20160512T064215)

Already exist the 404th image (T18TXM_S2A_2020051_20200220T155301)

Already exist the 39th image (T18TXM_S2A_2016140_20160519T015044)

Already exist the 405th image (T18TXM_S2B_2020053_20200222T154149)

Already exist the 40th image (T18TXM_S2A_2016142_20160521T230349)

Already exist the 41th image (T18TXM_S2A_2016150_20160529T011914)

Already exist the 406th image (T18TXM_S2B_2020056_20200225T155129)

Already exist the 42th image (T18TXM_S2A_2016160_20160608T040756)

Already exist the 43th image (T18TXM_S2A_2016162_20160610T233611)

Already exist the 407th image (T18TXM_S2A_2020058_20200227T154211)

Already exist the 44th image (T18TXM_S2A_2016170_20160618T105746)

Already exist the 408th image (T18TXM_S2A_2020061_20200301T155151)

Already exist the 45th image (T18TXM_S2A_2016172_20160620T221800)

Already exist the 409th image (T18TXM_S2B_2020063_20200303T154039)

Already exist the 46th image (T18TXM_S2A_2016179_20160627T233616)

Already exist the 410th image (T18TXM_S2B_2020066_20200306T155019)

Already exist the 47th image (T18TXM_S2A_2016184_20160702T004820)

Already exist the 411th image (T18TXM_S2A_2020068_20200308T154101)

Already exist the 48th image (T18TXM_S2A_2016192_20160710T215147)

Already exist the 412th image (T18TXM_S2A_2020071_20200311T155041)

Already exist the 49th image (T18TXM_S2A_2016233_20160820T012019)

Already exist the 413th image (T18TXM_S2B_2020073_20200313T153929)

Already exist the 50th image (T18TXM_S2A_2016240_20160827T213238)

Already exist the 414th image (T18TXM_S2B_2020076_20200316T154909)

Already exist the 51th image (T18TXM_S2A_2016243_20160830T211738)

Already exist the 415th image (T18TXM_S2A_2020078_20200318T153941)

Already exist the 52th image (T18TXM_S2A_2016251_20160907T065558)

Already exist the 416th image (T18TXM_S2A_2020081_20200321T154931)

Already exist the 53th image (T18TXM_S2A_2016271_20160927T040940)

Already exist the 417th image (T18TXM_S2B_2020083_20200323T153809)

Already exist the 54th image (T18TXM_S2A_2016272_20160928T230733)

Already exist the 418th image (T18TXM_S2B_2020086_20200326T154809)

Already exist the 55th image (T18TXM_S2A_2016280_20161006T004910)

Already exist the 419th image (T18TXM_S2A_2020088_20200328T153901)

Already exist the 56th image (T18TXM_S2A_2016287_20161013T204031)

Already exist the 57th image (T18TXM_S2A_2016291_20161017T021717)

Already exist the 420th image (T18TXM_S2A_2020091_20200331T154901)

Already exist the 58th image (T18TXM_S2A_2016293_20161019T115808)

Already exist the 421th image (T18TXM_S2B_2020093_20200402T153809)

Already exist the 59th image (T18TXM_S2A_2016300_20161026T221908)

Already exist the 422th image (T18TXM_S2B_2020096_20200405T154809)

Already exist the 60th image (T18TXM_S2A_2016303_20161029T090526)

Already exist the 423th image (T18TXM_S2A_2020098_20200407T153901)

Already exist the 61th image (T18TXM_S2A_2016310_20161105T013356)

Already exist the 424th image (T18TXM_S2A_2020101_20200410T154901)

Already exist the 62th image (T18TXM_S2A_2016314_20161109T085620)

Already exist the 425th image (T18TXM_S2B_2020103_20200412T153809)

Already exist the 63th image (T18TXM_S2A_2016320_20161115T100913)

Already exist the 426th image (T18TXM_S2B_2020106_20200415T154809)

Already exist the 64th image (T18TXM_S2A_2016322_20161117T215047)

Already exist the 427th image (T18TXM_S2A_2020108_20200417T153911)

Already exist the 428th image (T18TXM_S2A_2020111_20200420T154911)

Already exist the 65th image (T18TXM_S2A_2016323_20161118T083122)

Already exist the 429th image (T18TXM_S2B_2020113_20200422T153809)

Already exist the 66th image (T18TXM_S2A_2016335_20161130T030505)

Already exist the 430th image (T18TXM_S2B_2020116_20200425T154809)

Already exist the 67th image (T18TXM_S2A_2016339_20161204T181634)

Already exist the 431th image (T18TXM_S2A_2020118_20200427T153911)

Already exist the 68th image (T18TXM_S2A_2017003_20170103T154632)

Already exist the 432th image (T18TXM_S2A_2020121_20200430T154911)

Already exist the 69th image (T18TXM_S2A_2017006_20170106T155631)

Already exist the 433th image (T18TXM_S2B_2020123_20200502T153809)

Already exist the 70th image (T18TXM_S2A_2017013_20170113T155121)

Already exist the 434th image (T18TXM_S2B_2020126_20200505T154809)

Already exist the 71th image (T18TXM_S2A_2017016_20170116T155601)

Already exist the 435th image (T18TXM_S2A_2020128_20200507T153911)

Already exist the 72th image (T18TXM_S2A_2017023_20170123T154531)

Already exist the 436th image (T18TXM_S2A_2020131_20200510T154911)

Already exist the 73th image (T18TXM_S2A_2017026_20170126T155521)

Already exist the 74th image (T18TXM_S2A_2017033_20170202T154441)

Already exist the 75th image (T18TXM_S2A_2017036_20170205T160121)

Already exist the 437th image (T18TXM_S2B_2020133_20200512T153809)

Already exist the 76th image (T18TXM_S2A_2017043_20170212T154411)

Already exist the 438th image (T18TXM_S2B_2020136_20200515T154809)

Already exist the 77th image (T18TXM_S2A_2017046_20170215T155401)

Already exist the 439th image (T18TXM_S2A_2020138_20200517T153911)

Already exist the 78th image (T18TXM_S2A_2017053_20170222T155131)

Already exist the 440th image (T18TXM_S2A_2020141_20200520T154911)

Already exist the 79th image (T18TXM_S2A_2017056_20170225T155221)

Already exist the 441th image (T18TXM_S2B_2020143_20200522T153809)

Already exist the 80th image (T18TXM_S2A_2017063_20170304T154121)

Already exist the 442th image (T18TXM_S2B_2020146_20200525T154809)

Already exist the 81th image (T18TXM_S2A_2017066_20170307T160121)

Already exist the 443th image (T18TXM_S2A_2020148_20200527T153911)

Already exist the 82th image (T18TXM_S2A_2017073_20170314T155121)

Already exist the 444th image (T18TXM_S2A_2020151_20200530T154911)

Already exist the 445th image (T18TXM_S2B_2020153_20200601T153809)

Already exist the 83th image (T18TXM_S2A_2017076_20170317T154951)

Already exist the 446th image (T18TXM_S2B_2020156_20200604T154819)

Already exist the 84th image (T18TXM_S2A_2017086_20170327T160121)

Already exist the 447th image (T18TXM_S2A_2020158_20200606T153911)

Already exist the 85th image (T18TXM_S2A_2017093_20170403T155131)

Already exist the 448th image (T18TXM_S2A_2020161_20200609T154911)

Already exist the 86th image (T18TXM_S2A_2017096_20170406T154901)

Already exist the 449th image (T18TXM_S2B_2020163_20200611T153809)

Already exist the 87th image (T18TXM_S2A_2017103_20170413T153911)

Already exist the 450th image (T18TXM_S2B_2020166_20200614T154819)

Already exist the 88th image (T18TXM_S2A_2017106_20170416T160131)

Already exist the 451th image (T18TXM_S2A_2020168_20200616T153911)

Already exist the 89th image (T18TXM_S2A_2017113_20170423T155131)

Already exist the 452th image (T18TXM_S2A_2020171_20200619T154911)

Already exist the 90th image (T18TXM_S2A_2017116_20170426T154911)

Already exist the 453th image (T18TXM_S2B_2020173_20200621T153819)

Already exist the 91th image (T18TXM_S2A_2017123_20170503T153911)

Already exist the 454th image (T18TXM_S2B_2020176_20200624T154819)

Already exist the 92th image (T18TXM_S2A_2017126_20170506T160131)

Already exist the 455th image (T18TXM_S2A_2020178_20200626T153911)

Already exist the 93th image (T18TXM_S2A_2017133_20170513T155141)

Already exist the 456th image (T18TXM_S2A_2020181_20200629T154911)

Already exist the 457th image (T18TXM_S2B_2020183_20200701T153809)

Already exist the 458th image (T18TXM_S2B_2020186_20200704T154819)

Already exist the 94th image (T18TXM_S2A_2017136_20170516T154911)

Already exist the 459th image (T18TXM_S2A_2020188_20200706T153911)

Already exist the 95th image (T18TXM_S2A_2017143_20170523T153911)

Already exist the 460th image (T18TXM_S2A_2020191_20200709T154911)

Already exist the 461th image (T18TXM_S2B_2020193_20200711T153809)

Already exist the 96th image (T18TXM_S2A_2017146_20170526T160131)

Already exist the 97th image (T18TXM_S2A_2017153_20170602T155131)

Already exist the 462th image (T18TXM_S2B_2020196_20200714T154809)

Already exist the 98th image (T18TXM_S2A_2017156_20170605T154911)

Already exist the 463th image (T18TXM_S2A_2020198_20200716T153911)

Already exist the 99th image (T18TXM_S2A_2017163_20170612T153911)

Already exist the 464th image (T18TXM_S2A_2020201_20200719T154911)

Already exist the 100th image (T18TXM_S2A_2017166_20170615T160131)

Already exist the 101th image (T18TXM_S2A_2017173_20170622T155131)

Already exist the 465th image (T18TXM_S2B_2020203_20200721T153809)

Already exist the 102th image (T18TXM_S2A_2017176_20170625T154901)

Already exist the 466th image (T18TXM_S2B_2020206_20200724T154819)

Already exist the 103th image (T18TXM_S2B_2017181_20170630T160029)

Already exist the 467th image (T18TXM_S2A_2020208_20200726T153911)

Already exist the 468th image (T18TXM_S2A_2020211_20200729T154911)

Already exist the 104th image (T18TXM_S2A_2017183_20170702T154421)

Already exist the 469th image (T18TXM_S2B_2020213_20200731T153819)

Already exist the 470th image (T18TXM_S2B_2020216_20200803T154819)

Already exist the 105th image (T18TXM_S2A_2017186_20170705T160131)

Already exist the 471th image (T18TXM_S2A_2020218_20200805T153911)

Already exist the 106th image (T18TXM_S2A_2017193_20170712T155131)

Already exist the 107th image (T18TXM_S2A_2017196_20170715T154911)

Already exist the 472th image (T18TXM_S2A_2020221_20200808T154911)

Already exist the 108th image (T18TXM_S2A_2017203_20170722T153911)

Already exist the 473th image (T18TXM_S2B_2020223_20200810T153819)

Already exist the 109th image (T18TXM_S2A_2017206_20170725T160131)

Already exist the 474th image (T18TXM_S2B_2020226_20200813T154819)

Already exist the 110th image (T18TXM_S2A_2017213_20170801T155131)

Already exist the 475th image (T18TXM_S2A_2020228_20200815T153911)

Already exist the 111th image (T18TXM_S2A_2017216_20170804T154911)

Already exist the 476th image (T18TXM_S2B_2020233_20200820T153819)

Already exist the 112th image (T18TXM_S2A_2017223_20170811T153911)

Already exist the 477th image (T18TXM_S2B_2020236_20200823T154819)

Already exist the 113th image (T18TXM_S2A_2017226_20170814T160131)

Already exist the 478th image (T18TXM_S2A_2020238_20200825T153911)

Already exist the 114th image (T18TXM_S2A_2017233_20170821T155131)

Already exist the 479th image (T18TXM_S2A_2020241_20200828T154911)

Already exist the 115th image (T18TXM_S2A_2017236_20170824T154911)

Already exist the 480th image (T18TXM_S2B_2020243_20200830T153819)

Already exist the 481th image (T18TXM_S2B_2020246_20200902T154819)

Already exist the 116th image (T18TXM_S2A_2017243_20170831T153911)

Already exist the 482th image (T18TXM_S2A_2020248_20200904T153911)

Already exist the 117th image (T18TXM_S2A_2017246_20170903T160131)

Already exist the 483th image (T18TXM_S2A_2020251_20200907T154911)

Already exist the 118th image (T18TXM_S2A_2017253_20170910T155131)

Already exist the 119th image (T18TXM_S2A_2017256_20170913T154901)

Already exist the 484th image (T18TXM_S2B_2020253_20200909T153819)

Already exist the 120th image (T18TXM_S2A_2017263_20170920T153931)

Already exist the 485th image (T18TXM_S2B_2020256_20200912T154819)

Already exist the 121th image (T18TXM_S2A_2017266_20170923T160121)

Already exist the 486th image (T18TXM_S2A_2020258_20200914T153911)

Already exist the 122th image (T18TXM_S2A_2017273_20170930T155131)

Already exist the 487th image (T18TXM_S2A_2020261_20200917T154921)

Already exist the 123th image (T18TXM_S2A_2017276_20171003T155051)

Already exist the 488th image (T18TXM_S2B_2020263_20200919T153819)

Already exist the 124th image (T18TXM_S2A_2017283_20171010T154151)

Already exist the 489th image (T18TXM_S2B_2020266_20200922T154859)

Already exist the 490th image (T18TXM_S2A_2020268_20200924T154001)

Already exist the 125th image (T18TXM_S2A_2017286_20171013T160131)

Already exist the 491th image (T18TXM_S2A_2020271_20200927T155031)

Already exist the 126th image (T18TXM_S2B_2017288_20171015T155119)

Already exist the 492th image (T18TXM_S2B_2020273_20200929T153949)

Already exist the 127th image (T18TXM_S2B_2017291_20171018T155239)

Already exist the 128th image (T18TXM_S2A_2017293_20171020T155131)

Already exist the 493th image (T18TXM_S2B_2020276_20201002T155009)

Already exist the 129th image (T18TXM_S2A_2017296_20171023T155321)

Already exist the 130th image (T18TXM_S2B_2017298_20171025T154319)

Already exist the 494th image (T18TXM_S2A_2020278_20201004T154121)

Already exist the 131th image (T18TXM_S2B_2017301_20171028T160119)

Already exist the 132th image (T18TXM_S2A_2017303_20171030T154351)

Already exist the 495th image (T18TXM_S2A_2020281_20201007T155141)

Already exist the 133th image (T18TXM_S2A_2017306_20171102T160131)

Already exist the 134th image (T18TXM_S2B_2017308_20171104T155119)

Already exist the 496th image (T18TXM_S2B_2020283_20201009T154059)

Already exist the 135th image (T18TXM_S2B_2017311_20171107T155429)

Already exist the 136th image (T18TXM_S2A_2017313_20171109T155131)

Already exist the 497th image (T18TXM_S2B_2020286_20201012T155119)

Already exist the 498th image (T18TXM_S2A_2020288_20201014T154231)

Already exist the 137th image (T18TXM_S2A_2017316_20171112T155511)

Already exist the 499th image (T18TXM_S2A_2020291_20201017T155251)

Already exist the 138th image (T18TXM_S2B_2017318_20171114T154459)

Already exist the 139th image (T18TXM_S2B_2017321_20171117T155519)

Already exist the 500th image (T18TXM_S2B_2020293_20201019T154159)

Already exist the 140th image (T18TXM_S2A_2017323_20171119T154531)

Already exist the 501th image (T18TXM_S2B_2020296_20201022T155229)

Already exist the 141th image (T18TXM_S2A_2017326_20171122T160131)

Already exist the 502th image (T18TXM_S2A_2020298_20201024T154331)

Already exist the 142th image (T18TXM_S2B_2017331_20171127T155559)

Already exist the 503th image (T18TXM_S2A_2020301_20201027T155341)

Already exist the 143th image (T18TXM_S2A_2017333_20171129T155131)

Already exist the 504th image (T18TXM_S2B_2020303_20201029T154359)

Already exist the 144th image (T18TXM_S2A_2017336_20171202T155621)

Already exist the 505th image (T18TXM_S2B_2020306_20201101T155419)

Already exist the 145th image (T18TXM_S2B_2017341_20171207T155629)

Already exist the 146th image (T18TXM_S2A_2017343_20171209T154631)

Already exist the 147th image (T18TXM_S2A_2017346_20171212T160121)

Already exist the 148th image (T18TXM_S2B_2017348_20171214T154639)

Already exist the 506th image (T18TXM_S2A_2020308_20201103T154431)

Already exist the 149th image (T18TXM_S2B_2017351_20171217T155639)

Already exist the 150th image (T18TXM_S2A_2017353_20171219T155131)

Already exist the 507th image (T18TXM_S2A_2020311_20201106T155451)

Already exist the 151th image (T18TXM_S2A_2017356_20171222T155651)

Already exist the 152th image (T18TXM_S2B_2017358_20171224T154639)

Already exist the 153th image (T18TXM_S2B_2017361_20171227T155639)

Already exist the 508th image (T18TXM_S2B_2020313_20201108T154449)

Already exist the 509th image (T18TXM_S2B_2020316_20201111T155509)

Already exist the 154th image (T18TXM_S2A_2017363_20171229T154641)

Already exist the 510th image (T18TXM_S2A_2020318_20201113T154521)

Already exist the 155th image (T18TXM_S2A_2018001_20180101T160121)

Already exist the 511th image (T18TXM_S2A_2020321_20201116T155531)

Already exist the 156th image (T18TXM_S2B_2018003_20180103T154629)

Already exist the 512th image (T18TXM_S2B_2020323_20201118T154539)

Already exist the 157th image (T18TXM_S2B_2018006_20180106T155629)

Already exist the 513th image (T18TXM_S2B_2020326_20201121T155549)

Already exist the 158th image (T18TXM_S2A_2018011_20180111T155621)

Already exist the 514th image (T18TXM_S2A_2020328_20201123T154601)

Already exist the 159th image (T18TXM_S2B_2018013_20180113T154609)

Already exist the 515th image (T18TXM_S2A_2020331_20201126T155611)

Already exist the 160th image (T18TXM_S2B_2018016_20180116T155609)

Already exist the 516th image (T18TXM_S2B_2020333_20201128T154609)

Already exist the 161th image (T18TXM_S2A_2018018_20180118T154551)

Already exist the 517th image (T18TXM_S2B_2020336_20201201T155629)

Already exist the 162th image (T18TXM_S2A_2018021_20180121T160121)

Already exist the 518th image (T18TXM_S2A_2020338_20201203T154631)

Already exist the 163th image (T18TXM_S2B_2018023_20180123T154529)

Already exist the 519th image (T18TXM_S2A_2020341_20201206T155641)

Already exist the 520th image (T18TXM_S2B_2020343_20201208T154639)

Already exist the 164th image (T18TXM_S2B_2018026_20180126T155519)

Already exist the 165th image (T18TXM_S2A_2018031_20180131T155501)

Already exist the 521th image (T18TXM_S2B_2020346_20201211T155649)

Already exist the 166th image (T18TXM_S2B_2018033_20180202T154439)

Already exist the 522th image (T18TXM_S2A_2020348_20201213T154641)

Already exist the 167th image (T18TXM_S2B_2018036_20180205T155429)

Already exist the 523th image (T18TXM_S2A_2020351_20201216T155651)

Already exist the 168th image (T18TXM_S2A_2018038_20180207T154421)

Already exist the 524th image (T18TXM_S2B_2020353_20201218T154649)

Already exist the 169th image (T18TXM_S2A_2018041_20180210T155401)

Already exist the 525th image (T18TXM_S2B_2020356_20201221T155649)

Already exist the 170th image (T18TXM_S2B_2018043_20180212T154339)

Already exist the 526th image (T18TXM_S2A_2020358_20201223T154651)

Already exist the 171th image (T18TXM_S2B_2018046_20180215T155329)

Already exist the 172th image (T18TXM_S2A_2018048_20180217T154311)

Already exist the 173th image (T18TXM_S2A_2018051_20180220T155301)

Already exist the 174th image (T18TXM_S2B_2018053_20180222T154239)

Already exist the 527th image (T18TXM_S2A_2020361_20201226T155651)

Already exist the 175th image (T18TXM_S2B_2018056_20180225T155219)

Already exist the 528th image (T18TXM_S2B_2020363_20201228T154649)

Already exist the 176th image (T18TXM_S2A_2018058_20180227T154211)

Already exist the 529th image (T18TXM_S2B_2020366_20201231T155649)

Already exist the 177th image (T18TXM_S2A_2018061_20180302T155151)

Already exist the 530th image (T18TXM_S2A_2021005_20210105T155641)

Already exist the 178th image (T18TXM_S2B_2018063_20180304T154129)

Already exist the 531th image (T18TXM_S2B_2021007_20210107T154629)

Already exist the 179th image (T18TXM_S2B_2018066_20180307T155109)

Already exist the 180th image (T18TXM_S2A_2018068_20180309T154051)

Already exist the 532th image (T18TXM_S2B_2021010_20210110T155629)

Already exist the 181th image (T18TXM_S2B_2018073_20180314T154009)

Already exist the 533th image (T18TXM_S2A_2021012_20210112T154621)

Already exist the 182th image (T18TXM_S2B_2018076_20180317T154959)

Already exist the 534th image (T18TXM_S2A_2021015_20210115T155611)

Already exist the 183th image (T18TXM_S2A_2018078_20180319T153941)

Already exist the 184th image (T18TXM_S2A_2018081_20180322T154921)

Already exist the 535th image (T18TXM_S2B_2021017_20210117T154559)

Already exist the 185th image (T18TXM_S2B_2018083_20180324T153909)

Already exist the 536th image (T18TXM_S2B_2021020_20210120T155559)

Already exist the 186th image (T18TXM_S2B_2018086_20180327T154859)

Already exist the 537th image (T18TXM_S2A_2021022_20210122T154541)

Already exist the 187th image (T18TXM_S2A_2018088_20180329T153901)

Already exist the 538th image (T18TXM_S2A_2021025_20210125T155531)

Already exist the 188th image (T18TXM_S2A_2018091_20180401T154901)

Already exist the 189th image (T18TXM_S2B_2018093_20180403T153859)

Already exist the 539th image (T18TXM_S2B_2021027_20210127T154519)

Already exist the 190th image (T18TXM_S2B_2018096_20180406T154859)

Already exist the 191th image (T18TXM_S2A_2018098_20180408T153911)

Already exist the 192th image (T18TXM_S2A_2018101_20180411T155011)

Already exist the 540th image (T18TXM_S2B_2021030_20210130T155509)

Already exist the 541th image (T18TXM_S2A_2021032_20210201T154451)

Already exist the 542th image (T18TXM_S2A_2021035_20210204T155441)

Already exist the 543th image (T18TXM_S2B_2021037_20210206T154329)

Already exist the 193th image (T18TXM_S2B_2018103_20180413T153909)

Already exist the 544th image (T18TXM_S2B_2021040_20210209T155309)

Already exist the 194th image (T18TXM_S2B_2018106_20180416T154909)

Already exist the 195th image (T18TXM_S2A_2018108_20180418T153911)

Already exist the 545th image (T18TXM_S2A_2021042_20210211T154351)

Already exist the 196th image (T18TXM_S2A_2018111_20180421T154911)

Already exist the 197th image (T18TXM_S2B_2018113_20180423T153909)

Already exist the 198th image (T18TXM_S2B_2018116_20180426T154909)

Already exist the 546th image (T18TXM_S2A_2021045_20210214T155331)

Already exist the 199th image (T18TXM_S2A_2018118_20180428T153911)

Already exist the 547th image (T18TXM_S2B_2021047_20210216T154219)

Already exist the 200th image (T18TXM_S2A_2018121_20180501T154911)

Already exist the 201th image (T18TXM_S2B_2018123_20180503T153909)

Already exist the 202th image (T18TXM_S2A_2018128_20180508T153911)

Already exist the 203th image (T18TXM_S2A_2018131_20180511T154911)

Already exist the 548th image (T18TXM_S2B_2021050_20210219T155209)

Already exist the 204th image (T18TXM_S2B_2018133_20180513T153809)

Already exist the 549th image (T18TXM_S2A_2021052_20210221T154251)

Already exist the 205th image (T18TXM_S2A_2018138_20180518T154021)

Already exist the 550th image (T18TXM_S2A_2021055_20210224T155231)

Already exist the 206th image (T18TXM_S2A_2018141_20180521T154911)

Already exist the 207th image (T18TXM_S2B_2018143_20180523T153819)

Already exist the 551th image (T18TXM_S2B_2021057_20210226T154119)

Already exist the 208th image (T18TXM_S2B_2018146_20180526T155239)

Already exist the 552th image (T18TXM_S2B_2021060_20210301T155059)

Already exist the 209th image (T18TXM_S2A_2018148_20180528T153911)

Already exist the 553th image (T18TXM_S2A_2021062_20210303T154141)

Already exist the 210th image (T18TXM_S2A_2018151_20180531T155021)

Already exist the 554th image (T18TXM_S2A_2021065_20210306T155121)

Already exist the 211th image (T18TXM_S2B_2018153_20180602T153859)

Already exist the 212th image (T18TXM_S2B_2018156_20180605T154859)

Already exist the 555th image (T18TXM_S2B_2021067_20210308T154009)

Already exist the 213th image (T18TXM_S2A_2018158_20180607T153911)

Already exist the 214th image (T18TXM_S2A_2018161_20180610T154901)

Already exist the 215th image (T18TXM_S2B_2018163_20180612T153809)

Already exist the 216th image (T18TXM_S2B_2018166_20180615T154809)

Already exist the 217th image (T18TXM_S2A_2018168_20180617T153911)

Already exist the 556th image (T18TXM_S2B_2021070_20210311T154949)

Already exist the 218th image (T18TXM_S2A_2018171_20180620T155011)

Already exist the 219th image (T18TXM_S2B_2018173_20180622T153809)

Already exist the 557th image (T18TXM_S2A_2021072_20210313T154021)

Already exist the 220th image (T18TXM_S2B_2018176_20180625T154809)

Already exist the 558th image (T18TXM_S2A_2021075_20210316T155011)

Already exist the 221th image (T18TXM_S2A_2018178_20180627T153911)

Already exist the 559th image (T18TXM_S2B_2021077_20210318T153859)

Already exist the 222th image (T18TXM_S2A_2018181_20180630T154911)

Already exist the 223th image (T18TXM_S2B_2018183_20180702T153809)

Already exist the 560th image (T18TXM_S2B_2021080_20210321T154839)

Already exist the 224th image (T18TXM_S2B_2018186_20180705T154809)

Already exist the 561th image (T18TXM_S2A_2021082_20210323T153911)

Already exist the 225th image (T18TXM_S2A_2018188_20180707T153911)

Already exist the 562th image (T18TXM_S2A_2021085_20210326T154901)

Already exist the 226th image (T18TXM_S2A_2018191_20180710T154911)

Already exist the 563th image (T18TXM_S2B_2021087_20210328T153809)

Already exist the 564th image (T18TXM_S2B_2021090_20210331T154809)

Already exist the 227th image (T18TXM_S2B_2018193_20180712T153809)

Already exist the 228th image (T18TXM_S2B_2018196_20180715T154809)

Already exist the 565th image (T18TXM_S2A_2021092_20210402T153901)

Already exist the 229th image (T18TXM_S2A_2018198_20180717T153911)

Already exist the 566th image (T18TXM_S2A_2021095_20210405T154901)

Already exist the 230th image (T18TXM_S2A_2018201_20180720T154911)

Already exist the 567th image (T18TXM_S2B_2021097_20210407T153809)

Already exist the 231th image (T18TXM_S2B_2018203_20180722T153809)

Already exist the 568th image (T18TXM_S2B_2021100_20210410T154809)

Already exist the 232th image (T18TXM_S2B_2018206_20180725T154809)

Already exist the 569th image (T18TXM_S2A_2021102_20210412T153901)

Already exist the 233th image (T18TXM_S2A_2018208_20180727T153911)

Already exist the 234th image (T18TXM_S2A_2018211_20180730T154911)

Already exist the 235th image (T18TXM_S2B_2018213_20180801T154109)

Already exist the 570th image (T18TXM_S2A_2021105_20210415T154901)

Already exist the 236th image (T18TXM_S2B_2018216_20180804T154859)

Already exist the 571th image (T18TXM_S2B_2021107_20210417T153809)

Already exist the 237th image (T18TXM_S2A_2018218_20180806T153911)

Already exist the 572th image (T18TXM_S2A_2021112_20210422T153901)

Already exist the 238th image (T18TXM_S2A_2018221_20180809T154901)

Already exist the 573th image (T18TXM_S2A_2021115_20210425T154901)

Already exist the 239th image (T18TXM_S2B_2018223_20180811T153809)

Already exist the 574th image (T18TXM_S2B_2021117_20210427T153809)

Already exist the 240th image (T18TXM_S2B_2018226_20180814T154859)

Already exist the 575th image (T18TXM_S2B_2021120_20210430T154809)

Already exist the 241th image (T18TXM_S2A_2018228_20180816T153911)

Already exist the 576th image (T18TXM_S2A_2021122_20210502T153901)

Already exist the 242th image (T18TXM_S2A_2018231_20180819T154901)

Already exist the 577th image (T18TXM_S2A_2021125_20210505T154901)

Already exist the 243th image (T18TXM_S2B_2018233_20180821T153809)

Already exist the 578th image (T18TXM_S2B_2021127_20210507T153809)

Already exist the 244th image (T18TXM_S2B_2018236_20180824T154809)

Already exist the 579th image (T18TXM_S2B_2021130_20210510T154809)

Already exist the 245th image (T18TXM_S2A_2018238_20180826T153901)

Already exist the 580th image (T18TXM_S2A_2021132_20210512T153911)

Already exist the 246th image (T18TXM_S2A_2018241_20180829T154901)

Already exist the 581th image (T18TXM_S2A_2021135_20210515T154911)

Already exist the 582th image (T18TXM_S2B_2021137_20210517T153809)

Already exist the 583th image (T18TXM_S2B_2021140_20210520T154809)

Already exist the 247th image (T18TXM_S2B_2018243_20180831T153759)

Already exist the 584th image (T18TXM_S2A_2021142_20210522T153911)

Already exist the 248th image (T18TXM_S2B_2018246_20180903T155019)

Already exist the 249th image (T18TXM_S2A_2018248_20180905T153901)

Already exist the 585th image (T18TXM_S2A_2021145_20210525T154911)

Already exist the 250th image (T18TXM_S2A_2018251_20180908T154901)

Already exist the 586th image (T18TXM_S2B_2021147_20210527T153809)

Already exist the 251th image (T18TXM_S2B_2018253_20180910T154539)

Already exist the 587th image (T18TXM_S2B_2021150_20210530T154809)

Already exist the 252th image (T18TXM_S2B_2018256_20180913T154859)

Already exist the 588th image (T18TXM_S2A_2021152_20210601T153911)

Already exist the 253th image (T18TXM_S2A_2018261_20180918T154911)

Already exist the 589th image (T18TXM_S2A_2021155_20210604T154911)

Already exist the 254th image (T18TXM_S2B_2018263_20180920T153919)

Already exist the 590th image (T18TXM_S2B_2021157_20210606T153809)

Already exist the 591th image (T18TXM_S2B_2021160_20210609T154809)

Already exist the 255th image (T18TXM_S2B_2018266_20180923T154949)

Already exist the 592th image (T18TXM_S2A_2021162_20210611T153911)

Already exist the 256th image (T18TXM_S2A_2018268_20180925T154001)

Already exist the 593th image (T18TXM_S2A_2021165_20210614T154911)

Already exist the 257th image (T18TXM_S2A_2018271_20180928T155021)

Already exist the 594th image (T18TXM_S2B_2021167_20210616T153809)

Already exist the 258th image (T18TXM_S2B_2018273_20180930T154029)

Already exist the 595th image (T18TXM_S2B_2021170_20210619T154809)

Already exist the 259th image (T18TXM_S2B_2018276_20181003T155049)

Already exist the 596th image (T18TXM_S2A_2021172_20210621T153911)

Already exist the 597th image (T18TXM_S2A_2021175_20210624T154911)

Already exist the 260th image (T18TXM_S2A_2018278_20181005T154111)

Already exist the 598th image (T18TXM_S2B_2021177_20210626T153809)

Already exist the 599th image (T18TXM_S2B_2021180_20210629T154809)

Already exist the 261th image (T18TXM_S2A_2018281_20181008T155141)

Already exist the 262th image (T18TXM_S2B_2018283_20181010T154249)

Already exist the 600th image (T18TXM_S2A_2021182_20210701T153911)

Already exist the 601th image (T18TXM_S2A_2021185_20210704T154911)

Already exist the 602th image (T18TXM_S2B_2021187_20210706T153809)

Already exist the 263th image (T18TXM_S2B_2018286_20181013T155209)

Already exist the 603th image (T18TXM_S2B_2021190_20210709T154819)

Already exist the 264th image (T18TXM_S2A_2018288_20181015T154221)

Already exist the 604th image (T18TXM_S2A_2021192_20210711T153911)

Already exist the 265th image (T18TXM_S2A_2018291_20181018T155241)

Already exist the 266th image (T18TXM_S2B_2018293_20181020T154249)

Already exist the 605th image (T18TXM_S2A_2021195_20210714T154911)

Already exist the 606th image (T18TXM_S2B_2021197_20210716T153809)

Already exist the 267th image (T18TXM_S2B_2018296_20181023T155319)

Already exist the 607th image (T18TXM_S2B_2021200_20210719T154819)

Already exist the 268th image (T18TXM_S2A_2018298_20181025T154321)

Already exist the 608th image (T18TXM_S2A_2021202_20210721T153911)

Already exist the 269th image (T18TXM_S2A_2018301_20181028T155341)

Already exist the 609th image (T18TXM_S2A_2021205_20210724T154911)

Already exist the 270th image (T18TXM_S2B_2018303_20181030T154359)

Already exist the 610th image (T18TXM_S2B_2021207_20210726T153809)

Already exist the 271th image (T18TXM_S2B_2018306_20181102T155419)

Already exist the 611th image (T18TXM_S2B_2021210_20210729T154819)

Already exist the 272th image (T18TXM_S2A_2018308_20181104T154421)

Already exist the 612th image (T18TXM_S2A_2021212_20210731T153911)

Already exist the 273th image (T18TXM_S2A_2018311_20181107T155441)

Already exist the 274th image (T18TXM_S2B_2018313_20181109T154449)

Already exist the 613th image (T18TXM_S2A_2021215_20210803T154911)

Already exist the 275th image (T18TXM_S2A_2018318_20181114T154511)

Already exist the 276th image (T18TXM_S2A_2018321_20181117T155531)

Already exist the 614th image (T18TXM_S2B_2021217_20210805T153809)

Already exist the 615th image (T18TXM_S2B_2021220_20210808T154809)

Already exist the 616th image (T18TXM_S2A_2021222_20210810T153911)

Already exist the 277th image (T18TXM_S2B_2018323_20181119T154539)

Already exist the 617th image (T18TXM_S2A_2021225_20210813T154911)

Already exist the 618th image (T18TXM_S2B_2021227_20210815T153809)

Already exist the 278th image (T18TXM_S2B_2018326_20181122T155549)

Already exist the 619th image (T18TXM_S2B_2021230_20210818T154809)

Already exist the 279th image (T18TXM_S2A_2018328_20181124T154551)

Already exist the 620th image (T18TXM_S2A_2021232_20210820T153911)

Already exist the 280th image (T18TXM_S2A_2018331_20181127T155601)

Already exist the 621th image (T18TXM_S2A_2021235_20210823T154911)

Already exist the 281th image (T18TXM_S2B_2018333_20181129T154609)

Already exist the 622th image (T18TXM_S2B_2021237_20210825T153809)

Already exist the 282th image (T18TXM_S2B_2018336_20181202T155619)

Already exist the 623th image (T18TXM_S2B_2021240_20210828T154809)

Already exist the 283th image (T18TXM_S2A_2018338_20181204T154621)

Already exist the 624th image (T18TXM_S2A_2021242_20210830T153911)

Already exist the 284th image (T18TXM_S2A_2018341_20181207T155631)

Already exist the 625th image (T18TXM_S2A_2021245_20210902T154911)

Already exist the 285th image (T18TXM_S2B_2018343_20181209T154629)

Already exist the 626th image (T18TXM_S2B_2021247_20210904T153809)

Already exist the 286th image (T18TXM_S2B_2018346_20181212T155639)

Already exist the 627th image (T18TXM_S2B_2021250_20210907T154809)

Already exist the 287th image (T18TXM_S2A_2018348_20181214T154641)

Already exist the 288th image (T18TXM_S2A_2018351_20181217T155641)

Already exist the 628th image (T18TXM_S2A_2021252_20210909T153911)

Already exist the 289th image (T18TXM_S2B_2018353_20181219T154649)

Already exist the 629th image (T18TXM_S2A_2021255_20210912T154911)

Already exist the 290th image (T18TXM_S2B_2018356_20181222T155649)

Already exist the 630th image (T18TXM_S2B_2021257_20210914T153809)

Already exist the 291th image (T18TXM_S2A_2018358_20181224T154641)

Already exist the 631th image (T18TXM_S2B_2021260_20210917T154809)

Already exist the 292th image (T18TXM_S2A_2018361_20181227T155651)

Already exist the 632th image (T18TXM_S2A_2021262_20210919T153931)

Already exist the 293th image (T18TXM_S2B_2018363_20181229T154649)

Already exist the 633th image (T18TXM_S2A_2021265_20210922T154951)

Already exist the 294th image (T18TXM_S2B_2019001_20190101T155649)

Already exist the 634th image (T18TXM_S2B_2021267_20210924T153859)

Already exist the 295th image (T18TXM_S2A_2019003_20190103T154641)

Already exist the 635th image (T18TXM_S2B_2021270_20210927T154929)

Already exist the 296th image (T18TXM_S2A_2019006_20190106T155631)

Already exist the 636th image (T18TXM_S2A_2021272_20210929T154041)

Already exist the 297th image (T18TXM_S2B_2019008_20190108T154629)

Already exist the 637th image (T18TXM_S2A_2021275_20211002T155101)

Already exist the 298th image (T18TXM_S2B_2019011_20190111T155629)

Already exist the 638th image (T18TXM_S2B_2021277_20211004T154009)

Already exist the 299th image (T18TXM_S2A_2019013_20190113T154611)

Already exist the 639th image (T18TXM_S2B_2021280_20211007T155039)

Already exist the 300th image (T18TXM_S2A_2019016_20190116T155611)

Already exist the 640th image (T18TXM_S2A_2021282_20211009T154151)

Already exist the 301th image (T18TXM_S2B_2019018_20190118T154559)

Already exist the 641th image (T18TXM_S2A_2021285_20211012T155211)

Already exist the 302th image (T18TXM_S2B_2019021_20190121T155549)

Already exist the 642th image (T18TXM_S2B_2021287_20211014T154129)

Already exist the 303th image (T18TXM_S2A_2019023_20190123T154541)

Already exist the 643th image (T18TXM_S2B_2021290_20211017T155149)

Already exist the 304th image (T18TXM_S2A_2019026_20190126T155531)

Already exist the 644th image (T18TXM_S2A_2021292_20211019T154251)

Already exist the 305th image (T18TXM_S2B_2019028_20190128T154519)

Already exist the 645th image (T18TXM_S2A_2021295_20211022T155321)

Already exist the 306th image (T18TXM_S2B_2019031_20190131T155509)

Already exist the 646th image (T18TXM_S2B_2021297_20211024T154229)

Already exist the 307th image (T18TXM_S2A_2019033_20190202T154451)

Already exist the 647th image (T18TXM_S2B_2021300_20211027T155249)

Already exist the 308th image (T18TXM_S2A_2019036_20190205T155431)

Already exist the 648th image (T18TXM_S2A_2021302_20211029T154401)

Already exist the 309th image (T18TXM_S2B_2019038_20190207T154419)

Already exist the 649th image (T18TXM_S2A_2021305_20211101T155421)

Already exist the 310th image (T18TXM_S2B_2019041_20190210T155409)

Already exist the 311th image (T18TXM_S2A_2019043_20190212T154351)

Already exist the 312th image (T18TXM_S2A_2019046_20190215T155331)

Already exist the 313th image (T18TXM_S2B_2019048_20190217T154319)

Already exist the 650th image (T18TXM_S2B_2021307_20211103T154329)

Already exist the 314th image (T18TXM_S2B_2019051_20190220T155259)

Already exist the 651th image (T18TXM_S2B_2021310_20211106T155439)

Already exist the 315th image (T18TXM_S2A_2019053_20190222T154241)

Already exist the 652th image (T18TXM_S2A_2021315_20211111T155511)

Already exist the 316th image (T18TXM_S2A_2019056_20190225T155221)

Already exist the 317th image (T18TXM_S2B_2019058_20190227T154239)

Already exist the 318th image (T18TXM_S2B_2019061_20190302T155149)

Already exist the 653th image (T18TXM_S2B_2021317_20211113T154509)

Already exist the 319th image (T18TXM_S2A_2019063_20190304T154131)

Already exist the 320th image (T18TXM_S2A_2019066_20190307T155111)

Already exist the 654th image (T18TXM_S2B_2021320_20211116T155529)

Already exist the 321th image (T18TXM_S2B_2019068_20190309T154049)

Already exist the 655th image (T18TXM_S2A_2021322_20211118T154531)

Already exist the 322th image (T18TXM_S2B_2019071_20190312T155209)

Already exist the 656th image (T18TXM_S2A_2021325_20211121T155551)

Already exist the 323th image (T18TXM_S2A_2019073_20190314T154021)

Already exist the 324th image (T18TXM_S2A_2019076_20190317T155001)

Already exist the 657th image (T18TXM_S2B_2021327_20211123T154549)

Already exist the 325th image (T18TXM_S2B_2019078_20190319T153949)

Already exist the 658th image (T18TXM_S2B_2021330_20211126T155609)

Already exist the 326th image (T18TXM_S2B_2019081_20190322T154919)

Already exist the 659th image (T18TXM_S2A_2021332_20211128T154611)

Already exist the 327th image (T18TXM_S2A_2019083_20190324T153911)

Already exist the 660th image (T18TXM_S2A_2021335_20211201T155621)

Already exist the 328th image (T18TXM_S2A_2019086_20190327T154901)

Already exist the 661th image (T18TXM_S2B_2021337_20211203T154619)

Already exist the 329th image (T18TXM_S2B_2019088_20190329T154019)

Already exist the 330th image (T18TXM_S2B_2019091_20190401T154819)

Already exist the 662th image (T18TXM_S2B_2021340_20211206T155629)

Already exist the 331th image (T18TXM_S2A_2019093_20190403T153911)

Already exist the 332th image (T18TXM_S2A_2019096_20190406T154911)

Already exist the 333th image (T18TXM_S2B_2019098_20190408T153819)

Already exist the 334th image (T18TXM_S2B_2019101_20190411T154819)

Already exist the 335th image (T18TXM_S2A_2019103_20190413T153911)

Already exist the 663th image (T18TXM_S2A_2021342_20211208T154641)

Already exist the 336th image (T18TXM_S2A_2019106_20190416T154911)

Already exist the 337th image (T18TXM_S2B_2019108_20190418T153819)

Already exist the 664th image (T18TXM_S2A_2021345_20211211T155651)

Already exist the 338th image (T18TXM_S2B_2019111_20190421T154819)

Already exist the 665th image (T18TXM_S2A_2021352_20211218T154651)

Already exist the 339th image (T18TXM_S2A_2019113_20190423T153911)

Already exist the 666th image (T18TXM_S2A_2021355_20211221T155701)

Already exist the 340th image (T18TXM_S2A_2019116_20190426T154911)

Already exist the 667th image (T18TXM_S2B_2021357_20211223T154649)

Already exist the 341th image (T18TXM_S2B_2019121_20190501T154819)

Already exist the 342th image (T18TXM_S2A_2019126_20190506T154911)

Already exist the 668th image (T18TXM_S2B_2021360_20211226T155649)

Already exist the 343th image (T18TXM_S2B_2019131_20190511T154819)

Already exist the 669th image (T18TXM_S2A_2021362_20211228T154651)

Already exist the 344th image (T18TXM_S2A_2019133_20190513T153911)

Already exist the 670th image (T18TXM_S2A_2021365_20211231T155651)

Already exist the 345th image (T18TXM_S2B_2019141_20190521T154819)

Already exist the 671th image (T18TXM_S2B_2022002_20220102T154639)

Already exist the 346th image (T18TXM_S2A_2019143_20190523T153911)

Already exist the 672th image (T18TXM_S2B_2022005_20220105T155639)

Already exist the 347th image (T18TXM_S2A_2019146_20190526T154911)

Already exist the 348th image (T18TXM_S2B_2019151_20190531T154819)

Already exist the 673th image (T18TXM_S2A_2022007_20220107T154631)

Already exist the 349th image (T18TXM_S2B_2019158_20190607T153819)

Already exist the 674th image (T18TXM_S2A_2022010_20220110T155631)

Already exist the 350th image (T18TXM_S2B_2019161_20190610T154819)

Already exist the 675th image (T18TXM_S2B_2022012_20220112T154619)

Already exist the 351th image (T18TXM_S2A_2019176_20190625T154911)

Already exist the 676th image (T18TXM_S2B_2022015_20220115T155609)

Already exist the 352th image (T18TXM_S2B_2019181_20190630T154819)

Already exist the 677th image (T18TXM_S2A_2022017_20220117T154601)

Already exist the 353th image (T18TXM_S2A_2019183_20190702T153911)

Already exist the 678th image (T18TXM_S2A_2022020_20220120T155551)

Already exist the 354th image (T18TXM_S2A_2019186_20190705T154911)

Already exist the 679th image (T18TXM_S2B_2022022_20220122T154539)

Already exist the 355th image (T18TXM_S2B_2019188_20190707T153819)

Already exist the 356th image (T18TXM_S2B_2019198_20190717T153819)

Already exist the 680th image (T18TXM_S2B_2022025_20220125T155529)

Already exist the 357th image (T18TXM_S2B_2019201_20190720T154819)

Already exist the 681th image (T18TXM_S2A_2022027_20220127T154521)

Already exist the 358th image (T18TXM_S2A_2019206_20190725T154911)

Already exist the 682th image (T18TXM_S2A_2022030_20220130T155511)

Already exist the 359th image (T18TXM_S2B_2019208_20190727T153819)

Already exist the 683th image (T18TXM_S2B_2022032_20220201T154449)

Already exist the 360th image (T18TXM_S2A_2019236_20190824T154911)

Already exist the 684th image (T18TXM_S2B_2022035_20220204T155439)

Already exist the 361th image (T18TXM_S2A_2019243_20190831T153911)

Already exist the 685th image (T18TXM_S2A_2022037_20220206T154431)

Already exist the 686th image (T18TXM_S2A_2022040_20220209T155411)

Already exist the 362th image (T18TXM_S2A_2019253_20190910T153901)

Already exist the 687th image (T18TXM_S2B_2022042_20220211T154259)

Already exist the 363th image (T18TXM_S2A_2019256_20190913T154901)

Already exist the 688th image (T18TXM_S2B_2022045_20220214T155239)

Already exist the 689th image (T18TXM_S2A_2022047_20220216T154321)

Already exist the 690th image (T18TXM_S2A_2022050_20220219T155311)

Already exist the 691th image (T18TXM_S2B_2022052_20220221T154149)

Already exist the 692th image (T18TXM_S2B_2022055_20220224T155129)

Already exist the 693th image (T18TXM_S2A_2022057_20220226T154221)

Already exist the 694th image (T18TXM_S2A_2022060_20220301T155201)

Already exist the 695th image (T18TXM_S2B_2022062_20220303T154039)

Already exist the 696th image (T18TXM_S2B_2022065_20220306T155029)

Already exist the 697th image (T18TXM_S2A_2022067_20220308T154111)

Already exist the 698th image (T18TXM_S2A_2022070_20220311T155051)

Already exist the 699th image (T18TXM_S2B_2022072_20220313T153929)

Already exist the 700th image (T18TXM_S2B_2022075_20220316T154909)

Already exist the 701th image (T18TXM_S2A_2022077_20220318T154001)

Already exist the 702th image (T18TXM_S2A_2022080_20220321T154941)

Already exist the 703th image (T18TXM_S2B_2022082_20220323T153809)

Already exist the 704th image (T18TXM_S2B_2022085_20220326T154809)

Already exist the 705th image (T18TXM_S2A_2022087_20220328T153841)

Already exist the 706th image (T18TXM_S2A_2022090_20220331T154821)

Already exist the 707th image (T18TXM_S2B_2022092_20220402T153809)

Already exist the 708th image (T18TXM_S2B_2022095_20220405T154809)

Already exist the 709th image (T18TXM_S2A_2022097_20220407T153811)

Already exist the 710th image (T18TXM_S2A_2022100_20220410T154811)

Already exist the 711th image (T18TXM_S2B_2022102_20220412T153809)

Already exist the 712th image (T18TXM_S2B_2022105_20220415T154809)

Already exist the 713th image (T18TXM_S2A_2022107_20220417T153811)

Already exist the 714th image (T18TXM_S2A_2022110_20220420T154941)

Already exist the 715th image (T18TXM_S2B_2022112_20220422T153809)

Already exist the 716th image (T18TXM_S2B_2022115_20220425T154809)

Already exist the 717th image (T18TXM_S2A_2022117_20220427T153821)

Already exist the 718th image (T18TXM_S2A_2022120_20220430T154821)

Already exist the 719th image (T18TXM_S2B_2022122_20220502T153809)

Already exist the 720th image (T18TXM_S2B_2022125_20220505T154809)

Already exist the 721th image (T18TXM_S2A_2022127_20220507T153821)

Already exist the 722th image (T18TXM_S2A_2022130_20220510T154821)

Already exist the 723th image (T18TXM_S2B_2022132_20220512T153809)

Already exist the 724th image (T18TXM_S2B_2022135_20220515T154809)

Already exist the 725th image (T18TXM_S2A_2022137_20220517T153821)
