cn654
#######################################################
Working on appending ideal solar angles on the table
ci: 155
cn: 200
raw: /gpfs/sharedfs1/zhulab/Yang/GlobalGreeningData/LandsatData/Reflectance/
des: /gpfs/sharedfs1/zhulab/Kexin/ProjectGlobalResilience/LandsatData/
target: SurfaceReflectanceAngles
***********************************************************
Working for plot_0154001_0155000.csv
File saved as plot_0154001_0155000_brdf.csv
***********************************************************
Working for plot_0354001_0355000.csv
File saved as plot_0354001_0355000_brdf.csv
***********************************************************
Working for plot_0554001_0555000.csv
File saved as plot_0554001_0555000_brdf.csv
***********************************************************
Working for plot_0754001_0755000.csv
Warning: the degree cloest to the inclination {81.800000} was used for the high altitude
Warning: the degree cloest to the inclination {81.800000} was used for the high altitude
Warning: the degree cloest to the inclination {81.800000} was used for the high altitude
Warning: the degree cloest to the inclination {81.800000} was used for the high altitude
Warning: the degree cloest to the inclination {81.800000} was used for the high altitude
Warning: the degree cloest to the inclination {81.800000} was used for the high altitude
Warning: the degree cloest to the inclination {81.800000} was used for the high altitude
Warning: the degree cloest to the inclination {81.800000} was used for the high altitude
Warning: the degree cloest to the inclination {81.800000} was used for the high altitude
Warning: the degree cloest to the inclination {81.800000} was used for the high altitude
Warning: the degree cloest to the inclination {81.800000} was used for the high altitude
Warning: the degree cloest to the inclination {81.800000} was used for the high altitude
Warning: the degree cloest to the inclination {81.800000} was used for the high altitude
File saved as plot_0754001_0755000_brdf.csv
***********************************************************
Working for plot_0954001_0955000.csv
File saved as plot_0954001_0955000_brdf.csv
