cn654
#######################################################
Working on appending ideal solar angles on the table
ci: 158
cn: 200
raw: /gpfs/sharedfs1/zhulab/Yang/GlobalGreeningData/LandsatData/Reflectance/
des: /gpfs/sharedfs1/zhulab/Kexin/ProjectGlobalResilience/LandsatData/
target: SurfaceReflectanceAngles
***********************************************************
Working for plot_0157001_0158000.csv
File saved as plot_0157001_0158000_brdf.csv
***********************************************************
Working for plot_0357001_0358000.csv
Warning: the degree cloest to the inclination {81.800000} was used for the high altitude
Warning: the degree cloest to the inclination {81.800000} was used for the high altitude
File saved as plot_0357001_0358000_brdf.csv
***********************************************************
Working for plot_0557001_0558000.csv
File saved as plot_0557001_0558000_brdf.csv
***********************************************************
Working for plot_0757001_0758000.csv
Warning: the degree cloest to the inclination {81.800000} was used for the high altitude
File saved as plot_0757001_0758000_brdf.csv
***********************************************************
Working for plot_0957001_0958000.csv
File saved as plot_0957001_0958000_brdf.csv
