cn655
#######################################################
Working on appending ideal solar angles on the table
ci: 123
cn: 200
raw: /gpfs/sharedfs1/zhulab/Yang/GlobalGreeningData/LandsatData/Reflectance/
des: /gpfs/sharedfs1/zhulab/Kexin/ProjectGlobalResilience/LandsatData/
target: SurfaceReflectanceAngles
***********************************************************
Working for plot_0122001_0123000.csv
Warning: the degree cloest to the inclination {81.800000} was used for the high altitude
Warning: the degree cloest to the inclination {81.800000} was used for the high altitude
Warning: the degree cloest to the inclination {81.800000} was used for the high altitude
Warning: the degree cloest to the inclination {81.800000} was used for the high altitude
File saved as plot_0122001_0123000_brdf.csv
***********************************************************
Working for plot_0322001_0323000.csv
File saved as plot_0322001_0323000_brdf.csv
***********************************************************
Working for plot_0522001_0523000.csv
File saved as plot_0522001_0523000_brdf.csv
***********************************************************
Working for plot_0722001_0723000.csv
File saved as plot_0722001_0723000_brdf.csv
***********************************************************
Working for plot_0922001_0923000.csv
File saved as plot_0922001_0923000_brdf.csv
