cn653
#######################################################
Working on appending ideal solar angles on the table
ci: 85
cn: 200
raw: /gpfs/sharedfs1/zhulab/Yang/GlobalGreeningData/LandsatData/Reflectance/
des: /gpfs/sharedfs1/zhulab/Kexin/ProjectGlobalResilience/LandsatData/
target: SurfaceReflectanceAngles
***********************************************************
Working for plot_0084001_0085000.csv
File saved as plot_0084001_0085000_brdf.csv
***********************************************************
Working for plot_0284001_0285000.csv
File saved as plot_0284001_0285000_brdf.csv
***********************************************************
Working for plot_0484001_0485000.csv
File saved as plot_0484001_0485000_brdf.csv
***********************************************************
Working for plot_0684001_0685000.csv
Warning: the degree cloest to the inclination {81.800000} was used for the high altitude
Warning: the degree cloest to the inclination {81.800000} was used for the high altitude
File saved as plot_0684001_0685000_brdf.csv
***********************************************************
Working for plot_0884001_0885000.csv
File saved as plot_0884001_0885000_brdf.csv
