cn652
#######################################################
Working on appending ideal solar angles on the table
ci: 118
cn: 200
raw: /gpfs/sharedfs1/zhulab/Yang/GlobalGreeningData/LandsatData/Reflectance/
des: /gpfs/sharedfs1/zhulab/Kexin/ProjectGlobalResilience/LandsatData/
target: SurfaceReflectanceAngles
***********************************************************
Working for plot_0117001_0118000.csv
File saved as plot_0117001_0118000_brdf.csv
***********************************************************
Working for plot_0317001_0318000.csv
File saved as plot_0317001_0318000_brdf.csv
***********************************************************
Working for plot_0517001_0518000.csv
File saved as plot_0517001_0518000_brdf.csv
***********************************************************
Working for plot_0717001_0718000.csv
File saved as plot_0717001_0718000_brdf.csv
***********************************************************
Working for plot_0917001_0918000.csv
File saved as plot_0917001_0918000_brdf.csv
