cn651
#######################################################
Working on appending ideal solar angles on the table
ci: 19
cn: 200
raw: /gpfs/sharedfs1/zhulab/Yang/GlobalGreeningData/LandsatData/Reflectance/
des: /gpfs/sharedfs1/zhulab/Kexin/ProjectGlobalResilience/LandsatData/
target: SurfaceReflectanceAngles
***********************************************************
Working for plot_0018001_0019000.csv
File saved as plot_0018001_0019000_brdf.csv
***********************************************************
Working for plot_0218001_0219000.csv
File saved as plot_0218001_0219000_brdf.csv
***********************************************************
Working for plot_0418001_0419000.csv
File saved as plot_0418001_0419000_brdf.csv
***********************************************************
Working for plot_0618001_0619000.csv
File saved as plot_0618001_0619000_brdf.csv
***********************************************************
Working for plot_0818001_0819000.csv
File saved as plot_0818001_0819000_brdf.csv
