cn656
#######################################################
Working on appending ideal solar angles on the table
ci: 133
cn: 200
raw: /gpfs/sharedfs1/zhulab/Yang/GlobalGreeningData/LandsatData/Reflectance/
des: /gpfs/sharedfs1/zhulab/Kexin/ProjectGlobalResilience/LandsatData/
target: SurfaceReflectanceAngles
***********************************************************
Working for plot_0132001_0133000.csv
File saved as plot_0132001_0133000_brdf.csv
***********************************************************
Working for plot_0332001_0333000.csv
File saved as plot_0332001_0333000_brdf.csv
***********************************************************
Working for plot_0532001_0533000.csv
File saved as plot_0532001_0533000_brdf.csv
***********************************************************
Working for plot_0732001_0733000.csv
Warning: the degree cloest to the inclination {81.800000} was used for the high altitude
File saved as plot_0732001_0733000_brdf.csv
***********************************************************
Working for plot_0932001_0933000.csv
Warning: the degree cloest to the inclination {81.800000} was used for the high altitude
Warning: the degree cloest to the inclination {81.800000} was used for the high altitude
Warning: the degree cloest to the inclination {81.800000} was used for the high altitude
Warning: the degree cloest to the inclination {81.800000} was used for the high altitude
Warning: the degree cloest to the inclination {81.800000} was used for the high altitude
Warning: the degree cloest to the inclination {81.800000} was used for the high altitude
File saved as plot_0932001_0933000_brdf.csv
