cn654
#######################################################
Working on appending ideal solar angles on the table
ci: 152
cn: 200
raw: /gpfs/sharedfs1/zhulab/Yang/GlobalGreeningData/LandsatData/Reflectance/
des: /gpfs/sharedfs1/zhulab/Kexin/ProjectGlobalResilience/LandsatData/
target: SurfaceReflectanceAngles
***********************************************************
Working for plot_0151001_0152000.csv
File saved as plot_0151001_0152000_brdf.csv
***********************************************************
Working for plot_0351001_0352000.csv
File saved as plot_0351001_0352000_brdf.csv
***********************************************************
Working for plot_0551001_0552000.csv
Warning: the degree cloest to the inclination {81.800000} was used for the high altitude
File saved as plot_0551001_0552000_brdf.csv
***********************************************************
Working for plot_0751001_0752000.csv
File saved as plot_0751001_0752000_brdf.csv
***********************************************************
Working for plot_0951001_0952000.csv
File saved as plot_0951001_0952000_brdf.csv
