cn662
#######################################################
Working on appending ideal solar angles on the table
ci: 189
cn: 200
raw: /gpfs/sharedfs1/zhulab/Yang/GlobalGreeningData/LandsatData/Reflectance/
des: /gpfs/sharedfs1/zhulab/Kexin/ProjectGlobalResilience/LandsatData/
target: SurfaceReflectanceAngles
***********************************************************
Working for plot_0188001_0189000.csv
File saved as plot_0188001_0189000_brdf.csv
***********************************************************
Working for plot_0388001_0389000.csv
File saved as plot_0388001_0389000_brdf.csv
***********************************************************
Working for plot_0588001_0589000.csv
File saved as plot_0588001_0589000_brdf.csv
***********************************************************
Working for plot_0788001_0789000.csv
File saved as plot_0788001_0789000_brdf.csv
***********************************************************
Working for plot_0988001_0989000.csv
File saved as plot_0988001_0989000_brdf.csv
