cn655
#######################################################
Working on appending ideal solar angles on the table
ci: 126
cn: 200
raw: /gpfs/sharedfs1/zhulab/Yang/GlobalGreeningData/LandsatData/Reflectance/
des: /gpfs/sharedfs1/zhulab/Kexin/ProjectGlobalResilience/LandsatData/
target: SurfaceReflectanceAngles
***********************************************************
Working for plot_0125001_0126000.csv
File saved as plot_0125001_0126000_brdf.csv
***********************************************************
Working for plot_0325001_0326000.csv
File saved as plot_0325001_0326000_brdf.csv
***********************************************************
Working for plot_0525001_0526000.csv
File saved as plot_0525001_0526000_brdf.csv
***********************************************************
Working for plot_0725001_0726000.csv
File saved as plot_0725001_0726000_brdf.csv
***********************************************************
Working for plot_0925001_0926000.csv
Warning: the degree cloest to the inclination {81.800000} was used for the high altitude
File saved as plot_0925001_0926000_brdf.csv
