cn652
#######################################################
Working on appending ideal solar angles on the table
ci: 102
cn: 200
raw: /gpfs/sharedfs1/zhulab/Yang/GlobalGreeningData/LandsatData/Reflectance/
des: /gpfs/sharedfs1/zhulab/Kexin/ProjectGlobalResilience/LandsatData/
target: SurfaceReflectanceAngles
***********************************************************
Working for plot_0101001_0102000.csv
File saved as plot_0101001_0102000_brdf.csv
***********************************************************
Working for plot_0301001_0302000.csv
Warning: the degree cloest to the inclination {81.800000} was used for the high altitude
Warning: the degree cloest to the inclination {81.800000} was used for the high altitude
Warning: the degree cloest to the inclination {81.800000} was used for the high altitude
Warning: the degree cloest to the inclination {81.800000} was used for the high altitude
Warning: the degree cloest to the inclination {81.800000} was used for the high altitude
Warning: the degree cloest to the inclination {81.800000} was used for the high altitude
Warning: the degree cloest to the inclination {81.800000} was used for the high altitude
Warning: the degree cloest to the inclination {81.800000} was used for the high altitude
Warning: the degree cloest to the inclination {81.800000} was used for the high altitude
Warning: the degree cloest to the inclination {81.800000} was used for the high altitude
Warning: the degree cloest to the inclination {81.800000} was used for the high altitude
Warning: the degree cloest to the inclination {81.800000} was used for the high altitude
Warning: the degree cloest to the inclination {81.800000} was used for the high altitude
Warning: the degree cloest to the inclination {81.800000} was used for the high altitude
Warning: the degree cloest to the inclination {81.800000} was used for the high altitude
Warning: the degree cloest to the inclination {81.800000} was used for the high altitude
Warning: the degree cloest to the inclination {81.800000} was used for the high altitude
Warning: the degree cloest to the inclination {81.800000} was used for the high altitude
Warning: the degree cloest to the inclination {81.800000} was used for the high altitude
Warning: the degree cloest to the inclination {81.800000} was used for the high altitude
Warning: the degree cloest to the inclination {81.800000} was used for the high altitude
Warning: the degree cloest to the inclination {81.800000} was used for the high altitude
Warning: the degree cloest to the inclination {81.800000} was used for the high altitude
Warning: the degree cloest to the inclination {81.800000} was used for the high altitude
Warning: the degree cloest to the inclination {81.800000} was used for the high altitude
Warning: the degree cloest to the inclination {81.800000} was used for the high altitude
Warning: the degree cloest to the inclination {81.800000} was used for the high altitude
Warning: the degree cloest to the inclination {81.800000} was used for the high altitude
Warning: the degree cloest to the inclination {81.800000} was used for the high altitude
Warning: the degree cloest to the inclination {81.800000} was used for the high altitude
Warning: the degree cloest to the inclination {81.800000} was used for the high altitude
Warning: the degree cloest to the inclination {81.800000} was used for the high altitude
Warning: the degree cloest to the inclination {81.800000} was used for the high altitude
Warning: the degree cloest to the inclination {81.800000} was used for the high altitude
Warning: the degree cloest to the inclination {81.800000} was used for the high altitude
Warning: the degree cloest to the inclination {81.800000} was used for the high altitude
Warning: the degree cloest to the inclination {81.800000} was used for the high altitude
Warning: the degree cloest to the inclination {81.800000} was used for the high altitude
Warning: the degree cloest to the inclination {81.800000} was used for the high altitude
Warning: the degree cloest to the inclination {81.800000} was used for the high altitude
Warning: the degree cloest to the inclination {81.800000} was used for the high altitude
Warning: the degree cloest to the inclination {81.800000} was used for the high altitude
Warning: the degree cloest to the inclination {81.800000} was used for the high altitude
Warning: the degree cloest to the inclination {81.800000} was used for the high altitude
Warning: the degree cloest to the inclination {81.800000} was used for the high altitude
Warning: the degree cloest to the inclination {81.800000} was used for the high altitude
Warning: the degree cloest to the inclination {81.800000} was used for the high altitude
File saved as plot_0301001_0302000_brdf.csv
***********************************************************
Working for plot_0501001_0502000.csv
Warning: the degree cloest to the inclination {81.800000} was used for the high altitude
Warning: the degree cloest to the inclination {81.800000} was used for the high altitude
Warning: the degree cloest to the inclination {81.800000} was used for the high altitude
Warning: the degree cloest to the inclination {81.800000} was used for the high altitude
Warning: the degree cloest to the inclination {81.800000} was used for the high altitude
Warning: the degree cloest to the inclination {81.800000} was used for the high altitude
Warning: the degree cloest to the inclination {81.800000} was used for the high altitude
Warning: the degree cloest to the inclination {81.800000} was used for the high altitude
Warning: the degree cloest to the inclination {81.800000} was used for the high altitude
Warning: the degree cloest to the inclination {81.800000} was used for the high altitude
Warning: the degree cloest to the inclination {81.800000} was used for the high altitude
Warning: the degree cloest to the inclination {81.800000} was used for the high altitude
Warning: the degree cloest to the inclination {81.800000} was used for the high altitude
Warning: the degree cloest to the inclination {81.800000} was used for the high altitude
Warning: the degree cloest to the inclination {81.800000} was used for the high altitude
Warning: the degree cloest to the inclination {81.800000} was used for the high altitude
Warning: the degree cloest to the inclination {81.800000} was used for the high altitude
Warning: the degree cloest to the inclination {81.800000} was used for the high altitude
Warning: the degree cloest to the inclination {81.800000} was used for the high altitude
Warning: the degree cloest to the inclination {81.800000} was used for the high altitude
Warning: the degree cloest to the inclination {81.800000} was used for the high altitude
Warning: the degree cloest to the inclination {81.800000} was used for the high altitude
Warning: the degree cloest to the inclination {81.800000} was used for the high altitude
Warning: the degree cloest to the inclination {81.800000} was used for the high altitude
Warning: the degree cloest to the inclination {81.800000} was used for the high altitude
Warning: the degree cloest to the inclination {81.800000} was used for the high altitude
Warning: the degree cloest to the inclination {81.800000} was used for the high altitude
Warning: the degree cloest to the inclination {81.800000} was used for the high altitude
Warning: the degree cloest to the inclination {81.800000} was used for the high altitude
Warning: the degree cloest to the inclination {81.800000} was used for the high altitude
Warning: the degree cloest to the inclination {81.800000} was used for the high altitude
Warning: the degree cloest to the inclination {81.800000} was used for the high altitude
Warning: the degree cloest to the inclination {81.800000} was used for the high altitude
Warning: the degree cloest to the inclination {81.800000} was used for the high altitude
Warning: the degree cloest to the inclination {81.800000} was used for the high altitude
Warning: the degree cloest to the inclination {81.800000} was used for the high altitude
Warning: the degree cloest to the inclination {81.800000} was used for the high altitude
Warning: the degree cloest to the inclination {81.800000} was used for the high altitude
Warning: the degree cloest to the inclination {81.800000} was used for the high altitude
Warning: the degree cloest to the inclination {81.800000} was used for the high altitude
Warning: the degree cloest to the inclination {81.800000} was used for the high altitude
Warning: the degree cloest to the inclination {81.800000} was used for the high altitude
Warning: the degree cloest to the inclination {81.800000} was used for the high altitude
Warning: the degree cloest to the inclination {81.800000} was used for the high altitude
Warning: the degree cloest to the inclination {81.800000} was used for the high altitude
Warning: the degree cloest to the inclination {81.800000} was used for the high altitude
Warning: the degree cloest to the inclination {81.800000} was used for the high altitude
Warning: the degree cloest to the inclination {81.800000} was used for the high altitude
Warning: the degree cloest to the inclination {81.800000} was used for the high altitude
Warning: the degree cloest to the inclination {81.800000} was used for the high altitude
Warning: the degree cloest to the inclination {81.800000} was used for the high altitude
Warning: the degree cloest to the inclination {81.800000} was used for the high altitude
Warning: the degree cloest to the inclination {81.800000} was used for the high altitude
Warning: the degree cloest to the inclination {81.800000} was used for the high altitude
Warning: the degree cloest to the inclination {81.800000} was used for the high altitude
Warning: the degree cloest to the inclination {81.800000} was used for the high altitude
Warning: the degree cloest to the inclination {81.800000} was used for the high altitude
Warning: the degree cloest to the inclination {81.800000} was used for the high altitude
Warning: the degree cloest to the inclination {81.800000} was used for the high altitude
Warning: the degree cloest to the inclination {81.800000} was used for the high altitude
Warning: the degree cloest to the inclination {81.800000} was used for the high altitude
Warning: the degree cloest to the inclination {81.800000} was used for the high altitude
Warning: the degree cloest to the inclination {81.800000} was used for the high altitude
Warning: the degree cloest to the inclination {81.800000} was used for the high altitude
Warning: the degree cloest to the inclination {81.800000} was used for the high altitude
Warning: the degree cloest to the inclination {81.800000} was used for the high altitude
Warning: the degree cloest to the inclination {81.800000} was used for the high altitude
Warning: the degree cloest to the inclination {81.800000} was used for the high altitude
File saved as plot_0501001_0502000_brdf.csv
***********************************************************
Working for plot_0701001_0702000.csv
Warning: the degree cloest to the inclination {81.800000} was used for the high altitude
Warning: the degree cloest to the inclination {81.800000} was used for the high altitude
Warning: the degree cloest to the inclination {81.800000} was used for the high altitude
Warning: the degree cloest to the inclination {81.800000} was used for the high altitude
Warning: the degree cloest to the inclination {81.800000} was used for the high altitude
Warning: the degree cloest to the inclination {81.800000} was used for the high altitude
Warning: the degree cloest to the inclination {81.800000} was used for the high altitude
File saved as plot_0701001_0702000_brdf.csv
***********************************************************
Working for plot_0901001_0902000.csv
File saved as plot_0901001_0902000_brdf.csv
