cn654
#######################################################
Working on appending ideal solar angles on the table
ci: 174
cn: 200
raw: /gpfs/sharedfs1/zhulab/Yang/GlobalGreeningData/LandsatData/Reflectance/
des: /gpfs/sharedfs1/zhulab/Kexin/ProjectGlobalResilience/LandsatData/
target: SurfaceReflectanceAngles
***********************************************************
Working for plot_0173001_0174000.csv
File saved as plot_0173001_0174000_brdf.csv
***********************************************************
Working for plot_0373001_0374000.csv
File saved as plot_0373001_0374000_brdf.csv
***********************************************************
Working for plot_0573001_0574000.csv
Warning: the degree cloest to the inclination {81.800000} was used for the high altitude
Warning: the degree cloest to the inclination {81.800000} was used for the high altitude
Warning: the degree cloest to the inclination {81.800000} was used for the high altitude
Warning: the degree cloest to the inclination {81.800000} was used for the high altitude
Warning: the degree cloest to the inclination {81.800000} was used for the high altitude
Warning: the degree cloest to the inclination {81.800000} was used for the high altitude
Warning: the degree cloest to the inclination {81.800000} was used for the high altitude
Warning: the degree cloest to the inclination {81.800000} was used for the high altitude
File saved as plot_0573001_0574000_brdf.csv
***********************************************************
Working for plot_0773001_0774000.csv
File saved as plot_0773001_0774000_brdf.csv
***********************************************************
Working for plot_0973001_0974000.csv
Warning: the degree cloest to the inclination {81.800000} was used for the high altitude
Warning: the degree cloest to the inclination {81.800000} was used for the high altitude
File saved as plot_0973001_0974000_brdf.csv
