cn653
#######################################################
Working on appending ideal solar angles on the table
ci: 92
cn: 200
raw: /gpfs/sharedfs1/zhulab/Yang/GlobalGreeningData/LandsatData/Reflectance/
des: /gpfs/sharedfs1/zhulab/Kexin/ProjectGlobalResilience/LandsatData/
target: SurfaceReflectanceAngles
***********************************************************
Working for plot_0091001_0092000.csv
File saved as plot_0091001_0092000_brdf.csv
***********************************************************
Working for plot_0291001_0292000.csv
File saved as plot_0291001_0292000_brdf.csv
***********************************************************
Working for plot_0491001_0492000.csv
File saved as plot_0491001_0492000_brdf.csv
***********************************************************
Working for plot_0691001_0692000.csv
File saved as plot_0691001_0692000_brdf.csv
***********************************************************
Working for plot_0891001_0892000.csv
File saved as plot_0891001_0892000_brdf.csv
