cn661
#######################################################
Working on appending ideal solar angles on the table
ci: 200
cn: 200
raw: /gpfs/sharedfs1/zhulab/Yang/GlobalGreeningData/LandsatData/Reflectance/
des: /gpfs/sharedfs1/zhulab/Kexin/ProjectGlobalResilience/LandsatData/
target: SurfaceReflectanceAngles
***********************************************************
Working for plot_0199001_0200000.csv
Warning: the degree cloest to the inclination {81.800000} was used for the high altitude
Warning: the degree cloest to the inclination {81.800000} was used for the high altitude
Warning: the degree cloest to the inclination {81.800000} was used for the high altitude
Warning: the degree cloest to the inclination {81.800000} was used for the high altitude
Warning: the degree cloest to the inclination {81.800000} was used for the high altitude
Warning: the degree cloest to the inclination {81.800000} was used for the high altitude
Warning: the degree cloest to the inclination {81.800000} was used for the high altitude
Warning: the degree cloest to the inclination {81.800000} was used for the high altitude
Warning: the degree cloest to the inclination {81.800000} was used for the high altitude
Warning: the degree cloest to the inclination {81.800000} was used for the high altitude
Warning: the degree cloest to the inclination {81.800000} was used for the high altitude
Warning: the degree cloest to the inclination {81.800000} was used for the high altitude
Warning: the degree cloest to the inclination {81.800000} was used for the high altitude
Warning: the degree cloest to the inclination {81.800000} was used for the high altitude
Warning: the degree cloest to the inclination {81.800000} was used for the high altitude
Warning: the degree cloest to the inclination {81.800000} was used for the high altitude
Warning: the degree cloest to the inclination {81.800000} was used for the high altitude
Warning: the degree cloest to the inclination {81.800000} was used for the high altitude
Warning: the degree cloest to the inclination {81.800000} was used for the high altitude
Warning: the degree cloest to the inclination {81.800000} was used for the high altitude
Warning: the degree cloest to the inclination {81.800000} was used for the high altitude
Warning: the degree cloest to the inclination {81.800000} was used for the high altitude
Warning: the degree cloest to the inclination {81.800000} was used for the high altitude
Warning: the degree cloest to the inclination {81.800000} was used for the high altitude
Warning: the degree cloest to the inclination {81.800000} was used for the high altitude
Warning: the degree cloest to the inclination {81.800000} was used for the high altitude
Warning: the degree cloest to the inclination {81.800000} was used for the high altitude
Warning: the degree cloest to the inclination {81.800000} was used for the high altitude
Warning: the degree cloest to the inclination {81.800000} was used for the high altitude
Warning: the degree cloest to the inclination {81.800000} was used for the high altitude
Warning: the degree cloest to the inclination {81.800000} was used for the high altitude
Warning: the degree cloest to the inclination {81.800000} was used for the high altitude
File saved as plot_0199001_0200000_brdf.csv
***********************************************************
Working for plot_0399001_0400000.csv
Warning: the degree cloest to the inclination {81.800000} was used for the high altitude
Warning: the degree cloest to the inclination {81.800000} was used for the high altitude
Warning: the degree cloest to the inclination {81.800000} was used for the high altitude
Warning: the degree cloest to the inclination {81.800000} was used for the high altitude
Warning: the degree cloest to the inclination {81.800000} was used for the high altitude
Warning: the degree cloest to the inclination {81.800000} was used for the high altitude
Warning: the degree cloest to the inclination {81.800000} was used for the high altitude
Warning: the degree cloest to the inclination {81.800000} was used for the high altitude
Warning: the degree cloest to the inclination {81.800000} was used for the high altitude
Warning: the degree cloest to the inclination {81.800000} was used for the high altitude
Warning: the degree cloest to the inclination {81.800000} was used for the high altitude
Warning: the degree cloest to the inclination {81.800000} was used for the high altitude
Warning: the degree cloest to the inclination {81.800000} was used for the high altitude
Warning: the degree cloest to the inclination {81.800000} was used for the high altitude
Warning: the degree cloest to the inclination {81.800000} was used for the high altitude
Warning: the degree cloest to the inclination {81.800000} was used for the high altitude
Warning: the degree cloest to the inclination {81.800000} was used for the high altitude
Warning: the degree cloest to the inclination {81.800000} was used for the high altitude
Warning: the degree cloest to the inclination {81.800000} was used for the high altitude
Warning: the degree cloest to the inclination {81.800000} was used for the high altitude
Warning: the degree cloest to the inclination {81.800000} was used for the high altitude
Warning: the degree cloest to the inclination {81.800000} was used for the high altitude
Warning: the degree cloest to the inclination {81.800000} was used for the high altitude
Warning: the degree cloest to the inclination {81.800000} was used for the high altitude
Warning: the degree cloest to the inclination {81.800000} was used for the high altitude
Warning: the degree cloest to the inclination {81.800000} was used for the high altitude
Warning: the degree cloest to the inclination {81.800000} was used for the high altitude
Warning: the degree cloest to the inclination {81.800000} was used for the high altitude
Warning: the degree cloest to the inclination {81.800000} was used for the high altitude
Warning: the degree cloest to the inclination {81.800000} was used for the high altitude
Warning: the degree cloest to the inclination {81.800000} was used for the high altitude
Warning: the degree cloest to the inclination {81.800000} was used for the high altitude
Warning: the degree cloest to the inclination {81.800000} was used for the high altitude
Warning: the degree cloest to the inclination {81.800000} was used for the high altitude
Warning: the degree cloest to the inclination {81.800000} was used for the high altitude
Warning: the degree cloest to the inclination {81.800000} was used for the high altitude
Warning: the degree cloest to the inclination {81.800000} was used for the high altitude
Warning: the degree cloest to the inclination {81.800000} was used for the high altitude
Warning: the degree cloest to the inclination {81.800000} was used for the high altitude
Warning: the degree cloest to the inclination {81.800000} was used for the high altitude
File saved as plot_0399001_0400000_brdf.csv
***********************************************************
Working for plot_0599001_0600000.csv
File saved as plot_0599001_0600000_brdf.csv
***********************************************************
Working for plot_0799001_0800000.csv
File saved as plot_0799001_0800000_brdf.csv
***********************************************************
Working for plot_0999001_1000000.csv
Warning: the degree cloest to the inclination {81.800000} was used for the high altitude
Warning: the degree cloest to the inclination {81.800000} was used for the high altitude
Warning: the degree cloest to the inclination {81.800000} was used for the high altitude
Warning: the degree cloest to the inclination {81.800000} was used for the high altitude
Warning: the degree cloest to the inclination {81.800000} was used for the high altitude
Warning: the degree cloest to the inclination {81.800000} was used for the high altitude
Warning: the degree cloest to the inclination {81.800000} was used for the high altitude
Warning: the degree cloest to the inclination {81.800000} was used for the high altitude
Warning: the degree cloest to the inclination {81.800000} was used for the high altitude
Warning: the degree cloest to the inclination {81.800000} was used for the high altitude
Warning: the degree cloest to the inclination {81.800000} was used for the high altitude
Warning: the degree cloest to the inclination {81.800000} was used for the high altitude
Warning: the degree cloest to the inclination {81.800000} was used for the high altitude
Warning: the degree cloest to the inclination {81.800000} was used for the high altitude
Warning: the degree cloest to the inclination {81.800000} was used for the high altitude
Warning: the degree cloest to the inclination {81.800000} was used for the high altitude
Warning: the degree cloest to the inclination {81.800000} was used for the high altitude
File saved as plot_0999001_1000000_brdf.csv
