cn653
#######################################################
Working on appending ideal solar angles on the table
ci: 89
cn: 200
raw: /gpfs/sharedfs1/zhulab/Yang/GlobalGreeningData/LandsatData/Reflectance/
des: /gpfs/sharedfs1/zhulab/Kexin/ProjectGlobalResilience/LandsatData/
target: SurfaceReflectanceAngles
***********************************************************
Working for plot_0088001_0089000.csv
Warning: the degree cloest to the inclination {81.800000} was used for the high altitude
Warning: the degree cloest to the inclination {81.800000} was used for the high altitude
File saved as plot_0088001_0089000_brdf.csv
***********************************************************
Working for plot_0288001_0289000.csv
File saved as plot_0288001_0289000_brdf.csv
***********************************************************
Working for plot_0488001_0489000.csv
File saved as plot_0488001_0489000_brdf.csv
***********************************************************
Working for plot_0688001_0689000.csv
File saved as plot_0688001_0689000_brdf.csv
***********************************************************
Working for plot_0888001_0889000.csv
File saved as plot_0888001_0889000_brdf.csv
