cn662
#######################################################
Working on appending ideal solar angles on the table
ci: 185
cn: 200
raw: /gpfs/sharedfs1/zhulab/Yang/GlobalGreeningData/LandsatData/Reflectance/
des: /gpfs/sharedfs1/zhulab/Kexin/ProjectGlobalResilience/LandsatData/
target: SurfaceReflectanceAngles
***********************************************************
Working for plot_0184001_0185000.csv
File saved as plot_0184001_0185000_brdf.csv
***********************************************************
Working for plot_0384001_0385000.csv
File saved as plot_0384001_0385000_brdf.csv
***********************************************************
Working for plot_0584001_0585000.csv
File saved as plot_0584001_0585000_brdf.csv
***********************************************************
Working for plot_0784001_0785000.csv
Warning: the degree cloest to the inclination {81.800000} was used for the high altitude
File saved as plot_0784001_0785000_brdf.csv
***********************************************************
Working for plot_0984001_0985000.csv
File saved as plot_0984001_0985000_brdf.csv
