cn654
#######################################################
Working on appending ideal solar angles on the table
ci: 169
cn: 200
raw: /gpfs/sharedfs1/zhulab/Yang/GlobalGreeningData/LandsatData/Reflectance/
des: /gpfs/sharedfs1/zhulab/Kexin/ProjectGlobalResilience/LandsatData/
target: SurfaceReflectanceAngles
***********************************************************
Working for plot_0168001_0169000.csv
File saved as plot_0168001_0169000_brdf.csv
***********************************************************
Working for plot_0368001_0369000.csv
File saved as plot_0368001_0369000_brdf.csv
***********************************************************
Working for plot_0568001_0569000.csv
File saved as plot_0568001_0569000_brdf.csv
***********************************************************
Working for plot_0768001_0769000.csv
Warning: the degree cloest to the inclination {81.800000} was used for the high altitude
Warning: the degree cloest to the inclination {81.800000} was used for the high altitude
Warning: the degree cloest to the inclination {81.800000} was used for the high altitude
Warning: the degree cloest to the inclination {81.800000} was used for the high altitude
Warning: the degree cloest to the inclination {81.800000} was used for the high altitude
Warning: the degree cloest to the inclination {81.800000} was used for the high altitude
Warning: the degree cloest to the inclination {81.800000} was used for the high altitude
Warning: the degree cloest to the inclination {81.800000} was used for the high altitude
Warning: the degree cloest to the inclination {81.800000} was used for the high altitude
Warning: the degree cloest to the inclination {81.800000} was used for the high altitude
File saved as plot_0768001_0769000_brdf.csv
***********************************************************
Working for plot_0968001_0969000.csv
File saved as plot_0968001_0969000_brdf.csv
