cn651
#######################################################
Working on appending ideal solar angles on the table
ci: 30
cn: 200
raw: /gpfs/sharedfs1/zhulab/Yang/GlobalGreeningData/LandsatData/Reflectance/
des: /gpfs/sharedfs1/zhulab/Kexin/ProjectGlobalResilience/LandsatData/
target: SurfaceReflectanceAngles
***********************************************************
Working for plot_0029001_0030000.csv
File saved as plot_0029001_0030000_brdf.csv
***********************************************************
Working for plot_0229001_0230000.csv
File saved as plot_0229001_0230000_brdf.csv
***********************************************************
Working for plot_0429001_0430000.csv
File saved as plot_0429001_0430000_brdf.csv
***********************************************************
Working for plot_0629001_0630000.csv
File saved as plot_0629001_0630000_brdf.csv
***********************************************************
Working for plot_0829001_0830000.csv
File saved as plot_0829001_0830000_brdf.csv
