cn654
#######################################################
Working on appending ideal solar angles on the table
ci: 176
cn: 200
raw: /gpfs/sharedfs1/zhulab/Yang/GlobalGreeningData/LandsatData/Reflectance/
des: /gpfs/sharedfs1/zhulab/Kexin/ProjectGlobalResilience/LandsatData/
target: SurfaceReflectanceAngles
***********************************************************
Working for plot_0175001_0176000.csv
File saved as plot_0175001_0176000_brdf.csv
***********************************************************
Working for plot_0375001_0376000.csv
File saved as plot_0375001_0376000_brdf.csv
***********************************************************
Working for plot_0575001_0576000.csv
File saved as plot_0575001_0576000_brdf.csv
***********************************************************
Working for plot_0775001_0776000.csv
File saved as plot_0775001_0776000_brdf.csv
***********************************************************
Working for plot_0975001_0976000.csv
File saved as plot_0975001_0976000_brdf.csv
