cn653
#######################################################
Working on appending ideal solar angles on the table
ci: 80
cn: 200
raw: /gpfs/sharedfs1/zhulab/Yang/GlobalGreeningData/LandsatData/Reflectance/
des: /gpfs/sharedfs1/zhulab/Kexin/ProjectGlobalResilience/LandsatData/
target: SurfaceReflectanceAngles
***********************************************************
Working for plot_0079001_0080000.csv
File saved as plot_0079001_0080000_brdf.csv
***********************************************************
Working for plot_0279001_0280000.csv
File saved as plot_0279001_0280000_brdf.csv
***********************************************************
Working for plot_0479001_0480000.csv
File saved as plot_0479001_0480000_brdf.csv
***********************************************************
Working for plot_0679001_0680000.csv
File saved as plot_0679001_0680000_brdf.csv
***********************************************************
Working for plot_0879001_0880000.csv
File saved as plot_0879001_0880000_brdf.csv
