cn652
#######################################################
Working on appending ideal solar angles on the table
ci: 101
cn: 200
raw: /gpfs/sharedfs1/zhulab/Yang/GlobalGreeningData/LandsatData/Reflectance/
des: /gpfs/sharedfs1/zhulab/Kexin/ProjectGlobalResilience/LandsatData/
target: SurfaceReflectanceAngles
***********************************************************
Working for plot_0100001_0101000.csv
Warning: the degree cloest to the inclination {81.800000} was used for the high altitude
Warning: the degree cloest to the inclination {81.800000} was used for the high altitude
Warning: the degree cloest to the inclination {81.800000} was used for the high altitude
Warning: the degree cloest to the inclination {81.800000} was used for the high altitude
Warning: the degree cloest to the inclination {81.800000} was used for the high altitude
Warning: the degree cloest to the inclination {81.800000} was used for the high altitude
Warning: the degree cloest to the inclination {81.800000} was used for the high altitude
Warning: the degree cloest to the inclination {81.800000} was used for the high altitude
Warning: the degree cloest to the inclination {81.800000} was used for the high altitude
Warning: the degree cloest to the inclination {81.800000} was used for the high altitude
Warning: the degree cloest to the inclination {81.800000} was used for the high altitude
Warning: the degree cloest to the inclination {81.800000} was used for the high altitude
Warning: the degree cloest to the inclination {81.800000} was used for the high altitude
Warning: the degree cloest to the inclination {81.800000} was used for the high altitude
Warning: the degree cloest to the inclination {81.800000} was used for the high altitude
Warning: the degree cloest to the inclination {81.800000} was used for the high altitude
Warning: the degree cloest to the inclination {81.800000} was used for the high altitude
Warning: the degree cloest to the inclination {81.800000} was used for the high altitude
Warning: the degree cloest to the inclination {81.800000} was used for the high altitude
Warning: the degree cloest to the inclination {81.800000} was used for the high altitude
Warning: the degree cloest to the inclination {81.800000} was used for the high altitude
Warning: the degree cloest to the inclination {81.800000} was used for the high altitude
Warning: the degree cloest to the inclination {81.800000} was used for the high altitude
Warning: the degree cloest to the inclination {81.800000} was used for the high altitude
Warning: the degree cloest to the inclination {81.800000} was used for the high altitude
Warning: the degree cloest to the inclination {81.800000} was used for the high altitude
Warning: the degree cloest to the inclination {81.800000} was used for the high altitude
Warning: the degree cloest to the inclination {81.800000} was used for the high altitude
Warning: the degree cloest to the inclination {81.800000} was used for the high altitude
Warning: the degree cloest to the inclination {81.800000} was used for the high altitude
Warning: the degree cloest to the inclination {81.800000} was used for the high altitude
Warning: the degree cloest to the inclination {81.800000} was used for the high altitude
Warning: the degree cloest to the inclination {81.800000} was used for the high altitude
Warning: the degree cloest to the inclination {81.800000} was used for the high altitude
Warning: the degree cloest to the inclination {81.800000} was used for the high altitude
Warning: the degree cloest to the inclination {81.800000} was used for the high altitude
Warning: the degree cloest to the inclination {81.800000} was used for the high altitude
Warning: the degree cloest to the inclination {81.800000} was used for the high altitude
Warning: the degree cloest to the inclination {81.800000} was used for the high altitude
Warning: the degree cloest to the inclination {81.800000} was used for the high altitude
Warning: the degree cloest to the inclination {81.800000} was used for the high altitude
Warning: the degree cloest to the inclination {81.800000} was used for the high altitude
Warning: the degree cloest to the inclination {81.800000} was used for the high altitude
Warning: the degree cloest to the inclination {81.800000} was used for the high altitude
Warning: the degree cloest to the inclination {81.800000} was used for the high altitude
Warning: the degree cloest to the inclination {81.800000} was used for the high altitude
Warning: the degree cloest to the inclination {81.800000} was used for the high altitude
File saved as plot_0100001_0101000_brdf.csv
***********************************************************
Working for plot_0300001_0301000.csv
File saved as plot_0300001_0301000_brdf.csv
***********************************************************
Working for plot_0500001_0501000.csv
Warning: the degree cloest to the inclination {81.800000} was used for the high altitude
Warning: the degree cloest to the inclination {81.800000} was used for the high altitude
Warning: the degree cloest to the inclination {81.800000} was used for the high altitude
Warning: the degree cloest to the inclination {81.800000} was used for the high altitude
Warning: the degree cloest to the inclination {81.800000} was used for the high altitude
Warning: the degree cloest to the inclination {81.800000} was used for the high altitude
Warning: the degree cloest to the inclination {81.800000} was used for the high altitude
Warning: the degree cloest to the inclination {81.800000} was used for the high altitude
Warning: the degree cloest to the inclination {81.800000} was used for the high altitude
Warning: the degree cloest to the inclination {81.800000} was used for the high altitude
Warning: the degree cloest to the inclination {81.800000} was used for the high altitude
Warning: the degree cloest to the inclination {81.800000} was used for the high altitude
Warning: the degree cloest to the inclination {81.800000} was used for the high altitude
Warning: the degree cloest to the inclination {81.800000} was used for the high altitude
Warning: the degree cloest to the inclination {81.800000} was used for the high altitude
Warning: the degree cloest to the inclination {81.800000} was used for the high altitude
Warning: the degree cloest to the inclination {81.800000} was used for the high altitude
Warning: the degree cloest to the inclination {81.800000} was used for the high altitude
Warning: the degree cloest to the inclination {81.800000} was used for the high altitude
Warning: the degree cloest to the inclination {81.800000} was used for the high altitude
Warning: the degree cloest to the inclination {81.800000} was used for the high altitude
Warning: the degree cloest to the inclination {81.800000} was used for the high altitude
Warning: the degree cloest to the inclination {81.800000} was used for the high altitude
Warning: the degree cloest to the inclination {81.800000} was used for the high altitude
Warning: the degree cloest to the inclination {81.800000} was used for the high altitude
Warning: the degree cloest to the inclination {81.800000} was used for the high altitude
Warning: the degree cloest to the inclination {81.800000} was used for the high altitude
Warning: the degree cloest to the inclination {81.800000} was used for the high altitude
Warning: the degree cloest to the inclination {81.800000} was used for the high altitude
Warning: the degree cloest to the inclination {81.800000} was used for the high altitude
Warning: the degree cloest to the inclination {81.800000} was used for the high altitude
Warning: the degree cloest to the inclination {81.800000} was used for the high altitude
Warning: the degree cloest to the inclination {81.800000} was used for the high altitude
Warning: the degree cloest to the inclination {81.800000} was used for the high altitude
Warning: the degree cloest to the inclination {81.800000} was used for the high altitude
File saved as plot_0500001_0501000_brdf.csv
***********************************************************
Working for plot_0700001_0701000.csv
Warning: the degree cloest to the inclination {81.800000} was used for the high altitude
Warning: the degree cloest to the inclination {81.800000} was used for the high altitude
Warning: the degree cloest to the inclination {81.800000} was used for the high altitude
File saved as plot_0700001_0701000_brdf.csv
***********************************************************
Working for plot_0900001_0901000.csv
File saved as plot_0900001_0901000_brdf.csv
