cn651
#######################################################
Working on appending ideal solar angles on the table
ci: 29
cn: 200
raw: /gpfs/sharedfs1/zhulab/Yang/GlobalGreeningData/LandsatData/Reflectance/
des: /gpfs/sharedfs1/zhulab/Kexin/ProjectGlobalResilience/LandsatData/
target: SurfaceReflectanceAngles
***********************************************************
Working for plot_0028001_0029000.csv
File saved as plot_0028001_0029000_brdf.csv
***********************************************************
Working for plot_0228001_0229000.csv
File saved as plot_0228001_0229000_brdf.csv
***********************************************************
Working for plot_0428001_0429000.csv
File saved as plot_0428001_0429000_brdf.csv
***********************************************************
Working for plot_0628001_0629000.csv
File saved as plot_0628001_0629000_brdf.csv
***********************************************************
Working for plot_0828001_0829000.csv
File saved as plot_0828001_0829000_brdf.csv
