cn653
#######################################################
Working on appending ideal solar angles on the table
ci: 95
cn: 200
raw: /gpfs/sharedfs1/zhulab/Yang/GlobalGreeningData/LandsatData/Reflectance/
des: /gpfs/sharedfs1/zhulab/Kexin/ProjectGlobalResilience/LandsatData/
target: SurfaceReflectanceAngles
***********************************************************
Working for plot_0094001_0095000.csv
File saved as plot_0094001_0095000_brdf.csv
***********************************************************
Working for plot_0294001_0295000.csv
File saved as plot_0294001_0295000_brdf.csv
***********************************************************
Working for plot_0494001_0495000.csv
File saved as plot_0494001_0495000_brdf.csv
***********************************************************
Working for plot_0694001_0695000.csv
File saved as plot_0694001_0695000_brdf.csv
***********************************************************
Working for plot_0894001_0895000.csv
File saved as plot_0894001_0895000_brdf.csv
