cn661
#######################################################
Working on appending ideal solar angles on the table
ci: 198
cn: 200
raw: /gpfs/sharedfs1/zhulab/Yang/GlobalGreeningData/LandsatData/Reflectance/
des: /gpfs/sharedfs1/zhulab/Kexin/ProjectGlobalResilience/LandsatData/
target: SurfaceReflectanceAngles
***********************************************************
Working for plot_0197001_0198000.csv
File saved as plot_0197001_0198000_brdf.csv
***********************************************************
Working for plot_0397001_0398000.csv
File saved as plot_0397001_0398000_brdf.csv
***********************************************************
Working for plot_0597001_0598000.csv
File saved as plot_0597001_0598000_brdf.csv
***********************************************************
Working for plot_0797001_0798000.csv
Warning: the degree cloest to the inclination {81.800000} was used for the high altitude
File saved as plot_0797001_0798000_brdf.csv
***********************************************************
Working for plot_0997001_0998000.csv
File saved as plot_0997001_0998000_brdf.csv
