cn648
#######################################################
Working on appending ideal solar angles on the table
ci: 5
cn: 200
raw: /gpfs/sharedfs1/zhulab/Yang/GlobalGreeningData/LandsatData/Reflectance/
des: /gpfs/sharedfs1/zhulab/Kexin/ProjectGlobalResilience/LandsatData/
target: SurfaceReflectanceAngles
***********************************************************
Working for plot_0004001_0005000.csv
Skip the file (data exist): /gpfs/sharedfs1/zhulab/Kexin/ProjectGlobalResilience/LandsatData/SurfaceReflectanceAnglesBRDF/plot_0004001_0005000_brdf.csv
***********************************************************
Working for plot_0204001_0205000.csv
Skip the file (data exist): /gpfs/sharedfs1/zhulab/Kexin/ProjectGlobalResilience/LandsatData/SurfaceReflectanceAnglesBRDF/plot_0204001_0205000_brdf.csv
***********************************************************
Working for plot_0404001_0405000.csv
Skip the file (data exist): /gpfs/sharedfs1/zhulab/Kexin/ProjectGlobalResilience/LandsatData/SurfaceReflectanceAnglesBRDF/plot_0404001_0405000_brdf.csv
***********************************************************
Working for plot_0604001_0605000.csv
Skip the file (data exist): /gpfs/sharedfs1/zhulab/Kexin/ProjectGlobalResilience/LandsatData/SurfaceReflectanceAnglesBRDF/plot_0604001_0605000_brdf.csv
***********************************************************
Working for plot_0804001_0805000.csv
Skip the file (data exist): /gpfs/sharedfs1/zhulab/Kexin/ProjectGlobalResilience/LandsatData/SurfaceReflectanceAnglesBRDF/plot_0804001_0805000_brdf.csv
