cn609
#######################################################
Working on appending ideal solar angles on the table
ci: 110
cn: 200
raw: /gpfs/sharedfs1/zhulab/Yang/GlobalGreeningData/LandsatData/Reflectance/
des: /gpfs/sharedfs1/zhulab/Kexin/ProjectGlobalResilience/LandsatData/
target: SurfaceReflectanceAngles
***********************************************************
Working for plot_0109001_0110000.csv
Skip the file (data exist): /gpfs/sharedfs1/zhulab/Kexin/ProjectGlobalResilience/LandsatData/SurfaceReflectanceAnglesBRDF/plot_0109001_0110000_brdf.csv
***********************************************************
Working for plot_0309001_0310000.csv
Skip the file (data exist): /gpfs/sharedfs1/zhulab/Kexin/ProjectGlobalResilience/LandsatData/SurfaceReflectanceAnglesBRDF/plot_0309001_0310000_brdf.csv
***********************************************************
Working for plot_0509001_0510000.csv
Skip the file (data exist): /gpfs/sharedfs1/zhulab/Kexin/ProjectGlobalResilience/LandsatData/SurfaceReflectanceAnglesBRDF/plot_0509001_0510000_brdf.csv
***********************************************************
Working for plot_0709001_0710000.csv
Skip the file (data exist): /gpfs/sharedfs1/zhulab/Kexin/ProjectGlobalResilience/LandsatData/SurfaceReflectanceAnglesBRDF/plot_0709001_0710000_brdf.csv
***********************************************************
Working for plot_0909001_0910000.csv
Skip the file (data exist): /gpfs/sharedfs1/zhulab/Kexin/ProjectGlobalResilience/LandsatData/SurfaceReflectanceAnglesBRDF/plot_0909001_0910000_brdf.csv
