cn609
#######################################################
Working on appending ideal solar angles on the table
ci: 108
cn: 200
raw: /gpfs/sharedfs1/zhulab/Yang/GlobalGreeningData/LandsatData/Reflectance/
des: /gpfs/sharedfs1/zhulab/Kexin/ProjectGlobalResilience/LandsatData/
target: SurfaceReflectanceAngles
***********************************************************
Working for plot_0107001_0108000.csv
Skip the file (data exist): /gpfs/sharedfs1/zhulab/Kexin/ProjectGlobalResilience/LandsatData/SurfaceReflectanceAnglesBRDF/plot_0107001_0108000_brdf.csv
***********************************************************
Working for plot_0307001_0308000.csv
Skip the file (data exist): /gpfs/sharedfs1/zhulab/Kexin/ProjectGlobalResilience/LandsatData/SurfaceReflectanceAnglesBRDF/plot_0307001_0308000_brdf.csv
***********************************************************
Working for plot_0507001_0508000.csv
Skip the file (data exist): /gpfs/sharedfs1/zhulab/Kexin/ProjectGlobalResilience/LandsatData/SurfaceReflectanceAnglesBRDF/plot_0507001_0508000_brdf.csv
***********************************************************
Working for plot_0707001_0708000.csv
Skip the file (data exist): /gpfs/sharedfs1/zhulab/Kexin/ProjectGlobalResilience/LandsatData/SurfaceReflectanceAnglesBRDF/plot_0707001_0708000_brdf.csv
***********************************************************
Working for plot_0907001_0908000.csv
Skip the file (data exist): /gpfs/sharedfs1/zhulab/Kexin/ProjectGlobalResilience/LandsatData/SurfaceReflectanceAnglesBRDF/plot_0907001_0908000_brdf.csv
