cn609
#######################################################
Working on appending ideal solar angles on the table
ci: 68
cn: 200
raw: /gpfs/sharedfs1/zhulab/Yang/GlobalGreeningData/LandsatData/Reflectance/
des: /gpfs/sharedfs1/zhulab/Kexin/ProjectGlobalResilience/LandsatData/
target: SurfaceReflectanceAngles
***********************************************************
Working for plot_0067001_0068000.csv
Skip the file (data exist): /gpfs/sharedfs1/zhulab/Kexin/ProjectGlobalResilience/LandsatData/SurfaceReflectanceAnglesBRDF/plot_0067001_0068000_brdf.csv
***********************************************************
Working for plot_0267001_0268000.csv
Skip the file (data exist): /gpfs/sharedfs1/zhulab/Kexin/ProjectGlobalResilience/LandsatData/SurfaceReflectanceAnglesBRDF/plot_0267001_0268000_brdf.csv
***********************************************************
Working for plot_0467001_0468000.csv
Skip the file (data exist): /gpfs/sharedfs1/zhulab/Kexin/ProjectGlobalResilience/LandsatData/SurfaceReflectanceAnglesBRDF/plot_0467001_0468000_brdf.csv
***********************************************************
Working for plot_0667001_0668000.csv
Skip the file (data exist): /gpfs/sharedfs1/zhulab/Kexin/ProjectGlobalResilience/LandsatData/SurfaceReflectanceAnglesBRDF/plot_0667001_0668000_brdf.csv
***********************************************************
Working for plot_0867001_0868000.csv
File saved as plot_0867001_0868000_brdf.csv
