cn648
#######################################################
Working on appending ideal solar angles on the table
ci: 165
cn: 200
raw: /gpfs/sharedfs1/zhulab/Yang/GlobalGreeningData/LandsatData/Reflectance/
des: /gpfs/sharedfs1/zhulab/Kexin/ProjectGlobalResilience/LandsatData/
target: SurfaceReflectanceAngles
***********************************************************
Working for plot_0164001_0165000.csv
Skip the file (data exist): /gpfs/sharedfs1/zhulab/Kexin/ProjectGlobalResilience/LandsatData/SurfaceReflectanceAnglesBRDF/plot_0164001_0165000_brdf.csv
***********************************************************
Working for plot_0364001_0365000.csv
Skip the file (data exist): /gpfs/sharedfs1/zhulab/Kexin/ProjectGlobalResilience/LandsatData/SurfaceReflectanceAnglesBRDF/plot_0364001_0365000_brdf.csv
***********************************************************
Working for plot_0564001_0565000.csv
Skip the file (data exist): /gpfs/sharedfs1/zhulab/Kexin/ProjectGlobalResilience/LandsatData/SurfaceReflectanceAnglesBRDF/plot_0564001_0565000_brdf.csv
***********************************************************
Working for plot_0764001_0765000.csv
Skip the file (data exist): /gpfs/sharedfs1/zhulab/Kexin/ProjectGlobalResilience/LandsatData/SurfaceReflectanceAnglesBRDF/plot_0764001_0765000_brdf.csv
***********************************************************
Working for plot_0964001_0965000.csv
Skip the file (data exist): /gpfs/sharedfs1/zhulab/Kexin/ProjectGlobalResilience/LandsatData/SurfaceReflectanceAnglesBRDF/plot_0964001_0965000_brdf.csv
