cn609
#######################################################
Working on appending ideal solar angles on the table
ci: 78
cn: 200
raw: /gpfs/sharedfs1/zhulab/Yang/GlobalGreeningData/LandsatData/Reflectance/
des: /gpfs/sharedfs1/zhulab/Kexin/ProjectGlobalResilience/LandsatData/
target: SurfaceReflectanceAngles
***********************************************************
Working for plot_0077001_0078000.csv
Skip the file (data exist): /gpfs/sharedfs1/zhulab/Kexin/ProjectGlobalResilience/LandsatData/SurfaceReflectanceAnglesBRDF/plot_0077001_0078000_brdf.csv
***********************************************************
Working for plot_0277001_0278000.csv
Skip the file (data exist): /gpfs/sharedfs1/zhulab/Kexin/ProjectGlobalResilience/LandsatData/SurfaceReflectanceAnglesBRDF/plot_0277001_0278000_brdf.csv
***********************************************************
Working for plot_0477001_0478000.csv
Skip the file (data exist): /gpfs/sharedfs1/zhulab/Kexin/ProjectGlobalResilience/LandsatData/SurfaceReflectanceAnglesBRDF/plot_0477001_0478000_brdf.csv
***********************************************************
Working for plot_0677001_0678000.csv
Skip the file (data exist): /gpfs/sharedfs1/zhulab/Kexin/ProjectGlobalResilience/LandsatData/SurfaceReflectanceAnglesBRDF/plot_0677001_0678000_brdf.csv
***********************************************************
Working for plot_0877001_0878000.csv
File saved as plot_0877001_0878000_brdf.csv
