cn611
#######################################################
Working on appending ideal solar angles on the table
ci: 86
cn: 200
raw: /gpfs/sharedfs1/zhulab/Yang/GlobalGreeningData/LandsatData/Reflectance/
des: /gpfs/sharedfs1/zhulab/Kexin/ProjectGlobalResilience/LandsatData/
target: SurfaceReflectanceAngles
***********************************************************
Working for plot_0085001_0086000.csv
Skip the file (data exist): /gpfs/sharedfs1/zhulab/Kexin/ProjectGlobalResilience/LandsatData/SurfaceReflectanceAnglesBRDF/plot_0085001_0086000_brdf.csv
***********************************************************
Working for plot_0285001_0286000.csv
Skip the file (data exist): /gpfs/sharedfs1/zhulab/Kexin/ProjectGlobalResilience/LandsatData/SurfaceReflectanceAnglesBRDF/plot_0285001_0286000_brdf.csv
***********************************************************
Working for plot_0485001_0486000.csv
Skip the file (data exist): /gpfs/sharedfs1/zhulab/Kexin/ProjectGlobalResilience/LandsatData/SurfaceReflectanceAnglesBRDF/plot_0485001_0486000_brdf.csv
***********************************************************
Working for plot_0685001_0686000.csv
Skip the file (data exist): /gpfs/sharedfs1/zhulab/Kexin/ProjectGlobalResilience/LandsatData/SurfaceReflectanceAnglesBRDF/plot_0685001_0686000_brdf.csv
***********************************************************
Working for plot_0885001_0886000.csv
Skip the file (data exist): /gpfs/sharedfs1/zhulab/Kexin/ProjectGlobalResilience/LandsatData/SurfaceReflectanceAnglesBRDF/plot_0885001_0886000_brdf.csv
