cn546
#######################################################
Working on appending ideal solar angles on the table
ci: 74
cn: 200
raw: /gpfs/sharedfs1/zhulab/Yang/GlobalGreeningData/LandsatData/Reflectance/
des: /gpfs/sharedfs1/zhulab/Kexin/ProjectGlobalResilience/LandsatData/
target: SurfaceReflectanceAngles
***********************************************************
Working for plot_0073001_0074000.csv
Skip the file (data exist): /gpfs/sharedfs1/zhulab/Kexin/ProjectGlobalResilience/LandsatData/SurfaceReflectanceAnglesBRDF/plot_0073001_0074000_brdf.csv
***********************************************************
Working for plot_0273001_0274000.csv
Skip the file (data exist): /gpfs/sharedfs1/zhulab/Kexin/ProjectGlobalResilience/LandsatData/SurfaceReflectanceAnglesBRDF/plot_0273001_0274000_brdf.csv
***********************************************************
Working for plot_0473001_0474000.csv
Skip the file (data exist): /gpfs/sharedfs1/zhulab/Kexin/ProjectGlobalResilience/LandsatData/SurfaceReflectanceAnglesBRDF/plot_0473001_0474000_brdf.csv
***********************************************************
Working for plot_0673001_0674000.csv
Skip the file (data exist): /gpfs/sharedfs1/zhulab/Kexin/ProjectGlobalResilience/LandsatData/SurfaceReflectanceAnglesBRDF/plot_0673001_0674000_brdf.csv
***********************************************************
Working for plot_0873001_0874000.csv
File saved as plot_0873001_0874000_brdf.csv
