cn524
#######################################################
Working on appending ideal solar angles on the table
ci: 66
cn: 200
raw: /gpfs/sharedfs1/zhulab/Yang/GlobalGreeningData/LandsatData/Reflectance/
des: /gpfs/sharedfs1/zhulab/Kexin/ProjectGlobalResilience/LandsatData/
target: SurfaceReflectanceAngles
***********************************************************
Working for plot_0065001_0066000.csv
Skip the file (data exist): /gpfs/sharedfs1/zhulab/Kexin/ProjectGlobalResilience/LandsatData/SurfaceReflectanceAnglesBRDF/plot_0065001_0066000_brdf.csv
***********************************************************
Working for plot_0265001_0266000.csv
Skip the file (data exist): /gpfs/sharedfs1/zhulab/Kexin/ProjectGlobalResilience/LandsatData/SurfaceReflectanceAnglesBRDF/plot_0265001_0266000_brdf.csv
***********************************************************
Working for plot_0465001_0466000.csv
Skip the file (data exist): /gpfs/sharedfs1/zhulab/Kexin/ProjectGlobalResilience/LandsatData/SurfaceReflectanceAnglesBRDF/plot_0465001_0466000_brdf.csv
***********************************************************
Working for plot_0665001_0666000.csv
Skip the file (data exist): /gpfs/sharedfs1/zhulab/Kexin/ProjectGlobalResilience/LandsatData/SurfaceReflectanceAnglesBRDF/plot_0665001_0666000_brdf.csv
***********************************************************
Working for plot_0865001_0866000.csv
File saved as plot_0865001_0866000_brdf.csv
