cn621
#######################################################
Working on appending ideal solar angles on the table
ci: 51
cn: 200
raw: /gpfs/sharedfs1/zhulab/Yang/GlobalGreeningData/LandsatData/Reflectance/
des: /gpfs/sharedfs1/zhulab/Kexin/ProjectGlobalResilience/LandsatData/
target: SurfaceReflectanceAngles
***********************************************************
Working for plot_0050001_0051000.csv
File saved as plot_0050001_0051000_brdf.csv
***********************************************************
Working for plot_0250001_0251000.csv
File saved as plot_0250001_0251000_brdf.csv
***********************************************************
Working for plot_0450001_0451000.csv
Warning: the degree cloest to the inclination {81.800000} was used for the high altitude
Warning: the degree cloest to the inclination {81.800000} was used for the high altitude
Warning: the degree cloest to the inclination {81.800000} was used for the high altitude
Warning: the degree cloest to the inclination {81.800000} was used for the high altitude
Warning: the degree cloest to the inclination {81.800000} was used for the high altitude
Warning: the degree cloest to the inclination {81.800000} was used for the high altitude
Warning: the degree cloest to the inclination {81.800000} was used for the high altitude
Warning: the degree cloest to the inclination {81.800000} was used for the high altitude
Warning: the degree cloest to the inclination {81.800000} was used for the high altitude
Warning: the degree cloest to the inclination {81.800000} was used for the high altitude
Warning: the degree cloest to the inclination {81.800000} was used for the high altitude
Warning: the degree cloest to the inclination {81.800000} was used for the high altitude
Warning: the degree cloest to the inclination {81.800000} was used for the high altitude
Warning: the degree cloest to the inclination {81.800000} was used for the high altitude
Warning: the degree cloest to the inclination {81.800000} was used for the high altitude
Warning: the degree cloest to the inclination {81.800000} was used for the high altitude
Warning: the degree cloest to the inclination {81.800000} was used for the high altitude
Warning: the degree cloest to the inclination {81.800000} was used for the high altitude
Warning: the degree cloest to the inclination {81.800000} was used for the high altitude
Warning: the degree cloest to the inclination {81.800000} was used for the high altitude
Warning: the degree cloest to the inclination {81.800000} was used for the high altitude
Warning: the degree cloest to the inclination {81.800000} was used for the high altitude
Warning: the degree cloest to the inclination {81.800000} was used for the high altitude
Warning: the degree cloest to the inclination {81.800000} was used for the high altitude
Warning: the degree cloest to the inclination {81.800000} was used for the high altitude
Warning: the degree cloest to the inclination {81.800000} was used for the high altitude
Warning: the degree cloest to the inclination {81.800000} was used for the high altitude
Warning: the degree cloest to the inclination {81.800000} was used for the high altitude
Warning: the degree cloest to the inclination {81.800000} was used for the high altitude
Warning: the degree cloest to the inclination {81.800000} was used for the high altitude
Warning: the degree cloest to the inclination {81.800000} was used for the high altitude
Warning: the degree cloest to the inclination {81.800000} was used for the high altitude
Warning: the degree cloest to the inclination {81.800000} was used for the high altitude
Warning: the degree cloest to the inclination {81.800000} was used for the high altitude
Warning: the degree cloest to the inclination {81.800000} was used for the high altitude
Warning: the degree cloest to the inclination {81.800000} was used for the high altitude
Warning: the degree cloest to the inclination {81.800000} was used for the high altitude
Warning: the degree cloest to the inclination {81.800000} was used for the high altitude
Warning: the degree cloest to the inclination {81.800000} was used for the high altitude
Warning: the degree cloest to the inclination {81.800000} was used for the high altitude
Warning: the degree cloest to the inclination {81.800000} was used for the high altitude
Warning: the degree cloest to the inclination {81.800000} was used for the high altitude
Warning: the degree cloest to the inclination {81.800000} was used for the high altitude
Warning: the degree cloest to the inclination {81.800000} was used for the high altitude
Warning: the degree cloest to the inclination {81.800000} was used for the high altitude
Warning: the degree cloest to the inclination {81.800000} was used for the high altitude
Warning: the degree cloest to the inclination {81.800000} was used for the high altitude
Warning: the degree cloest to the inclination {81.800000} was used for the high altitude
Warning: the degree cloest to the inclination {81.800000} was used for the high altitude
Warning: the degree cloest to the inclination {81.800000} was used for the high altitude
Warning: the degree cloest to the inclination {81.800000} was used for the high altitude
Warning: the degree cloest to the inclination {81.800000} was used for the high altitude
Warning: the degree cloest to the inclination {81.800000} was used for the high altitude
Warning: the degree cloest to the inclination {81.800000} was used for the high altitude
Warning: the degree cloest to the inclination {81.800000} was used for the high altitude
Warning: the degree cloest to the inclination {81.800000} was used for the high altitude
Warning: the degree cloest to the inclination {81.800000} was used for the high altitude
File saved as plot_0450001_0451000_brdf.csv
***********************************************************
Working for plot_0650001_0651000.csv
File saved as plot_0650001_0651000_brdf.csv
***********************************************************
Working for plot_0850001_0851000.csv
File saved as plot_0850001_0851000_brdf.csv
