cn524
#######################################################
Working on appending ideal solar angles on the table
ci: 65
cn: 200
raw: /gpfs/sharedfs1/zhulab/Yang/GlobalGreeningData/LandsatData/Reflectance/
des: /gpfs/sharedfs1/zhulab/Kexin/ProjectGlobalResilience/LandsatData/
target: SurfaceReflectanceAngles
***********************************************************
Working for plot_0064001_0065000.csv
Skip the file (data exist): /gpfs/sharedfs1/zhulab/Kexin/ProjectGlobalResilience/LandsatData/SurfaceReflectanceAnglesBRDF/plot_0064001_0065000_brdf.csv
***********************************************************
Working for plot_0264001_0265000.csv
Skip the file (data exist): /gpfs/sharedfs1/zhulab/Kexin/ProjectGlobalResilience/LandsatData/SurfaceReflectanceAnglesBRDF/plot_0264001_0265000_brdf.csv
***********************************************************
Working for plot_0464001_0465000.csv
Skip the file (data exist): /gpfs/sharedfs1/zhulab/Kexin/ProjectGlobalResilience/LandsatData/SurfaceReflectanceAnglesBRDF/plot_0464001_0465000_brdf.csv
***********************************************************
Working for plot_0664001_0665000.csv
Skip the file (data exist): /gpfs/sharedfs1/zhulab/Kexin/ProjectGlobalResilience/LandsatData/SurfaceReflectanceAnglesBRDF/plot_0664001_0665000_brdf.csv
***********************************************************
Working for plot_0864001_0865000.csv
File saved as plot_0864001_0865000_brdf.csv
