cn609
#######################################################
Working on appending ideal solar angles on the table
ci: 69
cn: 200
raw: /gpfs/sharedfs1/zhulab/Yang/GlobalGreeningData/LandsatData/Reflectance/
des: /gpfs/sharedfs1/zhulab/Kexin/ProjectGlobalResilience/LandsatData/
target: SurfaceReflectanceAngles
***********************************************************
Working for plot_0068001_0069000.csv
Skip the file (data exist): /gpfs/sharedfs1/zhulab/Kexin/ProjectGlobalResilience/LandsatData/SurfaceReflectanceAnglesBRDF/plot_0068001_0069000_brdf.csv
***********************************************************
Working for plot_0268001_0269000.csv
Skip the file (data exist): /gpfs/sharedfs1/zhulab/Kexin/ProjectGlobalResilience/LandsatData/SurfaceReflectanceAnglesBRDF/plot_0268001_0269000_brdf.csv
***********************************************************
Working for plot_0468001_0469000.csv
Skip the file (data exist): /gpfs/sharedfs1/zhulab/Kexin/ProjectGlobalResilience/LandsatData/SurfaceReflectanceAnglesBRDF/plot_0468001_0469000_brdf.csv
***********************************************************
Working for plot_0668001_0669000.csv
Skip the file (data exist): /gpfs/sharedfs1/zhulab/Kexin/ProjectGlobalResilience/LandsatData/SurfaceReflectanceAnglesBRDF/plot_0668001_0669000_brdf.csv
***********************************************************
Working for plot_0868001_0869000.csv
File saved as plot_0868001_0869000_brdf.csv
