cn546
#######################################################
Working on appending ideal solar angles on the table
ci: 75
cn: 200
raw: /gpfs/sharedfs1/zhulab/Yang/GlobalGreeningData/LandsatData/Reflectance/
des: /gpfs/sharedfs1/zhulab/Kexin/ProjectGlobalResilience/LandsatData/
target: SurfaceReflectanceAngles
***********************************************************
Working for plot_0074001_0075000.csv
Skip the file (data exist): /gpfs/sharedfs1/zhulab/Kexin/ProjectGlobalResilience/LandsatData/SurfaceReflectanceAnglesBRDF/plot_0074001_0075000_brdf.csv
***********************************************************
Working for plot_0274001_0275000.csv
Skip the file (data exist): /gpfs/sharedfs1/zhulab/Kexin/ProjectGlobalResilience/LandsatData/SurfaceReflectanceAnglesBRDF/plot_0274001_0275000_brdf.csv
***********************************************************
Working for plot_0474001_0475000.csv
Skip the file (data exist): /gpfs/sharedfs1/zhulab/Kexin/ProjectGlobalResilience/LandsatData/SurfaceReflectanceAnglesBRDF/plot_0474001_0475000_brdf.csv
***********************************************************
Working for plot_0674001_0675000.csv
Skip the file (data exist): /gpfs/sharedfs1/zhulab/Kexin/ProjectGlobalResilience/LandsatData/SurfaceReflectanceAnglesBRDF/plot_0674001_0675000_brdf.csv
***********************************************************
Working for plot_0874001_0875000.csv
File saved as plot_0874001_0875000_brdf.csv
